BL51 BANKED LINKER/LOCATER V6.22                                                        06/24/2019  15:39:54  PAGE 1


BL51 BANKED LINKER/LOCATER V6.22, INVOKED BY:
C:\KEIL\C51\BIN\BL51.EXE ex18.obj TO Ultrasonic RAMSIZE (256)


MEMORY MODEL: SMALL WITH FLOATING POINT ARITHMETIC


INPUT MODULES INCLUDED:
  ex18.obj (EX18)
  C:\KEIL\C51\LIB\C51FPS.LIB (?C?FPMUL)
  C:\KEIL\C51\LIB\C51FPS.LIB (?C?FCAST)
  C:\KEIL\C51\LIB\C51FPS.LIB (?C?CASTF)
  C:\KEIL\C51\LIB\C51FPS.LIB (?C?FPGETOPN)
  C:\KEIL\C51\LIB\C51S.LIB (?C_STARTUP)
  C:\KEIL\C51\LIB\C51S.LIB (?C?UIDIV)
  C:\KEIL\C51\LIB\C51S.LIB (?C?LNEG)
  C:\KEIL\C51\LIB\C51S.LIB (?C_INIT)


LINK MAP OF MODULE:  Ultrasonic (EX18)


            TYPE    BASE      LENGTH    RELOCATION   SEGMENT NAME
            -----------------------------------------------------

            * * * * * * *   D A T A   M E M O R Y   * * * * * * *
            REG     0000H     0008H     ABSOLUTE     "REG BANK 0"
            DATA    0008H     000BH     UNIT         ?DT?EX18
            DATA    0013H     0004H     UNIT         _DATA_GROUP_
                    0017H     0009H                  *** GAP ***
            BIT     0020H.0   0000H.1   UNIT         ?BI?EX18
                    0020H.1   0000H.7                *** GAP ***
            IDATA   0021H     0001H     UNIT         ?STACK

            * * * * * * *   C O D E   M E M O R Y   * * * * * * *
            CODE    0000H     0003H     ABSOLUTE     
                    0003H     0008H                  *** GAP ***
            CODE    000BH     0003H     ABSOLUTE     
            CODE    000EH     0228H     UNIT         ?C?LIB_CODE
            CODE    0236H     01F0H     UNIT         ?PR?SEND_WAVE?EX18
            CODE    0426H     00A0H     UNIT         ?PR?MAIN?EX18
            CODE    04C6H     008CH     UNIT         ?C_C51STARTUP
            CODE    0552H     0055H     UNIT         ?PR?ISR_TIMER_0?EX18
            CODE    05A7H     0035H     UNIT         ?PR?DISPLAY?EX18
            CODE    05DCH     0012H     UNIT         ?C_INITSEG
            CODE    05EEH     000BH     UNIT         ?CO?EX18



OVERLAY MAP OF MODULE:   Ultrasonic (EX18)


SEGMENT                          DATA_GROUP 
  +--> CALLED SEGMENT          START    LENGTH
----------------------------------------------
?PR?ISR_TIMER_0?EX18           -----    -----
  +--> ?PR?DISPLAY?EX18

BL51 BANKED LINKER/LOCATER V6.22                                                      06/24/2019  15:39:54  PAGE 2


?PR?DISPLAY?EX18               -----    -----
  +--> ?CO?EX18

*** NEW ROOT ***************************************************

?C_C51STARTUP                  -----    -----
  +--> ?PR?MAIN?EX18
  +--> ?C_INITSEG

?PR?MAIN?EX18                  0013H    0004H
  +--> ?PR?SEND_WAVE?EX18



SYMBOL TABLE OF MODULE:  Ultrasonic (EX18)

  VALUE           TYPE          NAME
  ----------------------------------

  -------         MODULE        EX18
  C:0000H         SYMBOL        _ICE_DUMMY_
  D:0090H         PUBLIC        P1
  D:00B0H         PUBLIC        P3
  B:00A8H.7       PUBLIC        EA
  D:000BH         PUBLIC        dspbuf
  D:00A8H         PUBLIC        IE
  D:00B8H         PUBLIC        IP
  C:0426H         PUBLIC        main
  B:0090H.1       PUBLIC        RX
  B:0090H.0       PUBLIC        TX
  D:0098H         PUBLIC        SCON
  D:0089H         PUBLIC        TMOD
  D:0088H         PUBLIC        TCON
  C:05EEH         PUBLIC        tab
  C:0236H         PUBLIC        send_wave
  B:00A8H.1       PUBLIC        ET0
  B:0088H.7       PUBLIC        TF1
  D:008CH         PUBLIC        TH0
  D:008DH         PUBLIC        TH1
  D:008AH         PUBLIC        TL0
  D:008BH         PUBLIC        TL1
  B:0088H.4       PUBLIC        TR0
  B:0088H.6       PUBLIC        TR1
  C:0552H         PUBLIC        isr_timer_0
  D:00C8H         PUBLIC        T2CON
  B:0020H.0       PUBLIC        s_flag
  C:05A7H         PUBLIC        display
  D:00D0H         PUBLIC        PSW
  -------         PROC          MAIN
  -------         DO            
  D:0013H         SYMBOL        distance
  D:0015H         SYMBOL        time
  -------         ENDDO         
  C:0426H         LINE#         32
  C:0426H         LINE#         33
  C:0426H         LINE#         35
  C:042BH         LINE#         36
BL51 BANKED LINKER/LOCATER V6.22                                                      06/24/2019  15:39:54  PAGE 3


  C:042EH         LINE#         37
  C:0431H         LINE#         38
  C:0434H         LINE#         39
  C:0436H         LINE#         40
  C:0438H         LINE#         42
  C:043AH         LINE#         43
  C:043CH         LINE#         44
  C:043EH         LINE#         47
  C:043EH         LINE#         48
  C:043EH         LINE#         50
  C:0441H         LINE#         51
  C:0441H         LINE#         52
  C:0443H         LINE#         55
  C:0446H         LINE#         56
  C:0448H         LINE#         57
  C:044EH         LINE#         58
  C:0450H         LINE#         61
  C:0453H         LINE#         62
  C:0453H         LINE#         63
  C:0455H         LINE#         64
  C:045BH         LINE#         65
  C:045DH         LINE#         67
  C:045DH         LINE#         69
  C:0464H         LINE#         70
  C:046BH         LINE#         71
  C:0471H         LINE#         72
  C:048AH         LINE#         73
  C:048AH         LINE#         74
  C:048DH         LINE#         75
  C:048FH         LINE#         76
  C:048FH         LINE#         79
  C:049CH         LINE#         80
  C:04B6H         LINE#         81
  C:04C3H         LINE#         82
  -------         ENDPROC       MAIN
  -------         PROC          ISR_TIMER_0
  -------         DO            
  D:0008H         SYMBOL        intr
  -------         ENDDO         
  C:0552H         LINE#         86
  C:056FH         LINE#         89
  C:0572H         LINE#         90
  C:0575H         LINE#         92
  C:0578H         LINE#         94
  C:0586H         LINE#         95
  C:0586H         LINE#         96
  C:0588H         LINE#         97
  C:058CH         LINE#         98
  C:058CH         LINE#         99
  -------         ENDPROC       ISR_TIMER_0
  -------         PROC          DISPLAY
  -------         DO            
  D:000AH         SYMBOL        dspcom
  -------         ENDDO         
  C:05A7H         LINE#         102
  C:05A7H         LINE#         103
  C:05A7H         LINE#         105
BL51 BANKED LINKER/LOCATER V6.22                                                      06/24/2019  15:39:54  PAGE 4


  C:05ADH         LINE#         107
  C:05BEH         LINE#         108
  C:05CCH         LINE#         110
  C:05D1H         LINE#         112
  C:05D8H         LINE#         113
  C:05DBH         LINE#         114
  C:05DBH         LINE#         115
  -------         ENDPROC       DISPLAY
  -------         PROC          SEND_WAVE
  -------         DO            
  D:0007H         SYMBOL        i
  -------         ENDDO         
  C:0236H         LINE#         119
  C:0236H         LINE#         120
  C:0236H         LINE#         121
  C:0238H         LINE#         124
  C:0238H         LINE#         125
  C:023AH         LINE#         126
  C:02B2H         LINE#         127
  C:032AH         LINE#         128
  C:032CH         LINE#         129
  C:03A4H         LINE#         130
  C:041CH         LINE#         131
  C:041CH         LINE#         132
  C:0425H         LINE#         133
  -------         ENDPROC       SEND_WAVE
  -------         ENDMOD        EX18

  -------         MODULE        ?C?FPMUL
  C:000EH         PUBLIC        ?C?FPMUL
  -------         ENDMOD        ?C?FPMUL

  -------         MODULE        ?C?FCAST
  C:011EH         PUBLIC        ?C?FCASTC
  C:0119H         PUBLIC        ?C?FCASTI
  C:0114H         PUBLIC        ?C?FCASTL
  -------         ENDMOD        ?C?FCAST

  -------         MODULE        ?C?CASTF
  C:0152H         PUBLIC        ?C?CASTF
  -------         ENDMOD        ?C?CASTF

  -------         MODULE        ?C?UIDIV
  C:01D3H         PUBLIC        ?C?UIDIV
  -------         ENDMOD        ?C?UIDIV

  -------         MODULE        ?C?LNEG
  C:0228H         PUBLIC        ?C?LNEG
  -------         ENDMOD        ?C?LNEG

Program Size: data=24.1 xdata=0 code=1521
LINK/LOCATE RUN COMPLETE.  0 WARNING(S),  0 ERROR(S)
