BL51 BANKED LINKER/LOCATER V6.22                                                        11/15/2013  20:24:45  PAGE 1


BL51 BANKED LINKER/LOCATER V6.22, INVOKED BY:
D:\PROGRAM FILES\KEIL\C51\BIN\BL51.EXE .\output\STARTUP.obj, .\output\pcf8591.obj, .\output\main.obj TO .\output\pcf8591
>> _DA PRINT (.\list\pcf8591_DA.m51) RAMSIZE (256)


MEMORY MODEL: SMALL WITH FLOATING POINT ARITHMETIC


INPUT MODULES INCLUDED:
  .\output\STARTUP.obj (?C_STARTUP)
  .\output\pcf8591.obj (PCF8591)
  .\output\main.obj (MAIN)
  D:\PROGRAM FILES\KEIL\C51\LIB\C51FPS.LIB (?C?FPADD)
  D:\PROGRAM FILES\KEIL\C51\LIB\C51FPS.LIB (?C?FPMUL)
  D:\PROGRAM FILES\KEIL\C51\LIB\C51FPS.LIB (?C?FCAST)
  D:\PROGRAM FILES\KEIL\C51\LIB\C51FPS.LIB (?C?CASTF)
  D:\PROGRAM FILES\KEIL\C51\LIB\C51FPS.LIB (SIN)
  D:\PROGRAM FILES\KEIL\C51\LIB\C51FPS.LIB (?C?FPGETOPN)
  D:\PROGRAM FILES\KEIL\C51\LIB\C51FPS.LIB (?C?FPDIV)
  D:\PROGRAM FILES\KEIL\C51\LIB\C51FPS.LIB (?C?FPSERIES)
  D:\PROGRAM FILES\KEIL\C51\LIB\C51S.LIB (?C?LNEG)
  D:\PROGRAM FILES\KEIL\C51\LIB\C51S.LIB (?C?LLDCODE)
  D:\PROGRAM FILES\KEIL\C51\LIB\C51S.LIB (?C?LLDCODE0)


LINK MAP OF MODULE:  .\output\pcf8591_DA (?C_STARTUP)


            TYPE    BASE      LENGTH    RELOCATION   SEGMENT NAME
            -----------------------------------------------------

            * * * * * * *   D A T A   M E M O R Y   * * * * * * *
            REG     0000H     0008H     ABSOLUTE     "REG BANK 0"
            DATA    0008H     0005H     UNIT         _DATA_GROUP_
                    000DH     0013H                  *** GAP ***
            BIT     0020H.0   0000H.1   UNIT         _BIT_GROUP_
                    0020H.1   0000H.7                *** GAP ***
            IDATA   0021H     0080H     UNIT         ?ID?MAIN
            IDATA   00A1H     0001H     UNIT         ?STACK

            * * * * * * *   C O D E   M E M O R Y   * * * * * * *
            CODE    0000H     0003H     ABSOLUTE     
            CODE    0003H     03D8H     UNIT         ?C?LIB_CODE
            CODE    03DBH     016EH     UNIT         ?PR?SIN?SIN
            CODE    0549H     006DH     UNIT         ?PR?MAIN?MAIN
            CODE    05B6H     0023H     UNIT         ?PR?_IIC_SENDBYTE?PCF8591
            CODE    05D9H     001CH     UNIT         ?PR?IIC_WAITACK?PCF8591
            CODE    05F5H     0014H     UNIT         ?PR?IIC_START?PCF8591
            CODE    0609H     000DH     UNIT         ?PR?IIC_STOP?PCF8591
            CODE    0616H     000CH     UNIT         ?C_C51STARTUP



OVERLAY MAP OF MODULE:   .\output\pcf8591_DA (?C_STARTUP)


SEGMENT                              BIT_GROUP          DATA_GROUP 
  +--> CALLED SEGMENT             START    LENGTH     START    LENGTH
BL51 BANKED LINKER/LOCATER V6.22                                                      11/15/2013  20:24:45  PAGE 2


---------------------------------------------------------------------
?C_C51STARTUP                     -----    -----      -----    -----
  +--> ?PR?MAIN?MAIN

?PR?MAIN?MAIN                     -----    -----      0008H    0001H
  +--> ?PR?SIN?SIN
  +--> ?PR?IIC_START?PCF8591
  +--> ?PR?_IIC_SENDBYTE?PCF8591
  +--> ?PR?IIC_WAITACK?PCF8591

?PR?SIN?SIN                       0020H.0  0000H.1    0009H    0004H

?PR?IIC_WAITACK?PCF8591           -----    -----      -----    -----
  +--> ?PR?IIC_STOP?PCF8591



SYMBOL TABLE OF MODULE:  .\output\pcf8591_DA (?C_STARTUP)

  VALUE           TYPE          NAME
  ----------------------------------

  -------         MODULE        ?C_STARTUP
  C:0616H         SEGMENT       ?C_C51STARTUP
  I:00A1H         SEGMENT       ?STACK
  C:0000H         PUBLIC        ?C_STARTUP
  D:00E0H         SYMBOL        ACC
  D:00F0H         SYMBOL        B
  D:0083H         SYMBOL        DPH
  D:0082H         SYMBOL        DPL
  N:0000H         SYMBOL        IBPSTACK
  N:0100H         SYMBOL        IBPSTACKTOP
  N:0080H         SYMBOL        IDATALEN
  C:0619H         SYMBOL        IDATALOOP
  N:0000H         SYMBOL        PBPSTACK
  N:0100H         SYMBOL        PBPSTACKTOP
  N:0000H         SYMBOL        PDATALEN
  N:0000H         SYMBOL        PDATASTART
  N:0000H         SYMBOL        PPAGE
  N:0000H         SYMBOL        PPAGEENABLE
  D:00A0H         SYMBOL        PPAGE_SFR
  D:0081H         SYMBOL        SP
  C:0616H         SYMBOL        STARTUP1
  N:0000H         SYMBOL        XBPSTACK
  N:0000H         SYMBOL        XBPSTACKTOP
  N:0000H         SYMBOL        XDATALEN
  N:0000H         SYMBOL        XDATASTART
  C:0000H         LINE#         126
  C:0616H         LINE#         133
  C:0618H         LINE#         134
  C:0619H         LINE#         135
  C:061AH         LINE#         136
  C:061CH         LINE#         185
  C:061FH         LINE#         196
  -------         ENDMOD        ?C_STARTUP

  -------         MODULE        PCF8591
BL51 BANKED LINKER/LOCATER V6.22                                                      11/15/2013  20:24:45  PAGE 3


  C:0000H         SYMBOL        _ICE_DUMMY_
  C:05D9H         PUBLIC        iic_waitack
  D:0090H         PUBLIC        P1
  D:00A0H         PUBLIC        P2
  D:00B0H         PUBLIC        P3
  D:00A8H         PUBLIC        IE
  D:00B8H         PUBLIC        IP
  D:0098H         PUBLIC        SCON
  D:0088H         PUBLIC        TCON
  C:05F5H         PUBLIC        iic_start
  B:00A0H.1       PUBLIC        SDA
  C:0609H         PUBLIC        iic_stop
  B:00A0H.0       PUBLIC        SCL
  D:00C8H         PUBLIC        T2CON
  C:05B6H         PUBLIC        _iic_sendbyte
  D:00D0H         PUBLIC        PSW
  -------         PROC          IIC_START
  C:05F5H         LINE#         3
  C:05F5H         LINE#         4
  C:05F5H         LINE#         5
  C:05F7H         LINE#         6
  C:05F8H         LINE#         7
  C:05FAH         LINE#         8
  C:05FFH         LINE#         9
  C:0601H         LINE#         10
  C:0606H         LINE#         11
  C:0608H         LINE#         12
  -------         ENDPROC       IIC_START
  -------         PROC          IIC_STOP
  C:0609H         LINE#         14
  C:0609H         LINE#         15
  C:0609H         LINE#         16
  C:060BH         LINE#         17
  C:060CH         LINE#         18
  C:060EH         LINE#         19
  C:0613H         LINE#         20
  C:0615H         LINE#         21
  -------         ENDPROC       IIC_STOP
  -------         PROC          IIC_WAITACK
  C:05D9H         LINE#         23
  C:05D9H         LINE#         24
  C:05D9H         LINE#         25
  C:05DBH         LINE#         26
  C:05E0H         LINE#         27
  C:05E2H         LINE#         28
  C:05E7H         LINE#         29
  C:05EAH         LINE#         30
  C:05EAH         LINE#         31
  C:05ECH         LINE#         32
  C:05EFH         LINE#         33
  C:05F1H         LINE#         34
  C:05F1H         LINE#         36
  C:05F1H         LINE#         37
  C:05F3H         LINE#         38
  C:05F4H         LINE#         39
  C:05F4H         LINE#         40
  -------         ENDPROC       IIC_WAITACK
BL51 BANKED LINKER/LOCATER V6.22                                                      11/15/2013  20:24:45  PAGE 4


  -------         PROC          _IIC_SENDBYTE
  D:0007H         SYMBOL        byt
  -------         DO            
  D:0006H         SYMBOL        i
  -------         ENDDO         
  C:05B6H         LINE#         42
  C:05B6H         LINE#         43
  C:05B6H         LINE#         45
  C:05B8H         LINE#         46
  C:05B8H         LINE#         47
  C:05BCH         LINE#         48
  C:05C0H         LINE#         50
  C:05C2H         LINE#         51
  C:05C7H         LINE#         52
  C:05C9H         LINE#         53
  C:05CDH         LINE#         54
  C:05D2H         LINE#         55
  C:05D4H         LINE#         56
  C:05D8H         LINE#         57
  -------         ENDPROC       _IIC_SENDBYTE
  -------         ENDMOD        PCF8591

  -------         MODULE        MAIN
  C:0000H         SYMBOL        _ICE_DUMMY_
  D:0090H         PUBLIC        P1
  D:00A0H         PUBLIC        P2
  D:00B0H         PUBLIC        P3
  I:0021H         PUBLIC        table
  D:00A8H         PUBLIC        IE
  D:00B8H         PUBLIC        IP
  C:0549H         PUBLIC        main
  D:0098H         PUBLIC        SCON
  D:0088H         PUBLIC        TCON
  D:00C8H         PUBLIC        T2CON
  D:00D0H         PUBLIC        PSW
  -------         PROC          MAIN
  -------         DO            
  D:0008H         SYMBOL        i
  -------         ENDDO         
  C:0549H         LINE#         7
  C:0549H         LINE#         8
  C:0549H         LINE#         10
  C:054CH         LINE#         12
  C:054EH         LINE#         13
  C:054EH         LINE#         14
  C:057FH         LINE#         15
  C:0588H         LINE#         17
  C:058BH         LINE#         18
  C:0590H         LINE#         19
  C:0593H         LINE#         20
  C:0598H         LINE#         21
  C:059BH         LINE#         23
  C:059BH         LINE#         24
  C:059BH         LINE#         25
  C:059EH         LINE#         26
  C:059EH         LINE#         27
  C:05A8H         LINE#         28
BL51 BANKED LINKER/LOCATER V6.22                                                      11/15/2013  20:24:45  PAGE 5


  C:05ABH         LINE#         29
  -------         ENDPROC       MAIN
  -------         ENDMOD        MAIN

  -------         MODULE        ?C?FPADD
  C:000AH         PUBLIC        ?C?FPADD
  C:0006H         PUBLIC        ?C?FPSUB
  -------         ENDMOD        ?C?FPADD

  -------         MODULE        ?C?FPMUL
  C:00FBH         PUBLIC        ?C?FPMUL
  -------         ENDMOD        ?C?FPMUL

  -------         MODULE        ?C?FCAST
  C:020BH         PUBLIC        ?C?FCASTC
  C:0206H         PUBLIC        ?C?FCASTI
  C:0201H         PUBLIC        ?C?FCASTL
  -------         ENDMOD        ?C?FCAST

  -------         MODULE        ?C?CASTF
  C:023FH         PUBLIC        ?C?CASTF
  -------         ENDMOD        ?C?CASTF

  -------         MODULE        SIN
  C:0423H         PUBLIC        _COS
  C:0439H         PUBLIC        _SIN
  C:046BH         PUBLIC        _TAN
  -------         ENDMOD        SIN

  -------         MODULE        ?C?FPDIV
  C:02C3H         PUBLIC        ?C?FPDIV
  -------         ENDMOD        ?C?FPDIV

  -------         MODULE        ?C?LNEG
  C:03ADH         PUBLIC        ?C?LNEG
  -------         ENDMOD        ?C?LNEG

  -------         MODULE        ?C?LLDCODE
  C:03BBH         PUBLIC        ?C?LLDCODE
  -------         ENDMOD        ?C?LLDCODE

  -------         MODULE        ?C?LLDCODE0
  C:03CBH         PUBLIC        ?C?LLDCODE0
  -------         ENDMOD        ?C?LLDCODE0

Program Size: data=142.1 xdata=0 code=1570
LINK/LOCATE RUN COMPLETE.  0 WARNING(S),  0 ERROR(S)
