BL51 BANKED LINKER/LOCATER V6.22                                                        06/24/2019  14:58:21  PAGE 1


BL51 BANKED LINKER/LOCATER V6.22, INVOKED BY:
C:\KEIL\C51\BIN\BL51.EXE ex10.obj, i2c.obj TO ADC RAMSIZE (256)


MEMORY MODEL: SMALL


INPUT MODULES INCLUDED:
  ex10.obj (EX10)
  i2c.obj (I2C)
  C:\KEIL\C51\LIB\C51S.LIB (?C_STARTUP)
  C:\KEIL\C51\LIB\C51S.LIB (?C_INIT)


LINK MAP OF MODULE:  ADC (EX10)


            TYPE    BASE      LENGTH    RELOCATION   SEGMENT NAME
            -----------------------------------------------------

            * * * * * * *   D A T A   M E M O R Y   * * * * * * *
            REG     0000H     0008H     ABSOLUTE     "REG BANK 0"
            DATA    0008H     000AH     UNIT         ?DT?EX10
            DATA    0012H     0001H     UNIT         _DATA_GROUP_
                    0013H     000DH                  *** GAP ***
            BIT     0020H.0   0000H.1   UNIT         ?BI?EX10
                    0020H.1   0000H.7                *** GAP ***
            IDATA   0021H     0001H     UNIT         ?STACK

            * * * * * * *   C O D E   M E M O R Y   * * * * * * *
            CODE    0000H     0003H     ABSOLUTE     
            CODE    0003H     0007H     UNIT         ?PR?CLS_LED?EX10
                    000AH     0001H                  *** GAP ***
            CODE    000BH     0003H     ABSOLUTE     
            CODE    000EH     008CH     UNIT         ?C_C51STARTUP
            CODE    009AH     0063H     UNIT         ?PR?MAIN?EX10
            CODE    00FDH     0047H     UNIT         ?PR?ISR_TIMER_0?EX10
            CODE    0144H     0030H     UNIT         ?PR?DISPLAY?EX10
            CODE    0174H     0030H     UNIT         ?PR?_I2C_SENDBYTE?I2C
            CODE    01A4H     0021H     UNIT         ?PR?I2C_RECEIVEBYTE?I2C
            CODE    01C5H     001BH     UNIT         ?PR?ADC_PCF8591?I2C
            CODE    01E0H     0018H     UNIT         ?PR?_I2C_SENDACK?I2C
            CODE    01F8H     0015H     UNIT         ?PR?I2C_WAITACK?I2C
            CODE    020DH     0015H     UNIT         ?PR?INIT_PCF8591?I2C
            CODE    0222H     0012H     UNIT         ?PR?_OPERATE_DELAY?I2C
            CODE    0234H     000FH     UNIT         ?PR?I2C_START?I2C
            CODE    0243H     000EH     UNIT         ?C_INITSEG
            CODE    0251H     000CH     UNIT         ?PR?_I2C_DELAY?I2C
            CODE    025DH     000CH     UNIT         ?PR?I2C_STOP?I2C
            CODE    0269H     000BH     UNIT         ?CO?EX10
            CODE    0274H     0006H     UNIT         ?PR?CLS_BUZZ?EX10



OVERLAY MAP OF MODULE:   ADC (EX10)


SEGMENT                           DATA_GROUP 
BL51 BANKED LINKER/LOCATER V6.22                                                      06/24/2019  14:58:21  PAGE 2


  +--> CALLED SEGMENT           START    LENGTH
-----------------------------------------------
?PR?ISR_TIMER_0?EX10            -----    -----
  +--> ?PR?DISPLAY?EX10

?PR?DISPLAY?EX10                -----    -----
  +--> ?CO?EX10

*** NEW ROOT ***************************************************

?C_C51STARTUP                   -----    -----
  +--> ?PR?MAIN?EX10
  +--> ?C_INITSEG

?PR?MAIN?EX10                   0012H    0001H
  +--> ?PR?CLS_BUZZ?EX10
  +--> ?PR?CLS_LED?EX10
  +--> ?PR?INIT_PCF8591?I2C
  +--> ?PR?ADC_PCF8591?I2C

?PR?INIT_PCF8591?I2C            -----    -----
  +--> ?PR?I2C_START?I2C
  +--> ?PR?I2C_WAITACK?I2C
  +--> ?PR?I2C_STOP?I2C
  +--> ?PR?_OPERATE_DELAY?I2C

?PR?I2C_START?I2C               -----    -----
  +--> ?PR?_I2C_DELAY?I2C

?PR?I2C_WAITACK?I2C             -----    -----
  +--> ?PR?_I2C_SENDBYTE?I2C
  +--> ?PR?_I2C_DELAY?I2C

?PR?_I2C_SENDBYTE?I2C           -----    -----
  +--> ?PR?_I2C_DELAY?I2C

?PR?I2C_STOP?I2C                -----    -----
  +--> ?PR?_I2C_DELAY?I2C

?PR?ADC_PCF8591?I2C             -----    -----
  +--> ?PR?I2C_START?I2C
  +--> ?PR?_I2C_SENDBYTE?I2C
  +--> ?PR?I2C_WAITACK?I2C
  +--> ?PR?I2C_RECEIVEBYTE?I2C
  +--> ?PR?_I2C_SENDACK?I2C
  +--> ?PR?I2C_STOP?I2C

?PR?I2C_RECEIVEBYTE?I2C         -----    -----
  +--> ?PR?_I2C_DELAY?I2C

?PR?_I2C_SENDACK?I2C            -----    -----
  +--> ?PR?_I2C_DELAY?I2C



SYMBOL TABLE OF MODULE:  ADC (EX10)

BL51 BANKED LINKER/LOCATER V6.22                                                      06/24/2019  14:58:21  PAGE 3


  VALUE           TYPE          NAME
  ----------------------------------

  -------         MODULE        EX10
  C:0000H         SYMBOL        _ICE_DUMMY_
  D:0090H         PUBLIC        P1
  D:00B0H         PUBLIC        P3
  B:00A8H.7       PUBLIC        EA
  D:0008H         PUBLIC        dspbuf
  D:0010H         PUBLIC        dspcom
  D:00A8H         PUBLIC        IE
  D:00B8H         PUBLIC        IP
  B:0020H.0       PUBLIC        adc_flag
  C:009AH         PUBLIC        main
  D:0098H         PUBLIC        SCON
  D:0089H         PUBLIC        TMOD
  D:0088H         PUBLIC        TCON
  C:0269H         PUBLIC        tab
  D:0011H         PUBLIC        intr
  D:008EH         PUBLIC        AUXR
  B:00A8H.1       PUBLIC        ET0
  B:0088H.5       PUBLIC        TF0
  D:008CH         PUBLIC        TH0
  D:008AH         PUBLIC        TL0
  B:0088H.4       PUBLIC        TR0
  C:0003H         PUBLIC        cls_led
  C:00FDH         PUBLIC        isr_timer_0
  D:00C8H         PUBLIC        T2CON
  C:0274H         PUBLIC        cls_buzz
  C:0144H         PUBLIC        display
  D:00D0H         PUBLIC        PSW
  -------         PROC          CLS_BUZZ
  C:0274H         LINE#         29
  C:0274H         LINE#         30
  C:0274H         LINE#         31
  C:0279H         LINE#         32
  -------         ENDPROC       CLS_BUZZ
  -------         PROC          CLS_LED
  C:0003H         LINE#         33
  C:0003H         LINE#         34
  C:0003H         LINE#         35
  C:0009H         LINE#         36
  -------         ENDPROC       CLS_LED
  -------         PROC          MAIN
  -------         DO            
  D:0012H         SYMBOL        adc_value
  -------         ENDDO         
  C:009AH         LINE#         39
  C:009AH         LINE#         40
  C:009AH         LINE#         43
  C:00A0H         LINE#         44
  C:00A3H         LINE#         46
  C:00A6H         LINE#         47
  C:00A9H         LINE#         48
  C:00ACH         LINE#         49
  C:00AFH         LINE#         50
  C:00B1H         LINE#         51
BL51 BANKED LINKER/LOCATER V6.22                                                      06/24/2019  14:58:21  PAGE 4


  C:00B3H         LINE#         52
  C:00B5H         LINE#         53
  C:00B7H         LINE#         55
  C:00BAH         LINE#         57
  C:00BAH         LINE#         58
  C:00BAH         LINE#         59
  C:00BDH         LINE#         60
  C:00BDH         LINE#         61
  C:00BFH         LINE#         62
  C:00C4H         LINE#         64
  C:00D8H         LINE#         65
  C:00F2H         LINE#         66
  C:00FBH         LINE#         67
  C:00FBH         LINE#         68
  -------         ENDPROC       MAIN
  -------         PROC          ISR_TIMER_0
  C:00FDH         LINE#         72
  C:011AH         LINE#         74
  C:0121H         LINE#         75
  C:0121H         LINE#         76
  C:0124H         LINE#         77
  C:0126H         LINE#         78
  C:0126H         LINE#         79
  C:0129H         LINE#         80
  -------         ENDPROC       ISR_TIMER_0
  -------         PROC          DISPLAY
  C:0144H         LINE#         83
  C:0144H         LINE#         84
  C:0144H         LINE#         85
  C:014AH         LINE#         87
  C:015BH         LINE#         88
  C:0169H         LINE#         90
  C:0170H         LINE#         91
  C:0173H         LINE#         92
  C:0173H         LINE#         93
  -------         ENDPROC       DISPLAY
  -------         ENDMOD        EX10

  -------         MODULE        I2C
  C:0000H         SYMBOL        _ICE_DUMMY_
  C:01A4H         PUBLIC        i2c_receivebyte
  D:0090H         PUBLIC        P1
  D:00A0H         PUBLIC        P2
  D:00B0H         PUBLIC        P3
  B:00A8H.7       PUBLIC        EA
  D:00A8H         PUBLIC        IE
  C:0234H         PUBLIC        i2c_start
  D:00B8H         PUBLIC        IP
  C:01C5H         PUBLIC        adc_pcf8591
  C:025DH         PUBLIC        i2c_stop
  C:020DH         PUBLIC        init_pcf8591
  D:0098H         PUBLIC        SCON
  D:0088H         PUBLIC        TCON
  B:00A0H.1       PUBLIC        sda
  C:01E0H         PUBLIC        _i2c_sendack
  C:0174H         PUBLIC        _i2c_sendbyte
  B:00A0H.0       PUBLIC        scl
BL51 BANKED LINKER/LOCATER V6.22                                                      06/24/2019  14:58:21  PAGE 5


  C:01FBH         PUBLIC        i2c_waitack
  C:0222H         PUBLIC        _operate_delay
  D:00C8H         PUBLIC        T2CON
  C:0255H         PUBLIC        _i2c_delay
  D:00D0H         PUBLIC        PSW
  C:0251H         SYMBOL        L?0029
  -------         PROC          L?0028
  -------         ENDPROC       L?0028
  C:0251H         SYMBOL        L?0029
  -------         PROC          _I2C_DELAY
  D:0007H         SYMBOL        i
  C:0255H         LINE#         16
  C:0255H         LINE#         17
  C:0255H         LINE#         19
  C:0255H         LINE#         20
  C:0256H         LINE#         21
  C:0256H         LINE#         22
  C:025CH         LINE#         23
  -------         ENDPROC       _I2C_DELAY
  -------         PROC          I2C_START
  C:0234H         LINE#         32
  C:0234H         LINE#         33
  C:0234H         LINE#         34
  C:0236H         LINE#         35
  C:0236H         LINE#         36
  C:0239H         LINE#         37
  C:023BH         LINE#         38
  C:0240H         LINE#         39
  C:0242H         LINE#         40
  -------         ENDPROC       I2C_START
  -------         PROC          I2C_STOP
  C:025DH         LINE#         49
  C:025DH         LINE#         50
  C:025DH         LINE#         51
  C:025FH         LINE#         52
  C:025FH         LINE#         53
  C:0262H         LINE#         54
  C:0264H         LINE#         55
  -------         ENDPROC       I2C_STOP
  -------         PROC          _I2C_SENDBYTE
  D:0005H         SYMBOL        byt
  -------         DO            
  D:0004H         SYMBOL        i
  -------         ENDDO         
  C:0174H         LINE#         64
  C:0176H         LINE#         65
  C:0176H         LINE#         68
  C:0178H         LINE#         69
  C:017AH         LINE#         70
  C:017CH         LINE#         71
  C:0181H         LINE#         72
  C:0185H         LINE#         73
  C:0187H         LINE#         74
  C:0189H         LINE#         75
  C:0189H         LINE#         76
  C:018BH         LINE#         77
  C:018BH         LINE#         78
BL51 BANKED LINKER/LOCATER V6.22                                                      06/24/2019  14:58:21  PAGE 6


  C:0190H         LINE#         79
  C:0192H         LINE#         80
  C:0196H         LINE#         81
  C:019BH         LINE#         82
  C:019FH         LINE#         83
  C:01A1H         LINE#         85
  C:01A3H         LINE#         86
  -------         ENDPROC       _I2C_SENDBYTE
  -------         PROC          L?0030
  -------         ENDPROC       L?0030
  -------         PROC          I2C_WAITACK
  -------         DO            
  D:0005H         SYMBOL        ackbit
  -------         ENDDO         
  C:01FBH         LINE#         95
  C:01FBH         LINE#         96
  C:01FBH         LINE#         99
  C:01FBH         LINE#         100
  C:01FEH         LINE#         101
  C:0203H         LINE#         102
  C:0205H         LINE#         103
  C:020AH         LINE#         105
  C:020CH         LINE#         106
  -------         ENDPROC       I2C_WAITACK
  -------         PROC          I2C_RECEIVEBYTE
  -------         DO            
  D:0005H         SYMBOL        da
  D:0004H         SYMBOL        i
  -------         ENDDO         
  C:01A4H         LINE#         115
  C:01A4H         LINE#         116
  C:01A4H         LINE#         120
  C:01A6H         LINE#         121
  C:01A8H         LINE#         122
  C:01A8H         LINE#         123
  C:01ABH         LINE#         124
  C:01AFH         LINE#         125
  C:01B2H         LINE#         126
  C:01B5H         LINE#         127
  C:01B7H         LINE#         128
  C:01BCH         LINE#         129
  C:01C0H         LINE#         130
  C:01C2H         LINE#         132
  C:01C4H         LINE#         133
  -------         ENDPROC       I2C_RECEIVEBYTE
  -------         PROC          _I2C_SENDACK
  D:0007H         SYMBOL        ackbit
  C:01E0H         LINE#         141
  C:01E0H         LINE#         142
  C:01E0H         LINE#         143
  C:01E2H         LINE#         144
  C:01E7H         LINE#         145
  C:01ECH         LINE#         146
  C:01ECH         LINE#         147
  C:01EFH         LINE#         148
  C:01F1H         LINE#         149
  C:01F3H         LINE#         150
BL51 BANKED LINKER/LOCATER V6.22                                                      06/24/2019  14:58:21  PAGE 7


  -------         ENDPROC       _I2C_SENDACK
  -------         PROC          _OPERATE_DELAY
  D:0007H         SYMBOL        t
  -------         DO            
  D:0006H         SYMBOL        i
  -------         ENDDO         
  C:0222H         LINE#         159
  C:0222H         LINE#         160
  C:0222H         LINE#         163
  C:0228H         LINE#         164
  C:0233H         LINE#         165
  C:0233H         LINE#         166
  -------         ENDPROC       _OPERATE_DELAY
  -------         PROC          INIT_PCF8591
  C:020DH         LINE#         175
  C:020DH         LINE#         176
  C:020DH         LINE#         177
  C:0210H         LINE#         178
  C:0212H         LINE#         179
  C:0215H         LINE#         180
  C:0217H         LINE#         181
  C:021AH         LINE#         182
  C:021DH         LINE#         183
  -------         ENDPROC       INIT_PCF8591
  -------         PROC          ADC_PCF8591
  -------         DO            
  D:0005H         SYMBOL        temp
  -------         ENDDO         
  C:01C5H         LINE#         193
  C:01C5H         LINE#         194
  C:01C5H         LINE#         197
  C:01C8H         LINE#         198
  C:01CDH         LINE#         199
  C:01D0H         LINE#         200
  C:01D5H         LINE#         201
  C:01DAH         LINE#         202
  C:01DDH         LINE#         204
  C:01DFH         LINE#         205
  -------         ENDPROC       ADC_PCF8591
  -------         ENDMOD        I2C

Program Size: data=20.1 xdata=0 code=633
LINK/LOCATE RUN COMPLETE.  0 WARNING(S),  0 ERROR(S)
