BL51 BANKED LINKER/LOCATER V6.22                                                        09/25/2019  19:58:01  PAGE 1


BL51 BANKED LINKER/LOCATER V6.22, INVOKED BY:
D:\KEIL5ARM\C51\BIN\BL51.EXE .\output\STARTUP.obj, .\output\main.obj, .\output\24c02.obj TO .\output\AT24C02 PRINT (.\li
>> st\AT24C02.m51) RAMSIZE (256)


MEMORY MODEL: SMALL


INPUT MODULES INCLUDED:
  .\output\STARTUP.obj (?C_STARTUP)
  .\output\main.obj (MAIN)
  .\output\24c02.obj (24C02)


LINK MAP OF MODULE:  .\output\AT24C02 (?C_STARTUP)


            TYPE    BASE      LENGTH    RELOCATION   SEGMENT NAME
            -----------------------------------------------------

            * * * * * * *   D A T A   M E M O R Y   * * * * * * *
            REG     0000H     0008H     ABSOLUTE     "REG BANK 0"
            DATA    0008H     0003H     UNIT         ?DT?MAIN
                    000BH     0015H                  *** GAP ***
            BIT     0020H.0   0000H.1   UNIT         _BIT_GROUP_
                    0020H.1   0000H.7                *** GAP ***
            IDATA   0021H     0001H     UNIT         ?STACK

            * * * * * * *   C O D E   M E M O R Y   * * * * * * *
            CODE    0000H     0003H     ABSOLUTE     
                    0003H     0008H                  *** GAP ***
            CODE    000BH     0003H     ABSOLUTE     
            CODE    000EH     0094H     UNIT         ?PR?_DISPLAY?MAIN
            CODE    00A2H     0027H     UNIT         ?PR?IIC_WAITACK?24C02
            CODE    00C9H     0023H     UNIT         ?PR?_IIC_SENDBYTE?24C02
            CODE    00ECH     0021H     UNIT         ?PR?_RDBYTE_24C02?24C02
            CODE    010DH     001FH     UNIT         ?PR?IIC_ACK?24C02
            CODE    012CH     001FH     UNIT         ?PR?IIC_RECBYTE?24C02
            CODE    014BH     001DH     UNIT         ?PR?ISR_T0?MAIN
            CODE    0168H     001AH     UNIT         ?PR?MAIN?MAIN
            CODE    0182H     001AH     UNIT         ?PR?_WRBYTE_24C02?24C02
            CODE    019CH     0014H     UNIT         ?PR?IIC_START?24C02
            CODE    01B0H     0012H     UNIT         ?PR?_DELAY?24C02
            CODE    01C2H     0010H     UNIT         ?PR?INIT_T0?MAIN
            CODE    01D2H     000DH     UNIT         ?PR?IIC_STOP?24C02
            CODE    01DFH     000CH     UNIT         ?C_C51STARTUP
            CODE    01EBH     000AH     UNIT         ?CO?MAIN



OVERLAY MAP OF MODULE:   .\output\AT24C02 (?C_STARTUP)


SEGMENT                            BIT_GROUP 
  +--> CALLED SEGMENT           START    LENGTH
-----------------------------------------------
?C_C51STARTUP                   -----    -----
  +--> ?PR?MAIN?MAIN
BL51 BANKED LINKER/LOCATER V6.22                                                      09/25/2019  19:58:01  PAGE 2



?PR?MAIN?MAIN                   -----    -----
  +--> ?PR?_RDBYTE_24C02?24C02
  +--> ?PR?_WRBYTE_24C02?24C02
  +--> ?PR?INIT_T0?MAIN
  +--> ?PR?_DISPLAY?MAIN

?PR?_RDBYTE_24C02?24C02         -----    -----
  +--> ?PR?IIC_START?24C02
  +--> ?PR?IIC_WAITACK?24C02
  +--> ?PR?_IIC_SENDBYTE?24C02
  +--> ?PR?IIC_RECBYTE?24C02
  +--> ?PR?IIC_ACK?24C02
  +--> ?PR?IIC_STOP?24C02

?PR?IIC_WAITACK?24C02           -----    -----
  +--> ?PR?_IIC_SENDBYTE?24C02
  +--> ?PR?IIC_STOP?24C02

?PR?IIC_ACK?24C02               0020H.0  0000H.1

?PR?_WRBYTE_24C02?24C02         -----    -----
  +--> ?PR?IIC_START?24C02
  +--> ?PR?_IIC_SENDBYTE?24C02
  +--> ?PR?IIC_WAITACK?24C02
  +--> ?PR?IIC_STOP?24C02
  +--> ?PR?_DELAY?24C02

?PR?_DISPLAY?MAIN               -----    -----
  +--> ?CO?MAIN



SYMBOL TABLE OF MODULE:  .\output\AT24C02 (?C_STARTUP)

  VALUE           TYPE          NAME
  ----------------------------------

  -------         MODULE        ?C_STARTUP
  C:01DFH         SEGMENT       ?C_C51STARTUP
  I:0021H         SEGMENT       ?STACK
  C:0000H         PUBLIC        ?C_STARTUP
  D:00E0H         SYMBOL        ACC
  D:00F0H         SYMBOL        B
  D:0083H         SYMBOL        DPH
  D:0082H         SYMBOL        DPL
  N:0000H         SYMBOL        IBPSTACK
  N:0100H         SYMBOL        IBPSTACKTOP
  N:0080H         SYMBOL        IDATALEN
  C:01E2H         SYMBOL        IDATALOOP
  N:0000H         SYMBOL        PBPSTACK
  N:0100H         SYMBOL        PBPSTACKTOP
  N:0000H         SYMBOL        PDATALEN
  N:0000H         SYMBOL        PDATASTART
  N:0000H         SYMBOL        PPAGE
  N:0000H         SYMBOL        PPAGEENABLE
  D:00A0H         SYMBOL        PPAGE_SFR
BL51 BANKED LINKER/LOCATER V6.22                                                      09/25/2019  19:58:01  PAGE 3


  D:0081H         SYMBOL        SP
  C:01DFH         SYMBOL        STARTUP1
  N:0000H         SYMBOL        XBPSTACK
  N:0000H         SYMBOL        XBPSTACKTOP
  N:0000H         SYMBOL        XDATALEN
  N:0000H         SYMBOL        XDATASTART
  C:0000H         LINE#         126
  C:01DFH         LINE#         133
  C:01E1H         LINE#         134
  C:01E2H         LINE#         135
  C:01E3H         LINE#         136
  C:01E5H         LINE#         185
  C:01E8H         LINE#         196
  -------         ENDMOD        ?C_STARTUP

  -------         MODULE        MAIN
  C:0000H         SYMBOL        _ICE_DUMMY_
  D:0080H         PUBLIC        P0
  D:0090H         PUBLIC        P1
  D:00A0H         PUBLIC        P2
  D:00B0H         PUBLIC        P3
  D:00C0H         PUBLIC        P4
  D:00C8H         PUBLIC        P5
  B:00A8H.7       PUBLIC        EA
  D:00A8H         PUBLIC        IE
  D:0008H         PUBLIC        tflag
  D:00B8H         PUBLIC        IP
  D:00D8H         PUBLIC        CCON
  C:0168H         PUBLIC        main
  D:0098H         PUBLIC        SCON
  D:0089H         PUBLIC        TMOD
  D:0088H         PUBLIC        TCON
  C:01C2H         PUBLIC        init_t0
  D:0009H         PUBLIC        cnt
  B:00A8H.1       PUBLIC        ET0
  D:008CH         PUBLIC        TH0
  D:008AH         PUBLIC        TL0
  C:014BH         PUBLIC        isr_t0
  B:0088H.4       PUBLIC        TR0
  D:000AH         PUBLIC        dspflag
  C:01EBH         PUBLIC        dsp_code_ca
  C:000EH         PUBLIC        _display
  D:00D0H         PUBLIC        PSW
  -------         PROC          MAIN
  C:0168H         LINE#         12
  C:0168H         LINE#         13
  C:0168H         LINE#         15
  C:016FH         LINE#         16
  C:0178H         LINE#         18
  C:017BH         LINE#         19
  C:017BH         LINE#         20
  C:017BH         LINE#         21
  C:0180H         LINE#         22
  -------         ENDPROC       MAIN
  -------         PROC          ISR_T0
  C:014BH         LINE#         25
  C:014FH         LINE#         27
BL51 BANKED LINKER/LOCATER V6.22                                                      09/25/2019  19:58:01  PAGE 4


  C:0151H         LINE#         28
  C:0156H         LINE#         29
  C:0156H         LINE#         30
  C:0159H         LINE#         31
  C:015BH         LINE#         32
  C:0160H         LINE#         33
  C:0163H         LINE#         34
  C:0163H         LINE#         35
  -------         ENDPROC       ISR_T0
  -------         PROC          INIT_T0
  C:01C2H         LINE#         37
  C:01C2H         LINE#         38
  C:01C2H         LINE#         39
  C:01C5H         LINE#         40
  C:01C8H         LINE#         41
  C:01CBH         LINE#         42
  C:01CDH         LINE#         43
  C:01CFH         LINE#         44
  C:01D1H         LINE#         45
  -------         ENDPROC       INIT_T0
  -------         PROC          _DISPLAY
  D:0007H         SYMBOL        d
  C:000EH         LINE#         46
  C:000EH         LINE#         47
  C:000EH         LINE#         48
  C:0018H         LINE#         49
  C:0018H         LINE#         50
  C:001BH         LINE#         51
  C:001EH         LINE#         52
  C:0021H         LINE#         54
  C:002CH         LINE#         55
  C:002FH         LINE#         56
  C:0032H         LINE#         57
  C:0035H         LINE#         58
  C:0038H         LINE#         59
  C:003BH         LINE#         60
  C:003BH         LINE#         61
  C:0047H         LINE#         62
  C:0047H         LINE#         63
  C:004AH         LINE#         64
  C:004DH         LINE#         65
  C:0050H         LINE#         67
  C:0061H         LINE#         68
  C:0064H         LINE#         69
  C:0067H         LINE#         70
  C:006AH         LINE#         71
  C:006DH         LINE#         72
  C:0070H         LINE#         73
  C:0070H         LINE#         74
  C:0076H         LINE#         75
  C:0076H         LINE#         76
  C:0079H         LINE#         77
  C:007CH         LINE#         78
  C:007FH         LINE#         80
  C:0092H         LINE#         81
  C:0095H         LINE#         82
  C:0098H         LINE#         83
BL51 BANKED LINKER/LOCATER V6.22                                                      09/25/2019  19:58:01  PAGE 5


  C:009BH         LINE#         84
  C:009EH         LINE#         85
  C:00A1H         LINE#         86
  C:00A1H         LINE#         87
  -------         ENDPROC       _DISPLAY
  -------         ENDMOD        MAIN

  -------         MODULE        24C02
  C:0000H         SYMBOL        _ICE_DUMMY_
  C:00ADH         PUBLIC        iic_waitack
  D:0080H         PUBLIC        P0
  D:0090H         PUBLIC        P1
  D:00A0H         PUBLIC        P2
  D:00B0H         PUBLIC        P3
  D:00C0H         PUBLIC        P4
  D:00C8H         PUBLIC        P5
  C:012CH         PUBLIC        iic_recbyte
  D:00A8H         PUBLIC        IE
  C:01B0H         PUBLIC        _delay
  D:00B8H         PUBLIC        IP
  C:00ECH         PUBLIC        _rdbyte_24c02
  D:00D8H         PUBLIC        CCON
  C:0182H         PUBLIC        _wrbyte_24c02
  D:0098H         PUBLIC        SCON
  D:0088H         PUBLIC        TCON
  C:010DH         PUBLIC        iic_ack
  C:019CH         PUBLIC        iic_start
  B:00A0H.1       PUBLIC        SDA
  C:01D2H         PUBLIC        iic_stop
  B:00A0H.0       PUBLIC        SCL
  C:00C9H         PUBLIC        _iic_sendbyte
  D:00D0H         PUBLIC        PSW
  -------         PROC          IIC_START
  C:019CH         LINE#         3
  C:019CH         LINE#         4
  C:019CH         LINE#         5
  C:019EH         LINE#         6
  C:019FH         LINE#         7
  C:01A1H         LINE#         8
  C:01A6H         LINE#         9
  C:01A8H         LINE#         10
  C:01ADH         LINE#         11
  C:01AFH         LINE#         12
  -------         ENDPROC       IIC_START
  -------         PROC          IIC_STOP
  C:01D2H         LINE#         14
  C:01D2H         LINE#         15
  C:01D2H         LINE#         16
  C:01D4H         LINE#         17
  C:01D5H         LINE#         18
  C:01D7H         LINE#         19
  C:01DCH         LINE#         20
  C:01DEH         LINE#         21
  -------         ENDPROC       IIC_STOP
  -------         PROC          IIC_ACK
  B:0020H.0       SYMBOL        ackbit
  C:010DH         LINE#         23
BL51 BANKED LINKER/LOCATER V6.22                                                      09/25/2019  19:58:01  PAGE 6


  C:010DH         LINE#         24
  C:010DH         LINE#         25
  C:0110H         LINE#         26
  C:0114H         LINE#         28
  C:0116H         LINE#         29
  C:011BH         LINE#         30
  C:011DH         LINE#         31
  C:0122H         LINE#         32
  C:0124H         LINE#         33
  C:0126H         LINE#         34
  C:012BH         LINE#         35
  -------         ENDPROC       IIC_ACK
  -------         PROC          L?0028
  -------         ENDPROC       L?0028
  -------         PROC          IIC_WAITACK
  C:00ADH         LINE#         37
  C:00ADH         LINE#         38
  C:00ADH         LINE#         39
  C:00AFH         LINE#         40
  C:00B4H         LINE#         41
  C:00B6H         LINE#         42
  C:00BBH         LINE#         43
  C:00BEH         LINE#         44
  C:00BEH         LINE#         45
  C:00C0H         LINE#         46
  C:00C3H         LINE#         47
  C:00C5H         LINE#         48
  C:00C5H         LINE#         50
  C:00C5H         LINE#         51
  C:00C7H         LINE#         52
  C:00C8H         LINE#         53
  C:00C8H         LINE#         54
  -------         ENDPROC       IIC_WAITACK
  -------         PROC          _IIC_SENDBYTE
  D:0007H         SYMBOL        byt
  -------         DO            
  D:0006H         SYMBOL        i
  -------         ENDDO         
  C:00C9H         LINE#         56
  C:00C9H         LINE#         57
  C:00C9H         LINE#         59
  C:00CBH         LINE#         60
  C:00CBH         LINE#         61
  C:00CFH         LINE#         62
  C:00D3H         LINE#         64
  C:00D5H         LINE#         65
  C:00DAH         LINE#         66
  C:00DCH         LINE#         67
  C:00E0H         LINE#         68
  C:00E5H         LINE#         69
  C:00E7H         LINE#         70
  C:00EBH         LINE#         71
  -------         ENDPROC       _IIC_SENDBYTE
  -------         PROC          IIC_RECBYTE
  -------         DO            
  D:0007H         SYMBOL        da
  D:0006H         SYMBOL        i
BL51 BANKED LINKER/LOCATER V6.22                                                      09/25/2019  19:58:01  PAGE 7


  -------         ENDDO         
  C:012CH         LINE#         73
  C:012CH         LINE#         74
  C:012CH         LINE#         77
  C:012EH         LINE#         78
  C:012EH         LINE#         79
  C:0130H         LINE#         80
  C:0135H         LINE#         81
  C:0139H         LINE#         82
  C:013CH         LINE#         83
  C:013FH         LINE#         84
  C:0141H         LINE#         85
  C:0146H         LINE#         86
  C:014AH         LINE#         87
  C:014AH         LINE#         88
  -------         ENDPROC       IIC_RECBYTE
  -------         PROC          _WRBYTE_24C02
  D:0004H         SYMBOL        add
  D:0005H         SYMBOL        dat
  C:0182H         LINE#         90
  C:0184H         LINE#         91
  C:0184H         LINE#         93
  C:0187H         LINE#         94
  C:018CH         LINE#         95
  C:018FH         LINE#         96
  C:0191H         LINE#         97
  C:0191H         LINE#         98
  C:0191H         LINE#         99
  C:0194H         LINE#         100
  C:0197H         LINE#         101
  -------         ENDPROC       _WRBYTE_24C02
  -------         PROC          _RDBYTE_24C02
  D:0005H         SYMBOL        add
  -------         DO            
  D:0007H         SYMBOL        da
  -------         ENDDO         
  C:00ECH         LINE#         104
  C:00EEH         LINE#         105
  C:00EEH         LINE#         108
  C:00F1H         LINE#         109
  C:00F3H         LINE#         110
  C:00F3H         LINE#         111
  C:00F3H         LINE#         112
  C:00F6H         LINE#         113
  C:00F9H         LINE#         114
  C:00FEH         LINE#         115
  C:0101H         LINE#         116
  C:0104H         LINE#         117
  C:0109H         LINE#         118
  C:010CH         LINE#         119
  C:010CH         LINE#         120
  -------         ENDPROC       _RDBYTE_24C02
  -------         PROC          _DELAY
  D:0007H         SYMBOL        t
  -------         DO            
  D:0006H         SYMBOL        i
  -------         ENDDO         
BL51 BANKED LINKER/LOCATER V6.22                                                      09/25/2019  19:58:01  PAGE 8


  C:01B0H         LINE#         122
  C:01B0H         LINE#         123
  C:01B0H         LINE#         125
  C:01B6H         LINE#         126
  C:01B6H         LINE#         127
  C:01C1H         LINE#         128
  C:01C1H         LINE#         129
  -------         ENDPROC       _DELAY
  -------         ENDMOD        24C02

Program Size: data=12.1 xdata=0 code=493
LINK/LOCATE RUN COMPLETE.  0 WARNING(S),  0 ERROR(S)
