BL51 BANKED LINKER/LOCATER V6.22                                                        01/01/2006  01:32:29  PAGE 1


BL51 BANKED LINKER/LOCATER V6.22, INVOKED BY:
D:\KEIL\C51\BIN\BL51.EXE .\output\main.obj TO .\output\Common PRINT (.\list\Common.m51) RAMSIZE (256)


MEMORY MODEL: SMALL


INPUT MODULES INCLUDED:
  .\output\main.obj (MAIN)
  D:\KEIL\C51\LIB\C51S.LIB (?C_STARTUP)


LINK MAP OF MODULE:  .\output\Common (MAIN)


            TYPE    BASE      LENGTH    RELOCATION   SEGMENT NAME
            -----------------------------------------------------

            * * * * * * *   D A T A   M E M O R Y   * * * * * * *
            REG     0000H     0008H     ABSOLUTE     "REG BANK 0"
            IDATA   0008H     0001H     UNIT         ?STACK

            * * * * * * *   C O D E   M E M O R Y   * * * * * * *
            CODE    0000H     0003H     ABSOLUTE     
            CODE    0003H     0020H     UNIT         ?PR?MAIN?MAIN
            CODE    0023H     000CH     UNIT         ?C_C51STARTUP



OVERLAY MAP OF MODULE:   .\output\Common (MAIN)


SEGMENT
  +--> CALLED SEGMENT
---------------------
?C_C51STARTUP
  +--> ?PR?MAIN?MAIN



SYMBOL TABLE OF MODULE:  .\output\Common (MAIN)

  VALUE           TYPE          NAME
  ----------------------------------

  -------         MODULE        MAIN
  C:0000H         SYMBOL        _ICE_DUMMY_
  D:0080H         PUBLIC        P0
  D:0090H         PUBLIC        P1
  D:00A0H         PUBLIC        P2
  D:00B0H         PUBLIC        P3
  D:00A8H         PUBLIC        IE
  D:00B8H         PUBLIC        IP
  B:0080H.4       PUBLIC        relay
  B:0080H.6       PUBLIC        buzzer
  C:0003H         PUBLIC        main
  D:0098H         PUBLIC        SCON
  D:0088H         PUBLIC        TCON
BL51 BANKED LINKER/LOCATER V6.22                                                      01/01/2006  01:32:29  PAGE 2


  D:00C8H         PUBLIC        T2CON
  D:00D0H         PUBLIC        PSW
  -------         PROC          MAIN
  C:0003H         LINE#         6
  C:0003H         LINE#         7
  C:0003H         LINE#         10
  C:0005H         LINE#         11
  C:0008H         LINE#         12
  C:000BH         LINE#         15
  C:000DH         LINE#         16
  C:0010H         LINE#         17
  C:0012H         LINE#         20
  C:0014H         LINE#         21
  C:0017H         LINE#         22
  C:0019H         LINE#         25
  C:001CH         LINE#         26
  C:001FH         LINE#         27
  C:0021H         LINE#         29
  -------         ENDPROC       MAIN
  -------         ENDMOD        MAIN

Program Size: data=9.0 xdata=0 code=47
LINK/LOCATE RUN COMPLETE.  0 WARNING(S),  0 ERROR(S)
