BL51 BANKED LINKER/LOCATER V6.22                                                        06/24/2019  14:37:53  PAGE 1


BL51 BANKED LINKER/LOCATER V6.22, INVOKED BY:
C:\KEIL\C51\BIN\BL51.EXE ex5.obj TO KEY_2 RAMSIZE (256)


MEMORY MODEL: SMALL


INPUT MODULES INCLUDED:
  ex5.obj (EX5)
  C:\KEIL\C51\LIB\C51S.LIB (?C_STARTUP)


LINK MAP OF MODULE:  KEY_2 (EX5)


            TYPE    BASE      LENGTH    RELOCATION   SEGMENT NAME
            -----------------------------------------------------

            * * * * * * *   D A T A   M E M O R Y   * * * * * * *
            REG     0000H     0008H     ABSOLUTE     "REG BANK 0"
            DATA    0008H     0001H     UNIT         ?DT?EX5
            IDATA   0009H     0001H     UNIT         ?STACK

            * * * * * * *   C O D E   M E M O R Y   * * * * * * *
            CODE    0000H     0003H     ABSOLUTE     
            CODE    0003H     0044H     UNIT         ?PR?_KEY_PROC?EX5
            CODE    0047H     0024H     UNIT         ?PR?READ_KEY?EX5
            CODE    006BH     0021H     UNIT         ?PR?MAIN?EX5
            CODE    008CH     000FH     UNIT         ?PR?CLS_BUZZ?EX5
            CODE    009BH     000FH     UNIT         ?PR?CLS_LED?EX5
            CODE    00AAH     000CH     UNIT         ?C_C51STARTUP
            CODE    00B6H     0009H     UNIT         ?PR?DELAY?EX5



OVERLAY MAP OF MODULE:   KEY_2 (EX5)


SEGMENT
  +--> CALLED SEGMENT
---------------------
?C_C51STARTUP
  +--> ?PR?MAIN?EX5

?PR?MAIN?EX5
  +--> ?PR?CLS_BUZZ?EX5
  +--> ?PR?CLS_LED?EX5
  +--> ?PR?READ_KEY?EX5
  +--> ?PR?DELAY?EX5
  +--> ?PR?_KEY_PROC?EX5



SYMBOL TABLE OF MODULE:  KEY_2 (EX5)

  VALUE           TYPE          NAME
  ----------------------------------

BL51 BANKED LINKER/LOCATER V6.22                                                      06/24/2019  14:37:53  PAGE 2


  -------         MODULE        EX5
  C:0000H         SYMBOL        _ICE_DUMMY_
  D:0080H         PUBLIC        P0
  D:0090H         PUBLIC        P1
  D:00A0H         PUBLIC        P2
  D:00B0H         PUBLIC        P3
  D:00A8H         PUBLIC        IE
  C:00B6H         PUBLIC        delay
  D:00B8H         PUBLIC        IP
  C:006BH         PUBLIC        main
  D:0098H         PUBLIC        SCON
  D:0088H         PUBLIC        TCON
  C:0047H         PUBLIC        read_key
  C:009BH         PUBLIC        cls_led
  C:0003H         PUBLIC        _key_proc
  D:00C8H         PUBLIC        T2CON
  D:0008H         PUBLIC        temp1
  C:008CH         PUBLIC        cls_buzz
  D:00D0H         PUBLIC        PSW
  -------         PROC          CLS_BUZZ
  C:008CH         LINE#         22
  C:008CH         LINE#         23
  C:008CH         LINE#         24
  C:0094H         LINE#         25
  C:0097H         LINE#         26
  C:009AH         LINE#         27
  -------         ENDPROC       CLS_BUZZ
  -------         PROC          CLS_LED
  C:009BH         LINE#         29
  C:009BH         LINE#         30
  C:009BH         LINE#         31
  C:00A3H         LINE#         32
  C:00A6H         LINE#         33
  C:00A9H         LINE#         34
  -------         ENDPROC       CLS_LED
  -------         PROC          DELAY
  -------         DO            
  D:0007H         SYMBOL        i
  D:0006H         SYMBOL        j
  -------         ENDDO         
  C:00B6H         LINE#         37
  C:00B6H         LINE#         38
  C:00B6H         LINE#         41
  C:00B8H         LINE#         42
  C:00BAH         LINE#         44
  C:00BAH         LINE#         45
  C:00BCH         LINE#         46
  C:00BEH         LINE#         47
  -------         ENDPROC       DELAY
  -------         PROC          MAIN
  -------         DO            
  D:0007H         SYMBOL        temp
  -------         ENDDO         
  C:006BH         LINE#         50
  C:006BH         LINE#         51
  C:006BH         LINE#         54
  C:006EH         LINE#         55
BL51 BANKED LINKER/LOCATER V6.22                                                      06/24/2019  14:37:53  PAGE 3


  C:0071H         LINE#         57
  C:0071H         LINE#         58
  C:0071H         LINE#         59
  C:0074H         LINE#         60
  C:0078H         LINE#         61
  C:0078H         LINE#         62
  C:007BH         LINE#         63
  C:007EH         LINE#         64
  C:0082H         LINE#         65
  C:0082H         LINE#         67
  C:0085H         LINE#         68
  -------         ENDPROC       MAIN
  -------         PROC          READ_KEY
  -------         DO            
  D:0006H         SYMBOL        temp
  D:0007H         SYMBOL        key_value
  -------         ENDDO         
  C:0047H         LINE#         75
  C:0047H         LINE#         76
  C:0047H         LINE#         78
  C:0049H         LINE#         80
  C:004DH         LINE#         81
  C:005CH         LINE#         82
  C:005CH         LINE#         83
  C:005CH         LINE#         84
  C:005EH         LINE#         85
  C:0060H         LINE#         86
  C:0060H         LINE#         87
  C:0062H         LINE#         88
  C:0064H         LINE#         89
  C:0064H         LINE#         90
  C:0066H         LINE#         91
  C:0068H         LINE#         92
  C:0068H         LINE#         93
  C:006AH         LINE#         94
  C:006AH         LINE#         95
  C:006AH         LINE#         96
  C:006AH         LINE#         97
  -------         ENDPROC       READ_KEY
  -------         PROC          _KEY_PROC
  D:0007H         SYMBOL        key
  C:0003H         LINE#         100
  C:0003H         LINE#         101
  C:0003H         LINE#         102
  C:0012H         LINE#         103
  C:0012H         LINE#         104
  C:0012H         LINE#         105
  C:001AH         LINE#         106
  C:001AH         LINE#         107
  C:001AH         LINE#         108
  C:001AH         LINE#         109
  C:001CH         LINE#         110
  C:001CH         LINE#         111
  C:0024H         LINE#         112
  C:0024H         LINE#         113
  C:0024H         LINE#         114
  C:0024H         LINE#         115
BL51 BANKED LINKER/LOCATER V6.22                                                      06/24/2019  14:37:53  PAGE 4


  C:0026H         LINE#         116
  C:0026H         LINE#         117
  C:002EH         LINE#         118
  C:0032H         LINE#         119
  C:0032H         LINE#         120
  C:0032H         LINE#         121
  C:0034H         LINE#         122
  C:0034H         LINE#         123
  C:003CH         LINE#         124
  C:0040H         LINE#         125
  C:0043H         LINE#         126
  C:0046H         LINE#         127
  C:0046H         LINE#         128
  C:0046H         LINE#         129
  -------         ENDPROC       _KEY_PROC
  -------         ENDMOD        EX5

Program Size: data=10.0 xdata=0 code=191
LINK/LOCATE RUN COMPLETE.  0 WARNING(S),  0 ERROR(S)
