BL51 BANKED LINKER/LOCATER V6.22                                                        04/10/2014  10:50:20  PAGE 1


BL51 BANKED LINKER/LOCATER V6.22, INVOKED BY:
E:\KEIL\C51\BIN\BL51.EXE STARTUP.obj, main.obj TO ADC RAMSIZE (256)


MEMORY MODEL: SMALL


INPUT MODULES INCLUDED:
  STARTUP.obj (?C_STARTUP)
  main.obj (MAIN)
  E:\KEIL\C51\LIB\C51S.LIB (?C_INIT)
  E:\KEIL\C51\LIB\C51S.LIB (?C?CLDPTR)
  E:\KEIL\C51\LIB\C51S.LIB (?C?SLDIV)
  E:\KEIL\C51\LIB\C51S.LIB (?C?SLSHR)
  E:\KEIL\C51\LIB\C51S.LIB (?C?ULDIV)


LINK MAP OF MODULE:  ADC (?C_STARTUP)


            TYPE    BASE      LENGTH    RELOCATION   SEGMENT NAME
            -----------------------------------------------------

            * * * * * * *   D A T A   M E M O R Y   * * * * * * *
            REG     0000H     0008H     ABSOLUTE     "REG BANK 0"
            DATA    0008H     002CH     UNIT         _DATA_GROUP_
            DATA    0034H     0001H     UNIT         ?DT?MAIN
            IDATA   0035H     0001H     UNIT         ?STACK

            * * * * * * *   C O D E   M E M O R Y   * * * * * * *
            CODE    0000H     0003H     ABSOLUTE     
            CODE    0003H     00FBH     UNIT         ?C?LIB_CODE
            CODE    00FEH     008CH     UNIT         ?C_C51STARTUP
            CODE    018AH     0063H     UNIT         ?PR?MAIN?MAIN
            CODE    01EDH     005AH     UNIT         ?PR?_UARTINIT?MAIN
            CODE    0247H     0044H     UNIT         ?C?LDIV
            CODE    028BH     0036H     UNIT         ?PR?_UARTSENDSTRING?MAIN
            CODE    02C1H     0020H     UNIT         ?CO?MAIN
            CODE    02E1H     0014H     UNIT         ?PR?_GETADCRESULT?MAIN
            CODE    02F5H     000FH     UNIT         ?PR?DELAY?MAIN
            CODE    0304H     000CH     UNIT         ?PR?INITADC?MAIN
            CODE    0310H     0004H     UNIT         ?C_INITSEG



OVERLAY MAP OF MODULE:   ADC (?C_STARTUP)


SEGMENT                            DATA_GROUP 
  +--> CALLED SEGMENT            START    LENGTH
------------------------------------------------
?C_C51STARTUP                    -----    -----
  +--> ?PR?MAIN?MAIN
  +--> ?C_INITSEG

?PR?MAIN?MAIN                    0008H    0029H
  +--> ?PR?_UARTINIT?MAIN
  +--> ?PR?INITADC?MAIN
BL51 BANKED LINKER/LOCATER V6.22                                                      04/10/2014  10:50:20  PAGE 2


  +--> ?CO?MAIN
  +--> ?PR?_UARTSENDSTRING?MAIN
  +--> ?PR?_GETADCRESULT?MAIN
  +--> ?PR?DELAY?MAIN

?PR?_UARTINIT?MAIN               0031H    0002H

?PR?INITADC?MAIN                 -----    -----
  +--> ?PR?DELAY?MAIN

?PR?_UARTSENDSTRING?MAIN         0031H    0003H



SYMBOL TABLE OF MODULE:  ADC (?C_STARTUP)

  VALUE           TYPE          NAME
  ----------------------------------

  -------         MODULE        ?C_STARTUP
  C:00FEH         SEGMENT       ?C_C51STARTUP
  I:0035H         SEGMENT       ?STACK
  C:0000H         PUBLIC        ?C_STARTUP
  D:00E0H         SYMBOL        ACC
  D:00F0H         SYMBOL        B
  D:0083H         SYMBOL        DPH
  D:0082H         SYMBOL        DPL
  N:0000H         SYMBOL        IBPSTACK
  N:0100H         SYMBOL        IBPSTACKTOP
  N:0080H         SYMBOL        IDATALEN
  C:0101H         SYMBOL        IDATALOOP
  N:0000H         SYMBOL        PBPSTACK
  N:0100H         SYMBOL        PBPSTACKTOP
  N:0000H         SYMBOL        PDATALEN
  N:0000H         SYMBOL        PDATASTART
  N:0000H         SYMBOL        PPAGE
  N:0000H         SYMBOL        PPAGEENABLE
  D:00A0H         SYMBOL        PPAGE_SFR
  D:0081H         SYMBOL        SP
  C:00FEH         SYMBOL        STARTUP1
  N:0000H         SYMBOL        XBPSTACK
  N:0000H         SYMBOL        XBPSTACKTOP
  N:0000H         SYMBOL        XDATALEN
  N:0000H         SYMBOL        XDATASTART
  C:0000H         LINE#         126
  C:00FEH         LINE#         133
  C:0100H         LINE#         134
  C:0101H         LINE#         135
  C:0102H         LINE#         136
  C:0104H         LINE#         185
  C:0107H         LINE#         196
  -------         ENDMOD        ?C_STARTUP

  -------         MODULE        MAIN
  C:0000H         SYMBOL        _ICE_DUMMY_
  D:0090H         PUBLIC        P1
  D:00B0H         PUBLIC        P3
BL51 BANKED LINKER/LOCATER V6.22                                                      04/10/2014  10:50:20  PAGE 3


  B:00A8H.7       PUBLIC        EA
  D:0034H         PUBLIC        RxC
  D:00A8H         PUBLIC        IE
  D:00BDH         PUBLIC        ADC_RES
  B:00A8H.4       PUBLIC        ES
  D:00B8H         PUBLIC        IP
  B:0098H.0       PUBLIC        RI
  B:0098H.1       PUBLIC        TI
  C:018AH         PUBLIC        main
  D:00BCH         PUBLIC        ADC_CONTR
  D:0099H         PUBLIC        SBUF
  D:0098H         PUBLIC        SCON
  D:0088H         PUBLIC        TCON
  D:008EH         PUBLIC        AUXR
  C:028BH         PUBLIC        _UARTSendString
  D:00D6H         PUBLIC        T2H
  D:00D7H         PUBLIC        T2L
  C:01EDH         PUBLIC        _UARTInit
  D:009DH         PUBLIC        P1ASF
  C:0304H         PUBLIC        InitADC
  D:00C8H         PUBLIC        T2CON
  C:02E1H         PUBLIC        _GetADCResult
  C:02F5H         PUBLIC        Delay
  D:00D0H         PUBLIC        PSW
  -------         PROC          DELAY
  -------         DO            
  D:0007H         SYMBOL        i
  D:0006H         SYMBOL        j
  D:0005H         SYMBOL        k
  -------         ENDDO         
  C:02F5H         LINE#         27
  C:02F5H         LINE#         30
  C:02F7H         LINE#         31
  C:02F9H         LINE#         32
  C:02FDH         LINE#         33
  C:02FFH         LINE#         34
  C:0303H         LINE#         35
  -------         ENDPROC       DELAY
  -------         PROC          INITADC
  C:0304H         LINE#         38
  C:0304H         LINE#         39
  C:0304H         LINE#         40
  C:0307H         LINE#         41
  C:030AH         LINE#         42
  C:030DH         LINE#         43
  -------         ENDPROC       INITADC
  -------         PROC          _UARTINIT
  D:0031H         SYMBOL        baud
  C:01EDH         LINE#         48
  C:01F1H         LINE#         49
  C:01F1H         LINE#         50
  C:01F4H         LINE#         52
  C:020EH         LINE#         53
  C:0238H         LINE#         55
  C:023BH         LINE#         56
  C:023EH         LINE#         58
  C:0240H         LINE#         59
BL51 BANKED LINKER/LOCATER V6.22                                                      04/10/2014  10:50:20  PAGE 4


  C:0242H         LINE#         61
  C:0244H         LINE#         62
  C:0246H         LINE#         63
  -------         ENDPROC       _UARTINIT
  -------         PROC          _UARTSENDSTRING
  D:0001H         SYMBOL        str
  -------         DO            
  D:0031H         SYMBOL        temp
  -------         ENDDO         
  C:028BH         LINE#         66
  C:028BH         LINE#         67
  C:028BH         LINE#         70
  C:0291H         LINE#         71
  C:0296H         LINE#         72
  C:0296H         LINE#         73
  C:0298H         LINE#         74
  C:02ABH         LINE#         75
  C:02AEH         LINE#         76
  C:02B0H         LINE#         77
  C:02BBH         LINE#         78
  C:02BDH         LINE#         79
  C:02BDH         LINE#         80
  C:02BFH         LINE#         81
  C:02BFH         LINE#         82
  C:02C0H         LINE#         83
  -------         ENDPROC       _UARTSENDSTRING
  -------         PROC          _GETADCRESULT
  D:0007H         SYMBOL        ch
  C:02E1H         LINE#         86
  C:02E1H         LINE#         87
  C:02E1H         LINE#         88
  C:02E6H         LINE#         89
  C:02E7H         LINE#         90
  C:02E8H         LINE#         91
  C:02E9H         LINE#         92
  C:02EAH         LINE#         93
  C:02EFH         LINE#         94
  C:02F2H         LINE#         96
  C:02F4H         LINE#         97
  -------         ENDPROC       _GETADCRESULT
  -------         PROC          MAIN
  -------         DO            
  D:0008H         SYMBOL        x
  D:0009H         SYMBOL        tempstr
  -------         ENDDO         
  C:018AH         LINE#         101
  C:018AH         LINE#         102
  C:018AH         LINE#         103
  C:018DH         LINE#         106
  C:0194H         LINE#         107
  C:0197H         LINE#         111
  C:01A0H         LINE#         113
  C:01A0H         LINE#         114
  C:01A7H         LINE#         115
  C:01B1H         LINE#         116
  C:01C1H         LINE#         117
  C:01CDH         LINE#         118
BL51 BANKED LINKER/LOCATER V6.22                                                      04/10/2014  10:50:20  PAGE 5


  C:01D0H         LINE#         119
  C:01D3H         LINE#         120
  C:01D6H         LINE#         121
  C:01D9H         LINE#         122
  C:01E2H         LINE#         123
  C:01EBH         LINE#         125
  -------         ENDPROC       MAIN
  -------         ENDMOD        MAIN

  -------         MODULE        ?C?CLDPTR
  C:0003H         PUBLIC        ?C?CLDPTR
  -------         ENDMOD        ?C?CLDPTR

  -------         MODULE        ?C?SLDIV
  C:0247H         PUBLIC        ?C?SLDIV
  -------         ENDMOD        ?C?SLDIV

  -------         MODULE        ?C?SLSHR
  C:001CH         PUBLIC        ?C?SLSHR
  -------         ENDMOD        ?C?SLSHR

  -------         MODULE        ?C?ULDIV
  C:006CH         PUBLIC        ?C?ULDIV
  -------         ENDMOD        ?C?ULDIV

Program Size: data=54.0 xdata=0 code=788
LINK/LOCATE RUN COMPLETE.  0 WARNING(S),  0 ERROR(S)
