BL51 BANKED LINKER/LOCATER V6.22                                                        06/24/2019  11:19:23  PAGE 1


BL51 BANKED LINKER/LOCATER V6.22, INVOKED BY:
C:\KEIL\C51\BIN\BL51.EXE ex3.obj TO LED_3 RAMSIZE (256)


MEMORY MODEL: SMALL


INPUT MODULES INCLUDED:
  ex3.obj (EX3)
  C:\KEIL\C51\LIB\C51S.LIB (?C_STARTUP)


LINK MAP OF MODULE:  LED_3 (EX3)


            TYPE    BASE      LENGTH    RELOCATION   SEGMENT NAME
            -----------------------------------------------------

            * * * * * * *   D A T A   M E M O R Y   * * * * * * *
            REG     0000H     0008H     ABSOLUTE     "REG BANK 0"
            IDATA   0008H     0001H     UNIT         ?STACK

            * * * * * * *   C O D E   M E M O R Y   * * * * * * *
            CODE    0000H     0003H     ABSOLUTE     
            CODE    0003H     0027H     UNIT         ?PR?MAIN?EX3
            CODE    002AH     000FH     UNIT         ?PR?CLS_BUZZ?EX3
            CODE    0039H     000FH     UNIT         ?PR?DELAY?EX3
            CODE    0048H     000CH     UNIT         ?C_C51STARTUP



OVERLAY MAP OF MODULE:   LED_3 (EX3)


SEGMENT
  +--> CALLED SEGMENT
---------------------
?C_C51STARTUP
  +--> ?PR?MAIN?EX3

?PR?MAIN?EX3
  +--> ?PR?CLS_BUZZ?EX3
  +--> ?PR?DELAY?EX3



SYMBOL TABLE OF MODULE:  LED_3 (EX3)

  VALUE           TYPE          NAME
  ----------------------------------

  -------         MODULE        EX3
  C:0000H         SYMBOL        _ICE_DUMMY_
  D:0080H         PUBLIC        P0
  D:0090H         PUBLIC        P1
  D:00A0H         PUBLIC        P2
  D:00B0H         PUBLIC        P3
  D:00A8H         PUBLIC        IE
BL51 BANKED LINKER/LOCATER V6.22                                                      06/24/2019  11:19:23  PAGE 2


  C:0039H         PUBLIC        delay
  D:00B8H         PUBLIC        IP
  C:0003H         PUBLIC        main
  D:0098H         PUBLIC        SCON
  D:0088H         PUBLIC        TCON
  D:00C8H         PUBLIC        T2CON
  C:002AH         PUBLIC        cls_buzz
  D:00D0H         PUBLIC        PSW
  -------         PROC          CLS_BUZZ
  C:002AH         LINE#         16
  C:002AH         LINE#         17
  C:002AH         LINE#         18
  C:0032H         LINE#         19
  C:0035H         LINE#         20
  C:0038H         LINE#         21
  -------         ENDPROC       CLS_BUZZ
  -------         PROC          DELAY
  -------         DO            
  D:0007H         SYMBOL        i
  D:0006H         SYMBOL        j
  D:0005H         SYMBOL        k
  -------         ENDDO         
  C:0039H         LINE#         24
  C:0039H         LINE#         25
  C:0039H         LINE#         28
  C:003AH         LINE#         29
  C:003BH         LINE#         30
  C:003DH         LINE#         31
  C:003FH         LINE#         32
  C:0041H         LINE#         34
  C:0041H         LINE#         36
  C:0041H         LINE#         37
  C:0043H         LINE#         38
  C:0045H         LINE#         39
  C:0047H         LINE#         40
  -------         ENDPROC       DELAY
  -------         PROC          MAIN
  -------         DO            
  D:0004H         SYMBOL        i
  -------         ENDDO         
  C:0003H         LINE#         43
  C:0003H         LINE#         44
  C:0003H         LINE#         47
  C:0006H         LINE#         49
  C:0006H         LINE#         50
  C:0006H         LINE#         51
  C:0008H         LINE#         52
  C:0008H         LINE#         53
  C:0010H         LINE#         54
  C:001EH         LINE#         55
  C:0021H         LINE#         56
  C:0024H         LINE#         57
  -------         ENDPROC       MAIN
  -------         ENDMOD        EX3

Program Size: data=9.0 xdata=0 code=84
LINK/LOCATE RUN COMPLETE.  0 WARNING(S),  0 ERROR(S)
