BL51 BANKED LINKER/LOCATER V6.22                                                        06/24/2019  15:05:18  PAGE 1


BL51 BANKED LINKER/LOCATER V6.22, INVOKED BY:
C:\KEIL\C51\BIN\BL51.EXE ex11.obj, i2c.obj TO DAC RAMSIZE (256)


MEMORY MODEL: SMALL


INPUT MODULES INCLUDED:
  ex11.obj (EX11)
  i2c.obj (I2C)
  C:\KEIL\C51\LIB\C51S.LIB (?C_STARTUP)
  C:\KEIL\C51\LIB\C51S.LIB (?C?UIDIV)
  C:\KEIL\C51\LIB\C51S.LIB (?C_INIT)


LINK MAP OF MODULE:  DAC (EX11)


            TYPE    BASE      LENGTH    RELOCATION   SEGMENT NAME
            -----------------------------------------------------

            * * * * * * *   D A T A   M E M O R Y   * * * * * * *
            REG     0000H     0008H     ABSOLUTE     "REG BANK 0"
            DATA    0008H     000CH     UNIT         ?DT?EX11
            DATA    0014H     0004H     UNIT         _DATA_GROUP_
                    0018H     0008H                  *** GAP ***
            BIT     0020H.0   0000H.2   UNIT         ?BI?EX11
                    0020H.2   0000H.6                *** GAP ***
            IDATA   0021H     0001H     UNIT         ?STACK

            * * * * * * *   C O D E   M E M O R Y   * * * * * * *
            CODE    0000H     0003H     ABSOLUTE     
            CODE    0003H     0007H     UNIT         ?PR?CLS_LED?EX11
                    000AH     0001H                  *** GAP ***
            CODE    000BH     0003H     ABSOLUTE     
            CODE    000EH     0122H     UNIT         ?PR?MAIN?EX11
            CODE    0130H     008CH     UNIT         ?C_C51STARTUP
            CODE    01BCH     0055H     UNIT         ?C?LIB_CODE
            CODE    0211H     004AH     UNIT         ?PR?READ_KEY?EX11
            CODE    025BH     0047H     UNIT         ?PR?ISR_TIMER_0?EX11
            CODE    02A2H     0030H     UNIT         ?PR?DISPLAY?EX11
            CODE    02D2H     0030H     UNIT         ?PR?_I2C_SENDBYTE?I2C
            CODE    0302H     001AH     UNIT         ?PR?I2C_WAITACK?I2C
            CODE    031CH     0018H     UNIT         ?PR?_DAC_PCF8591?I2C
            CODE    0334H     0013H     UNIT         ?PR?INIT_PCF8591?I2C
            CODE    0347H     0012H     UNIT         ?PR?_OPERATE_DELAY?I2C
            CODE    0359H     000FH     UNIT         ?PR?I2C_START?I2C
            CODE    0368H     000EH     UNIT         ?C_INITSEG
            CODE    0376H     000CH     UNIT         ?PR?_I2C_DELAY?I2C
            CODE    0382H     000CH     UNIT         ?PR?I2C_STOP?I2C
            CODE    038EH     000BH     UNIT         ?CO?EX11
            CODE    0399H     0006H     UNIT         ?PR?CLS_BUZZ?EX11



OVERLAY MAP OF MODULE:   DAC (EX11)


BL51 BANKED LINKER/LOCATER V6.22                                                      06/24/2019  15:05:18  PAGE 2


SEGMENT                          DATA_GROUP 
  +--> CALLED SEGMENT          START    LENGTH
----------------------------------------------
?PR?ISR_TIMER_0?EX11           -----    -----
  +--> ?PR?DISPLAY?EX11

?PR?DISPLAY?EX11               -----    -----
  +--> ?CO?EX11

*** NEW ROOT ***************************************************

?C_C51STARTUP                  -----    -----
  +--> ?PR?MAIN?EX11
  +--> ?C_INITSEG

?PR?MAIN?EX11                  0014H    0004H
  +--> ?PR?CLS_BUZZ?EX11
  +--> ?PR?CLS_LED?EX11
  +--> ?PR?INIT_PCF8591?I2C
  +--> ?PR?READ_KEY?EX11
  +--> ?PR?_DAC_PCF8591?I2C

?PR?INIT_PCF8591?I2C           -----    -----
  +--> ?PR?I2C_WAITACK?I2C
  +--> ?PR?_I2C_SENDBYTE?I2C
  +--> ?PR?I2C_STOP?I2C
  +--> ?PR?_OPERATE_DELAY?I2C

?PR?I2C_WAITACK?I2C            -----    -----
  +--> ?PR?I2C_START?I2C
  +--> ?PR?_I2C_SENDBYTE?I2C
  +--> ?PR?_I2C_DELAY?I2C

?PR?I2C_START?I2C              -----    -----
  +--> ?PR?_I2C_DELAY?I2C

?PR?_I2C_SENDBYTE?I2C          -----    -----
  +--> ?PR?_I2C_DELAY?I2C

?PR?I2C_STOP?I2C               -----    -----
  +--> ?PR?_I2C_DELAY?I2C

?PR?_DAC_PCF8591?I2C           -----    -----
  +--> ?PR?I2C_WAITACK?I2C
  +--> ?PR?_I2C_SENDBYTE?I2C
  +--> ?PR?I2C_STOP?I2C



SYMBOL TABLE OF MODULE:  DAC (EX11)

  VALUE           TYPE          NAME
  ----------------------------------

  -------         MODULE        EX11
  C:0000H         SYMBOL        _ICE_DUMMY_
  D:0090H         PUBLIC        P1
BL51 BANKED LINKER/LOCATER V6.22                                                      06/24/2019  15:05:18  PAGE 3


  B:0020H.0       PUBLIC        key_re
  D:00B0H         PUBLIC        P3
  B:00A8H.7       PUBLIC        EA
  D:0008H         PUBLIC        dspbuf
  D:0010H         PUBLIC        dspcom
  D:00A8H         PUBLIC        IE
  D:00B8H         PUBLIC        IP
  C:000EH         PUBLIC        main
  D:0098H         PUBLIC        SCON
  D:0089H         PUBLIC        TMOD
  D:0088H         PUBLIC        TCON
  C:038EH         PUBLIC        tab
  D:0011H         PUBLIC        intr
  D:008EH         PUBLIC        AUXR
  B:0020H.1       PUBLIC        key_flag
  C:0211H         PUBLIC        read_key
  B:00A8H.1       PUBLIC        ET0
  B:0088H.5       PUBLIC        TF0
  D:0012H         PUBLIC        key_value
  D:008CH         PUBLIC        TH0
  D:008AH         PUBLIC        TL0
  B:0088H.4       PUBLIC        TR0
  C:0003H         PUBLIC        cls_led
  D:0013H         PUBLIC        key_press
  C:025BH         PUBLIC        isr_timer_0
  D:00C8H         PUBLIC        T2CON
  C:0399H         PUBLIC        cls_buzz
  C:02A2H         PUBLIC        display
  D:00D0H         PUBLIC        PSW
  -------         PROC          CLS_BUZZ
  C:0399H         LINE#         38
  C:0399H         LINE#         39
  C:0399H         LINE#         40
  C:039EH         LINE#         41
  -------         ENDPROC       CLS_BUZZ
  -------         PROC          CLS_LED
  C:0003H         LINE#         42
  C:0003H         LINE#         43
  C:0003H         LINE#         44
  C:0009H         LINE#         45
  -------         ENDPROC       CLS_LED
  -------         PROC          MAIN
  -------         DO            
  D:0014H         SYMBOL        key_temp
  D:0015H         SYMBOL        dac_value
  D:0016H         SYMBOL        Vaout
  -------         ENDDO         
  C:000EH         LINE#         49
  C:000EH         LINE#         50
  C:000EH         LINE#         55
  C:0014H         LINE#         56
  C:0017H         LINE#         57
  C:001AH         LINE#         58
  C:001DH         LINE#         59
  C:0020H         LINE#         60
  C:0023H         LINE#         61
  C:0025H         LINE#         62
BL51 BANKED LINKER/LOCATER V6.22                                                      06/24/2019  15:05:18  PAGE 4


  C:0027H         LINE#         63
  C:0029H         LINE#         64
  C:002BH         LINE#         66
  C:002BH         LINE#         67
  C:002BH         LINE#         68
  C:002EH         LINE#         69
  C:002EH         LINE#         70
  C:0030H         LINE#         71
  C:0035H         LINE#         72
  C:0035H         LINE#         74
  C:003EH         LINE#         75
  C:003EH         LINE#         76
  C:003EH         LINE#         77
  C:003EH         LINE#         78
  C:0044H         LINE#         79
  C:004CH         LINE#         80
  C:004CH         LINE#         81
  C:004CH         LINE#         82
  C:004EH         LINE#         83
  C:004EH         LINE#         84
  C:004EH         LINE#         85
  C:0054H         LINE#         86
  C:005CH         LINE#         87
  C:0061H         LINE#         88
  C:0061H         LINE#         89
  C:0061H         LINE#         90
  C:0061H         LINE#         91
  C:0064H         LINE#         93
  C:006FH         LINE#         95
  C:0072H         LINE#         96
  C:0088H         LINE#         97
  C:00A6H         LINE#         98
  C:00AFH         LINE#         101
  C:00CCH         LINE#         102
  C:00F6H         LINE#         103
  C:0120H         LINE#         104
  C:012DH         LINE#         105
  -------         ENDPROC       MAIN
  -------         PROC          ISR_TIMER_0
  C:025BH         LINE#         109
  C:0278H         LINE#         111
  C:027BH         LINE#         112
  C:0282H         LINE#         113
  C:0282H         LINE#         114
  C:0285H         LINE#         115
  C:0287H         LINE#         116
  C:0287H         LINE#         117
  -------         ENDPROC       ISR_TIMER_0
  -------         PROC          DISPLAY
  C:02A2H         LINE#         120
  C:02A2H         LINE#         121
  C:02A2H         LINE#         122
  C:02A8H         LINE#         124
  C:02B9H         LINE#         125
  C:02C7H         LINE#         127
  C:02CEH         LINE#         128
  C:02D1H         LINE#         129
BL51 BANKED LINKER/LOCATER V6.22                                                      06/24/2019  15:05:18  PAGE 5


  C:02D1H         LINE#         130
  -------         ENDPROC       DISPLAY
  -------         PROC          READ_KEY
  -------         DO            
  D:0007H         SYMBOL        key_temp
  -------         ENDDO         
  C:0211H         LINE#         133
  C:0211H         LINE#         134
  C:0211H         LINE#         138
  C:0216H         LINE#         140
  C:021AH         LINE#         141
  C:021EH         LINE#         143
  C:0221H         LINE#         145
  C:0226H         LINE#         146
  C:0226H         LINE#         147
  C:0229H         LINE#         148
  C:022BH         LINE#         149
  C:023BH         LINE#         150
  C:023BH         LINE#         151
  C:023BH         LINE#         152
  C:023EH         LINE#         153
  C:0240H         LINE#         154
  C:0240H         LINE#         155
  C:0243H         LINE#         156
  C:0245H         LINE#         157
  C:0245H         LINE#         158
  C:0248H         LINE#         159
  C:024AH         LINE#         160
  C:024AH         LINE#         161
  C:024DH         LINE#         162
  C:024DH         LINE#         163
  C:024DH         LINE#         164
  C:024DH         LINE#         166
  C:0253H         LINE#         167
  C:0253H         LINE#         168
  C:0255H         LINE#         169
  C:0258H         LINE#         170
  C:0258H         LINE#         172
  C:025AH         LINE#         173
  -------         ENDPROC       READ_KEY
  -------         ENDMOD        EX11

  -------         MODULE        I2C
  C:0000H         SYMBOL        _ICE_DUMMY_
  D:0090H         PUBLIC        P1
  D:00A0H         PUBLIC        P2
  D:00B0H         PUBLIC        P3
  B:00A8H.7       PUBLIC        EA
  D:00A8H         PUBLIC        IE
  C:0359H         PUBLIC        i2c_start
  D:00B8H         PUBLIC        IP
  C:031CH         PUBLIC        _dac_pcf8591
  C:0382H         PUBLIC        i2c_stop
  C:0334H         PUBLIC        init_pcf8591
  D:0098H         PUBLIC        SCON
  D:0088H         PUBLIC        TCON
  B:00A0H.1       PUBLIC        sda
BL51 BANKED LINKER/LOCATER V6.22                                                      06/24/2019  15:05:18  PAGE 6


  C:02D2H         PUBLIC        _i2c_sendbyte
  B:00A0H.0       PUBLIC        scl
  C:030AH         PUBLIC        i2c_waitack
  C:0347H         PUBLIC        _operate_delay
  D:00C8H         PUBLIC        T2CON
  C:037AH         PUBLIC        _i2c_delay
  D:00D0H         PUBLIC        PSW
  C:0376H         SYMBOL        L?0024
  -------         PROC          L?0023
  -------         ENDPROC       L?0023
  C:0376H         SYMBOL        L?0024
  -------         PROC          _I2C_DELAY
  D:0007H         SYMBOL        i
  C:037AH         LINE#         16
  C:037AH         LINE#         17
  C:037AH         LINE#         19
  C:037AH         LINE#         20
  C:037BH         LINE#         21
  C:037BH         LINE#         22
  C:0381H         LINE#         23
  -------         ENDPROC       _I2C_DELAY
  -------         PROC          I2C_START
  C:0359H         LINE#         32
  C:0359H         LINE#         33
  C:0359H         LINE#         34
  C:035BH         LINE#         35
  C:035BH         LINE#         36
  C:035EH         LINE#         37
  C:0360H         LINE#         38
  C:0365H         LINE#         39
  C:0367H         LINE#         40
  -------         ENDPROC       I2C_START
  -------         PROC          I2C_STOP
  C:0382H         LINE#         49
  C:0382H         LINE#         50
  C:0382H         LINE#         51
  C:0384H         LINE#         52
  C:0384H         LINE#         53
  C:0387H         LINE#         54
  C:0389H         LINE#         55
  -------         ENDPROC       I2C_STOP
  -------         PROC          _I2C_SENDBYTE
  D:0005H         SYMBOL        byt
  -------         DO            
  D:0004H         SYMBOL        i
  -------         ENDDO         
  C:02D2H         LINE#         64
  C:02D4H         LINE#         65
  C:02D4H         LINE#         68
  C:02D6H         LINE#         69
  C:02D8H         LINE#         70
  C:02DAH         LINE#         71
  C:02DFH         LINE#         72
  C:02E3H         LINE#         73
  C:02E5H         LINE#         74
  C:02E7H         LINE#         75
  C:02E7H         LINE#         76
BL51 BANKED LINKER/LOCATER V6.22                                                      06/24/2019  15:05:18  PAGE 7


  C:02E9H         LINE#         77
  C:02E9H         LINE#         78
  C:02EEH         LINE#         79
  C:02F0H         LINE#         80
  C:02F4H         LINE#         81
  C:02F9H         LINE#         82
  C:02FDH         LINE#         83
  C:02FFH         LINE#         85
  C:0301H         LINE#         86
  -------         ENDPROC       _I2C_SENDBYTE
  -------         PROC          L?0022
  -------         ENDPROC       L?0022
  -------         PROC          I2C_WAITACK
  -------         DO            
  D:0005H         SYMBOL        ackbit
  -------         ENDDO         
  C:030AH         LINE#         95
  C:030AH         LINE#         96
  C:030AH         LINE#         99
  C:030AH         LINE#         100
  C:030DH         LINE#         101
  C:0312H         LINE#         102
  C:0314H         LINE#         103
  C:0319H         LINE#         105
  C:031BH         LINE#         106
  -------         ENDPROC       I2C_WAITACK
  -------         PROC          _OPERATE_DELAY
  D:0007H         SYMBOL        t
  -------         DO            
  D:0006H         SYMBOL        i
  -------         ENDDO         
  C:0347H         LINE#         159
  C:0347H         LINE#         160
  C:0347H         LINE#         163
  C:034DH         LINE#         164
  C:0358H         LINE#         165
  C:0358H         LINE#         166
  -------         ENDPROC       _OPERATE_DELAY
  -------         PROC          INIT_PCF8591
  C:0334H         LINE#         175
  C:0334H         LINE#         176
  C:0334H         LINE#         177
  C:0334H         LINE#         178
  C:0334H         LINE#         179
  C:0337H         LINE#         180
  C:033CH         LINE#         181
  C:033FH         LINE#         182
  C:0342H         LINE#         183
  -------         ENDPROC       INIT_PCF8591
  -------         PROC          _DAC_PCF8591
  D:0003H         SYMBOL        dat
  C:031CH         LINE#         214
  C:031EH         LINE#         215
  C:031EH         LINE#         216
  C:031EH         LINE#         217
  C:031EH         LINE#         218
  C:0321H         LINE#         219
BL51 BANKED LINKER/LOCATER V6.22                                                      06/24/2019  15:05:18  PAGE 8


  C:0326H         LINE#         220
  C:0329H         LINE#         222
  C:032EH         LINE#         223
  C:0331H         LINE#         224
  -------         ENDPROC       _DAC_PCF8591
  -------         ENDMOD        I2C

  -------         MODULE        ?C?UIDIV
  C:01BCH         PUBLIC        ?C?UIDIV
  -------         ENDMOD        ?C?UIDIV

Program Size: data=25.2 xdata=0 code=926
LINK/LOCATE RUN COMPLETE.  0 WARNING(S),  0 ERROR(S)
