BL51 BANKED LINKER/LOCATER V6.22                                                        06/24/2019  11:15:52  PAGE 1


BL51 BANKED LINKER/LOCATER V6.22, INVOKED BY:
C:\KEIL\C51\BIN\BL51.EXE ex2.obj TO LED_2 RAMSIZE (256)


MEMORY MODEL: SMALL


INPUT MODULES INCLUDED:
  ex2.obj (EX2)
  C:\KEIL\C51\LIB\C51S.LIB (?C_STARTUP)


LINK MAP OF MODULE:  LED_2 (EX2)


            TYPE    BASE      LENGTH    RELOCATION   SEGMENT NAME
            -----------------------------------------------------

            * * * * * * *   D A T A   M E M O R Y   * * * * * * *
            REG     0000H     0008H     ABSOLUTE     "REG BANK 0"
            IDATA   0008H     0001H     UNIT         ?STACK

            * * * * * * *   C O D E   M E M O R Y   * * * * * * *
            CODE    0000H     0003H     ABSOLUTE     
            CODE    0003H     0026H     UNIT         ?PR?MAIN?EX2
            CODE    0029H     000FH     UNIT         ?PR?CLS_BUZZ?EX2
            CODE    0038H     000FH     UNIT         ?PR?DELAY?EX2
            CODE    0047H     000CH     UNIT         ?C_C51STARTUP



OVERLAY MAP OF MODULE:   LED_2 (EX2)


SEGMENT
  +--> CALLED SEGMENT
---------------------
?C_C51STARTUP
  +--> ?PR?MAIN?EX2

?PR?MAIN?EX2
  +--> ?PR?CLS_BUZZ?EX2
  +--> ?PR?DELAY?EX2



SYMBOL TABLE OF MODULE:  LED_2 (EX2)

  VALUE           TYPE          NAME
  ----------------------------------

  -------         MODULE        EX2
  C:0000H         SYMBOL        _ICE_DUMMY_
  D:0080H         PUBLIC        P0
  D:0090H         PUBLIC        P1
  D:00A0H         PUBLIC        P2
  D:00B0H         PUBLIC        P3
  D:00A8H         PUBLIC        IE
BL51 BANKED LINKER/LOCATER V6.22                                                      06/24/2019  11:15:52  PAGE 2


  C:0038H         PUBLIC        delay
  D:00B8H         PUBLIC        IP
  C:0003H         PUBLIC        main
  D:0098H         PUBLIC        SCON
  D:0088H         PUBLIC        TCON
  D:00C8H         PUBLIC        T2CON
  C:0029H         PUBLIC        cls_buzz
  D:00D0H         PUBLIC        PSW
  -------         PROC          CLS_BUZZ
  C:0029H         LINE#         16
  C:0029H         LINE#         17
  C:0029H         LINE#         18
  C:0031H         LINE#         19
  C:0034H         LINE#         20
  C:0037H         LINE#         21
  -------         ENDPROC       CLS_BUZZ
  -------         PROC          DELAY
  -------         DO            
  D:0007H         SYMBOL        i
  D:0006H         SYMBOL        j
  D:0005H         SYMBOL        k
  -------         ENDDO         
  C:0038H         LINE#         24
  C:0038H         LINE#         25
  C:0038H         LINE#         28
  C:0039H         LINE#         29
  C:003AH         LINE#         30
  C:003CH         LINE#         31
  C:003EH         LINE#         32
  C:0040H         LINE#         34
  C:0040H         LINE#         36
  C:0040H         LINE#         37
  C:0042H         LINE#         38
  C:0044H         LINE#         39
  C:0046H         LINE#         40
  -------         ENDPROC       DELAY
  -------         PROC          MAIN
  -------         DO            
  D:0004H         SYMBOL        i
  -------         ENDDO         
  C:0003H         LINE#         43
  C:0003H         LINE#         44
  C:0003H         LINE#         47
  C:0006H         LINE#         49
  C:0006H         LINE#         50
  C:0006H         LINE#         51
  C:0008H         LINE#         52
  C:0008H         LINE#         53
  C:0010H         LINE#         54
  C:001DH         LINE#         55
  C:0020H         LINE#         56
  C:0023H         LINE#         57
  -------         ENDPROC       MAIN
  -------         ENDMOD        EX2

Program Size: data=9.0 xdata=0 code=83
LINK/LOCATE RUN COMPLETE.  0 WARNING(S),  0 ERROR(S)
