BL51 BANKED LINKER/LOCATER V6.22                                                        04/10/2014  10:01:53  PAGE 1


BL51 BANKED LINKER/LOCATER V6.22, INVOKED BY:
E:\KEIL\C51\BIN\BL51.EXE STARTUP.obj, main.obj TO T2 RAMSIZE (256)


MEMORY MODEL: SMALL


INPUT MODULES INCLUDED:
  STARTUP.obj (?C_STARTUP)
  main.obj (MAIN)
  E:\KEIL\C51\LIB\C51S.LIB (?C_INIT)


LINK MAP OF MODULE:  T2 (?C_STARTUP)


            TYPE    BASE      LENGTH    RELOCATION   SEGMENT NAME
            -----------------------------------------------------

            * * * * * * *   D A T A   M E M O R Y   * * * * * * *
            REG     0000H     0008H     ABSOLUTE     "REG BANK 0"
            DATA    0008H     0001H     UNIT         ?DT?MAIN
            IDATA   0009H     0001H     UNIT         ?STACK

            * * * * * * *   C O D E   M E M O R Y   * * * * * * *
            CODE    0000H     0003H     ABSOLUTE     
            CODE    0003H     001BH     UNIT         ?PR?ISR_T2?MAIN
            CODE    001EH     0013H     UNIT         ?PR?MAIN?MAIN
            CODE    0031H     0004H     UNIT         ?C_INITSEG
                    0035H     002EH                  *** GAP ***
            CODE    0063H     0003H     ABSOLUTE     
            CODE    0066H     008CH     UNIT         ?C_C51STARTUP



OVERLAY MAP OF MODULE:   T2 (?C_STARTUP)


SEGMENT
  +--> CALLED SEGMENT
---------------------
?C_C51STARTUP
  +--> ?PR?MAIN?MAIN
  +--> ?C_INITSEG



SYMBOL TABLE OF MODULE:  T2 (?C_STARTUP)

  VALUE           TYPE          NAME
  ----------------------------------

  -------         MODULE        ?C_STARTUP
  C:0066H         SEGMENT       ?C_C51STARTUP
  I:0009H         SEGMENT       ?STACK
  C:0000H         PUBLIC        ?C_STARTUP
  D:00E0H         SYMBOL        ACC
  D:00F0H         SYMBOL        B
BL51 BANKED LINKER/LOCATER V6.22                                                      04/10/2014  10:01:53  PAGE 2


  D:0083H         SYMBOL        DPH
  D:0082H         SYMBOL        DPL
  N:0000H         SYMBOL        IBPSTACK
  N:0100H         SYMBOL        IBPSTACKTOP
  N:0080H         SYMBOL        IDATALEN
  C:0069H         SYMBOL        IDATALOOP
  N:0000H         SYMBOL        PBPSTACK
  N:0100H         SYMBOL        PBPSTACKTOP
  N:0000H         SYMBOL        PDATALEN
  N:0000H         SYMBOL        PDATASTART
  N:0000H         SYMBOL        PPAGE
  N:0000H         SYMBOL        PPAGEENABLE
  D:00A0H         SYMBOL        PPAGE_SFR
  D:0081H         SYMBOL        SP
  C:0066H         SYMBOL        STARTUP1
  N:0000H         SYMBOL        XBPSTACK
  N:0000H         SYMBOL        XBPSTACKTOP
  N:0000H         SYMBOL        XDATALEN
  N:0000H         SYMBOL        XDATASTART
  C:0000H         LINE#         126
  C:0066H         LINE#         133
  C:0068H         LINE#         134
  C:0069H         LINE#         135
  C:006AH         LINE#         136
  C:006CH         LINE#         185
  C:006FH         LINE#         196
  -------         ENDMOD        ?C_STARTUP

  -------         MODULE        MAIN
  C:0000H         SYMBOL        _ICE_DUMMY_
  D:0090H         PUBLIC        P1
  D:00B0H         PUBLIC        P3
  D:00C0H         PUBLIC        P4
  B:00A8H.7       PUBLIC        EA
  B:00C0H.1       PUBLIC        LED1
  D:00A8H         PUBLIC        IE
  D:00B8H         PUBLIC        IP
  C:001EH         PUBLIC        main
  D:0098H         PUBLIC        SCON
  D:0088H         PUBLIC        TCON
  D:00AFH         PUBLIC        IE2
  D:008EH         PUBLIC        AUXR
  D:00D6H         PUBLIC        T2H
  D:00D7H         PUBLIC        T2L
  C:0003H         PUBLIC        ISR_T2
  D:00C8H         PUBLIC        T2CON
  D:0008H         SYMBOL        x
  D:00D0H         PUBLIC        PSW
  -------         PROC          ISR_T2
  C:0003H         LINE#         18
  C:0007H         LINE#         20
  C:000EH         LINE#         21
  C:0011H         LINE#         22
  C:0013H         LINE#         23
  C:0013H         LINE#         24
  C:0016H         LINE#         25
  C:0019H         LINE#         26
BL51 BANKED LINKER/LOCATER V6.22                                                      04/10/2014  10:01:53  PAGE 3


  -------         ENDPROC       ISR_T2
  -------         PROC          MAIN
  C:001EH         LINE#         29
  C:001EH         LINE#         30
  C:001EH         LINE#         31
  C:0021H         LINE#         32
  C:0024H         LINE#         34
  C:0027H         LINE#         35
  C:002AH         LINE#         37
  C:002DH         LINE#         38
  C:002FH         LINE#         40
  -------         ENDPROC       MAIN
  -------         ENDMOD        MAIN

Program Size: data=10.0 xdata=0 code=196
LINK/LOCATE RUN COMPLETE.  0 WARNING(S),  0 ERROR(S)
