BL51 BANKED LINKER/LOCATER V6.22                                                        12/14/2019  12:15:15  PAGE 1


BL51 BANKED LINKER/LOCATER V6.22, INVOKED BY:
C:\KEIL\C51\BIN\BL51.EXE ex9.obj, i2c.obj TO EEPROM_1 RAMSIZE (256)


MEMORY MODEL: SMALL


INPUT MODULES INCLUDED:
  ex9.obj (EX9)
  i2c.obj (I2C)
  C:\KEIL\C51\LIB\C51S.LIB (?C_STARTUP)
  C:\KEIL\C51\LIB\C51S.LIB (?C_INIT)


LINK MAP OF MODULE:  EEPROM_1 (EX9)


            TYPE    BASE      LENGTH    RELOCATION   SEGMENT NAME
            -----------------------------------------------------

            * * * * * * *   D A T A   M E M O R Y   * * * * * * *
            REG     0000H     0008H     ABSOLUTE     "REG BANK 0"
            DATA    0008H     0009H     UNIT         ?DT?EX9
            DATA    0011H     0001H     UNIT         _DATA_GROUP_
            IDATA   0012H     0001H     UNIT         ?STACK

            * * * * * * *   C O D E   M E M O R Y   * * * * * * *
            CODE    0000H     0003H     ABSOLUTE     
            CODE    0003H     0007H     UNIT         ?PR?CLS_LED?EX9
                    000AH     0001H                  *** GAP ***
            CODE    000BH     0003H     ABSOLUTE     
            CODE    000EH     008CH     UNIT         ?C_C51STARTUP
            CODE    009AH     0069H     UNIT         ?PR?MAIN?EX9
            CODE    0103H     003BH     UNIT         ?PR?ISR_TIMER_0?EX9
            CODE    013EH     0030H     UNIT         ?PR?DISPLAY?EX9
            CODE    016EH     0030H     UNIT         ?PR?_I2C_SENDBYTE?I2C
            CODE    019EH     0025H     UNIT         ?PR?_READ_EEPROM?I2C
            CODE    01C3H     0021H     UNIT         ?PR?I2C_RECEIVEBYTE?I2C
            CODE    01E4H     001DH     UNIT         ?PR?I2C_WAITACK?I2C
            CODE    0201H     001CH     UNIT         ?PR?_WRITE_EEPROM?I2C
            CODE    021DH     001AH     UNIT         ?PR?_I2C_DELAY?I2C
            CODE    0237H     0018H     UNIT         ?PR?_I2C_SENDACK?I2C
            CODE    024FH     0012H     UNIT         ?PR?_OPERATE_DELAY?I2C
            CODE    0261H     000FH     UNIT         ?PR?I2C_START?I2C
            CODE    0270H     000EH     UNIT         ?C_INITSEG
            CODE    027EH     000CH     UNIT         ?PR?I2C_STOP?I2C
            CODE    028AH     000BH     UNIT         ?CO?EX9
            CODE    0295H     0009H     UNIT         ?PR?DELAY?EX9
            CODE    029EH     0006H     UNIT         ?PR?CLS_BUZZ?EX9



OVERLAY MAP OF MODULE:   EEPROM_1 (EX9)


SEGMENT                           DATA_GROUP 
  +--> CALLED SEGMENT           START    LENGTH
-----------------------------------------------
BL51 BANKED LINKER/LOCATER V6.22                                                      12/14/2019  12:15:15  PAGE 2


?PR?ISR_TIMER_0?EX9             -----    -----
  +--> ?PR?DISPLAY?EX9

?PR?DISPLAY?EX9                 -----    -----
  +--> ?CO?EX9

*** NEW ROOT ***************************************************

?C_C51STARTUP                   -----    -----
  +--> ?PR?MAIN?EX9
  +--> ?C_INITSEG

?PR?MAIN?EX9                    0011H    0001H
  +--> ?PR?CLS_BUZZ?EX9
  +--> ?PR?CLS_LED?EX9
  +--> ?PR?_READ_EEPROM?I2C
  +--> ?PR?DELAY?EX9
  +--> ?PR?_WRITE_EEPROM?I2C

?PR?_READ_EEPROM?I2C            -----    -----
  +--> ?PR?I2C_START?I2C
  +--> ?PR?I2C_WAITACK?I2C
  +--> ?PR?_I2C_SENDBYTE?I2C
  +--> ?PR?I2C_RECEIVEBYTE?I2C
  +--> ?PR?_I2C_SENDACK?I2C
  +--> ?PR?I2C_STOP?I2C

?PR?I2C_START?I2C               -----    -----
  +--> ?PR?_I2C_DELAY?I2C

?PR?I2C_WAITACK?I2C             -----    -----
  +--> ?PR?_I2C_SENDBYTE?I2C
  +--> ?PR?_I2C_DELAY?I2C

?PR?_I2C_SENDBYTE?I2C           -----    -----
  +--> ?PR?_I2C_DELAY?I2C

?PR?I2C_RECEIVEBYTE?I2C         -----    -----
  +--> ?PR?_I2C_DELAY?I2C

?PR?_I2C_SENDACK?I2C            -----    -----
  +--> ?PR?_I2C_DELAY?I2C

?PR?I2C_STOP?I2C                -----    -----
  +--> ?PR?_I2C_DELAY?I2C

?PR?_WRITE_EEPROM?I2C           -----    -----
  +--> ?PR?I2C_START?I2C
  +--> ?PR?_I2C_SENDBYTE?I2C
  +--> ?PR?I2C_WAITACK?I2C
  +--> ?PR?I2C_STOP?I2C
  +--> ?PR?_OPERATE_DELAY?I2C



SYMBOL TABLE OF MODULE:  EEPROM_1 (EX9)

BL51 BANKED LINKER/LOCATER V6.22                                                      12/14/2019  12:15:15  PAGE 3


  VALUE           TYPE          NAME
  ----------------------------------

  -------         MODULE        EX9
  C:0000H         SYMBOL        _ICE_DUMMY_
  D:0090H         PUBLIC        P1
  D:00B0H         PUBLIC        P3
  B:00A8H.7       PUBLIC        EA
  D:0008H         PUBLIC        dspbuf
  D:0010H         PUBLIC        dspcom
  D:00A8H         PUBLIC        IE
  C:0295H         PUBLIC        delay
  D:00B8H         PUBLIC        IP
  C:009AH         PUBLIC        main
  D:0098H         PUBLIC        SCON
  D:0089H         PUBLIC        TMOD
  D:0088H         PUBLIC        TCON
  C:028AH         PUBLIC        tab
  D:008EH         PUBLIC        AUXR
  B:00A8H.1       PUBLIC        ET0
  B:0088H.5       PUBLIC        TF0
  D:008CH         PUBLIC        TH0
  D:008AH         PUBLIC        TL0
  B:0088H.4       PUBLIC        TR0
  C:0003H         PUBLIC        cls_led
  C:0103H         PUBLIC        isr_timer_0
  D:00C8H         PUBLIC        T2CON
  C:029EH         PUBLIC        cls_buzz
  C:013EH         PUBLIC        display
  D:00D0H         PUBLIC        PSW
  -------         PROC          CLS_BUZZ
  C:029EH         LINE#         28
  C:029EH         LINE#         29
  C:029EH         LINE#         30
  C:02A3H         LINE#         31
  -------         ENDPROC       CLS_BUZZ
  -------         PROC          CLS_LED
  C:0003H         LINE#         32
  C:0003H         LINE#         33
  C:0003H         LINE#         34
  C:0009H         LINE#         35
  -------         ENDPROC       CLS_LED
  -------         PROC          DELAY
  -------         DO            
  D:0007H         SYMBOL        i
  D:0006H         SYMBOL        j
  -------         ENDDO         
  C:0295H         LINE#         38
  C:0295H         LINE#         39
  C:0295H         LINE#         42
  C:0297H         LINE#         43
  C:0299H         LINE#         45
  C:0299H         LINE#         46
  C:029BH         LINE#         47
  C:029DH         LINE#         48
  -------         ENDPROC       DELAY
  -------         PROC          MAIN
BL51 BANKED LINKER/LOCATER V6.22                                                      12/14/2019  12:15:15  PAGE 4


  -------         DO            
  D:0011H         SYMBOL        reset_cnt
  -------         ENDDO         
  C:009AH         LINE#         51
  C:009AH         LINE#         52
  C:009AH         LINE#         55
  C:00A0H         LINE#         57
  C:00A3H         LINE#         58
  C:00A6H         LINE#         59
  C:00A9H         LINE#         60
  C:00ACH         LINE#         61
  C:00AEH         LINE#         62
  C:00B0H         LINE#         63
  C:00B2H         LINE#         67
  C:00B9H         LINE#         68
  C:00BBH         LINE#         69
  C:00BEH         LINE#         70
  C:00C5H         LINE#         71
  C:00C8H         LINE#         73
  C:00CAH         LINE#         76
  C:00DEH         LINE#         77
  C:00F8H         LINE#         78
  C:0101H         LINE#         80
  C:0101H         LINE#         81
  C:0101H         LINE#         83
  -------         ENDPROC       MAIN
  -------         PROC          ISR_TIMER_0
  C:0103H         LINE#         87
  C:0120H         LINE#         89
  C:0123H         LINE#         90
  -------         ENDPROC       ISR_TIMER_0
  -------         PROC          DISPLAY
  C:013EH         LINE#         93
  C:013EH         LINE#         94
  C:013EH         LINE#         95
  C:0144H         LINE#         97
  C:0155H         LINE#         98
  C:0163H         LINE#         100
  C:016AH         LINE#         101
  C:016DH         LINE#         102
  C:016DH         LINE#         103
  -------         ENDPROC       DISPLAY
  -------         ENDMOD        EX9

  -------         MODULE        I2C
  C:0000H         SYMBOL        _ICE_DUMMY_
  C:01C3H         PUBLIC        i2c_receivebyte
  D:0090H         PUBLIC        P1
  D:00A0H         PUBLIC        P2
  D:00B0H         PUBLIC        P3
  B:00A8H.7       PUBLIC        EA
  C:019EH         PUBLIC        _read_eeprom
  D:00A8H         PUBLIC        IE
  C:0261H         PUBLIC        i2c_start
  D:00B8H         PUBLIC        IP
  C:0201H         PUBLIC        _write_eeprom
  C:027EH         PUBLIC        i2c_stop
BL51 BANKED LINKER/LOCATER V6.22                                                      12/14/2019  12:15:15  PAGE 5


  D:0098H         PUBLIC        SCON
  D:0088H         PUBLIC        TCON
  B:00A0H.1       PUBLIC        sda
  C:0237H         PUBLIC        _i2c_sendack
  C:016EH         PUBLIC        _i2c_sendbyte
  B:00A0H.0       PUBLIC        scl
  C:01EFH         PUBLIC        i2c_waitack
  C:024FH         PUBLIC        _operate_delay
  D:00C8H         PUBLIC        T2CON
  C:0221H         PUBLIC        _i2c_delay
  D:00D0H         PUBLIC        PSW
  C:021DH         SYMBOL        L?0030
  -------         PROC          L?0029
  -------         ENDPROC       L?0029
  C:021DH         SYMBOL        L?0030
  -------         PROC          _I2C_DELAY
  D:0007H         SYMBOL        i
  C:0221H         LINE#         16
  C:0221H         LINE#         17
  C:0221H         LINE#         19
  C:0221H         LINE#         20
  C:0226H         LINE#         21
  C:022BH         LINE#         22
  C:0230H         LINE#         23
  C:0230H         LINE#         24
  C:0236H         LINE#         25
  -------         ENDPROC       _I2C_DELAY
  -------         PROC          I2C_START
  C:0261H         LINE#         34
  C:0261H         LINE#         35
  C:0261H         LINE#         36
  C:0263H         LINE#         37
  C:0263H         LINE#         38
  C:0266H         LINE#         39
  C:0268H         LINE#         40
  C:026DH         LINE#         41
  C:026FH         LINE#         42
  -------         ENDPROC       I2C_START
  -------         PROC          I2C_STOP
  C:027EH         LINE#         51
  C:027EH         LINE#         52
  C:027EH         LINE#         53
  C:0280H         LINE#         54
  C:0280H         LINE#         55
  C:0283H         LINE#         56
  C:0285H         LINE#         57
  -------         ENDPROC       I2C_STOP
  -------         PROC          _I2C_SENDBYTE
  D:0005H         SYMBOL        byt
  -------         DO            
  D:0004H         SYMBOL        i
  -------         ENDDO         
  C:016EH         LINE#         66
  C:0170H         LINE#         67
  C:0170H         LINE#         70
  C:0172H         LINE#         71
  C:0174H         LINE#         72
BL51 BANKED LINKER/LOCATER V6.22                                                      12/14/2019  12:15:15  PAGE 6


  C:0176H         LINE#         73
  C:017BH         LINE#         74
  C:017FH         LINE#         75
  C:0181H         LINE#         76
  C:0183H         LINE#         77
  C:0183H         LINE#         78
  C:0185H         LINE#         79
  C:0185H         LINE#         80
  C:018AH         LINE#         81
  C:018CH         LINE#         82
  C:0190H         LINE#         83
  C:0195H         LINE#         84
  C:0199H         LINE#         85
  C:019BH         LINE#         87
  C:019DH         LINE#         88
  -------         ENDPROC       _I2C_SENDBYTE
  -------         PROC          L?0028
  -------         ENDPROC       L?0028
  -------         PROC          I2C_WAITACK
  -------         DO            
  D:0005H         SYMBOL        ackbit
  -------         ENDDO         
  C:01EFH         LINE#         97
  C:01EFH         LINE#         98
  C:01EFH         LINE#         101
  C:01EFH         LINE#         102
  C:01F2H         LINE#         103
  C:01F7H         LINE#         104
  C:01F9H         LINE#         105
  C:01FEH         LINE#         107
  C:0200H         LINE#         108
  -------         ENDPROC       I2C_WAITACK
  -------         PROC          I2C_RECEIVEBYTE
  -------         DO            
  D:0005H         SYMBOL        da
  D:0004H         SYMBOL        i
  -------         ENDDO         
  C:01C3H         LINE#         117
  C:01C3H         LINE#         118
  C:01C3H         LINE#         122
  C:01C5H         LINE#         123
  C:01C7H         LINE#         124
  C:01C7H         LINE#         125
  C:01CAH         LINE#         126
  C:01CEH         LINE#         127
  C:01D1H         LINE#         128
  C:01D4H         LINE#         129
  C:01D6H         LINE#         130
  C:01DBH         LINE#         131
  C:01DFH         LINE#         132
  C:01E1H         LINE#         134
  C:01E3H         LINE#         135
  -------         ENDPROC       I2C_RECEIVEBYTE
  -------         PROC          _I2C_SENDACK
  D:0007H         SYMBOL        ackbit
  C:0237H         LINE#         143
  C:0237H         LINE#         144
BL51 BANKED LINKER/LOCATER V6.22                                                      12/14/2019  12:15:15  PAGE 7


  C:0237H         LINE#         145
  C:0239H         LINE#         146
  C:023EH         LINE#         147
  C:0243H         LINE#         148
  C:0243H         LINE#         149
  C:0246H         LINE#         150
  C:0248H         LINE#         151
  C:024AH         LINE#         152
  -------         ENDPROC       _I2C_SENDACK
  -------         PROC          _OPERATE_DELAY
  D:0007H         SYMBOL        t
  -------         DO            
  D:0006H         SYMBOL        i
  -------         ENDDO         
  C:024FH         LINE#         161
  C:024FH         LINE#         162
  C:024FH         LINE#         165
  C:0255H         LINE#         166
  C:0260H         LINE#         167
  C:0260H         LINE#         168
  -------         ENDPROC       _OPERATE_DELAY
  -------         PROC          _WRITE_EEPROM
  D:0002H         SYMBOL        add
  D:0003H         SYMBOL        val
  C:0201H         LINE#         177
  C:0205H         LINE#         178
  C:0205H         LINE#         179
  C:0208H         LINE#         180
  C:020DH         LINE#         181
  C:0210H         LINE#         182
  C:0212H         LINE#         183
  C:0212H         LINE#         184
  C:0212H         LINE#         185
  C:0215H         LINE#         186
  C:0218H         LINE#         187
  -------         ENDPROC       _WRITE_EEPROM
  -------         PROC          _READ_EEPROM
  D:0003H         SYMBOL        add
  -------         DO            
  D:0005H         SYMBOL        da
  -------         ENDDO         
  C:019EH         LINE#         197
  C:01A0H         LINE#         198
  C:01A0H         LINE#         201
  C:01A3H         LINE#         202
  C:01A5H         LINE#         203
  C:01A5H         LINE#         204
  C:01A5H         LINE#         205
  C:01A8H         LINE#         207
  C:01ABH         LINE#         208
  C:01B0H         LINE#         209
  C:01B3H         LINE#         210
  C:01B8H         LINE#         211
  C:01BDH         LINE#         212
  C:01C0H         LINE#         214
  C:01C2H         LINE#         215
  -------         ENDPROC       _READ_EEPROM
BL51 BANKED LINKER/LOCATER V6.22                                                      12/14/2019  12:15:15  PAGE 8


  -------         ENDMOD        I2C

Program Size: data=19.0 xdata=0 code=675
LINK/LOCATE RUN COMPLETE.  0 WARNING(S),  0 ERROR(S)
