BL51 BANKED LINKER/LOCATER V6.22                                                        11/28/2019  15:53:49  PAGE 1


BL51 BANKED LINKER/LOCATER V6.22, INVOKED BY:
D:\KEIL5ARM\C51\BIN\BL51.EXE .\output\STARTUP.obj, .\output\main.obj TO .\output\uart PRINT (.\list\uart.m51) RAMSIZE (2
>> 56)


MEMORY MODEL: SMALL


INPUT MODULES INCLUDED:
  .\output\STARTUP.obj (?C_STARTUP)
  .\output\main.obj (MAIN)
  D:\KEIL5ARM\C51\LIB\C51S.LIB (?C_INIT)
  D:\KEIL5ARM\C51\LIB\C51S.LIB (?C?CLDOPTR)


LINK MAP OF MODULE:  .\output\uart (?C_STARTUP)


            TYPE    BASE      LENGTH    RELOCATION   SEGMENT NAME
            -----------------------------------------------------

            * * * * * * *   D A T A   M E M O R Y   * * * * * * *
            REG     0000H     0008H     ABSOLUTE     "REG BANK 0"
            DATA    0008H     003CH     UNIT         ?DT?MAIN
            DATA    0044H     0003H     UNIT         _DATA_GROUP_
            IDATA   0047H     0001H     UNIT         ?STACK

            * * * * * * *   C O D E   M E M O R Y   * * * * * * *
            CODE    0000H     0003H     ABSOLUTE     
            CODE    0003H     008CH     UNIT         ?C_C51STARTUP
            CODE    008FH     004CH     UNIT         ?PR?MAIN?MAIN
            CODE    00DBH     0043H     UNIT         ?C_INITSEG
            CODE    011EH     002EH     UNIT         ?PR?_UART_TX?MAIN
            CODE    014CH     002DH     UNIT         ?C?LIB_CODE



OVERLAY MAP OF MODULE:   .\output\uart (?C_STARTUP)


SEGMENT                          DATA_GROUP 
  +--> CALLED SEGMENT          START    LENGTH
----------------------------------------------
?C_C51STARTUP                  -----    -----
  +--> ?PR?MAIN?MAIN
  +--> ?C_INITSEG

?PR?MAIN?MAIN                  -----    -----
  +--> ?PR?_UART_TX?MAIN

?PR?_UART_TX?MAIN              0044H    0003H



SYMBOL TABLE OF MODULE:  .\output\uart (?C_STARTUP)

  VALUE           TYPE          NAME
  ----------------------------------
BL51 BANKED LINKER/LOCATER V6.22                                                      11/28/2019  15:53:49  PAGE 2



  -------         MODULE        ?C_STARTUP
  C:0003H         SEGMENT       ?C_C51STARTUP
  I:0047H         SEGMENT       ?STACK
  C:0000H         PUBLIC        ?C_STARTUP
  D:00E0H         SYMBOL        ACC
  D:00F0H         SYMBOL        B
  D:0083H         SYMBOL        DPH
  D:0082H         SYMBOL        DPL
  N:0000H         SYMBOL        IBPSTACK
  N:0100H         SYMBOL        IBPSTACKTOP
  N:0080H         SYMBOL        IDATALEN
  C:0006H         SYMBOL        IDATALOOP
  N:0000H         SYMBOL        PBPSTACK
  N:0100H         SYMBOL        PBPSTACKTOP
  N:0000H         SYMBOL        PDATALEN
  N:0000H         SYMBOL        PDATASTART
  N:0000H         SYMBOL        PPAGE
  N:0000H         SYMBOL        PPAGEENABLE
  D:00A0H         SYMBOL        PPAGE_SFR
  D:0081H         SYMBOL        SP
  C:0003H         SYMBOL        STARTUP1
  N:0000H         SYMBOL        XBPSTACK
  N:0000H         SYMBOL        XBPSTACKTOP
  N:0000H         SYMBOL        XDATALEN
  N:0000H         SYMBOL        XDATASTART
  C:0000H         LINE#         126
  C:0003H         LINE#         133
  C:0005H         LINE#         134
  C:0006H         LINE#         135
  C:0007H         LINE#         136
  C:0009H         LINE#         185
  C:000CH         LINE#         196
  -------         ENDMOD        ?C_STARTUP

  -------         MODULE        MAIN
  C:0000H         SYMBOL        _ICE_DUMMY_
  C:0126H         PUBLIC        _uart_tx
  D:0008H         PUBLIC        txbuffer1
  B:0098H.1       PUBLIC        TI
  D:0025H         PUBLIC        txbuffer2
  D:0042H         PUBLIC        enter
  C:008FH         PUBLIC        main
  D:0099H         PUBLIC        SBUF
  D:0098H         PUBLIC        SCON
  D:0089H         PUBLIC        TMOD
  D:008DH         PUBLIC        TH1
  D:008BH         PUBLIC        TL1
  B:0088H.6       PUBLIC        TR1
  -------         PROC          MAIN
  C:008FH         LINE#         9
  C:008FH         LINE#         10
  C:008FH         LINE#         11
  C:0092H         LINE#         12
  C:0095H         LINE#         13
  C:0098H         LINE#         14
  C:009BH         LINE#         15
BL51 BANKED LINKER/LOCATER V6.22                                                      11/28/2019  15:53:49  PAGE 3


  C:009DH         LINE#         17
  C:00A8H         LINE#         18
  C:00ABH         LINE#         19
  C:00AEH         LINE#         20
  C:00B1H         LINE#         21
  C:00BCH         LINE#         22
  C:00BFH         LINE#         23
  C:00C2H         LINE#         24
  C:00C5H         LINE#         25
  C:00D0H         LINE#         26
  C:00D3H         LINE#         27
  C:00D6H         LINE#         28
  C:00D9H         LINE#         30
  -------         ENDPROC       MAIN
  C:011EH         SYMBOL        L?0011
  -------         PROC          L?0010
  -------         ENDPROC       L?0010
  C:011EH         SYMBOL        L?0011
  -------         PROC          _UART_TX
  D:0044H         SYMBOL        p
  D:0005H         SYMBOL        length
  -------         DO            
  D:0007H         SYMBOL        i
  -------         ENDDO         
  C:0126H         LINE#         33
  C:012CH         LINE#         34
  C:012CH         LINE#         36
  C:0133H         LINE#         37
  C:0133H         LINE#         38
  C:0143H         LINE#         39
  C:0146H         LINE#         40
  C:0148H         LINE#         41
  C:014BH         LINE#         42
  -------         ENDPROC       _UART_TX
  -------         ENDMOD        MAIN

  -------         MODULE        ?C?CLDOPTR
  C:014CH         PUBLIC        ?C?CLDOPTR
  -------         ENDMOD        ?C?CLDOPTR

Program Size: data=72.0 xdata=0 code=377
LINK/LOCATE RUN COMPLETE.  0 WARNING(S),  0 ERROR(S)
