BL51 BANKED LINKER/LOCATER V6.22                                                        04/10/2014  10:28:44  PAGE 1


BL51 BANKED LINKER/LOCATER V6.22, INVOKED BY:
E:\KEIL\C51\BIN\BL51.EXE STARTUP.obj, main.obj, ds18b20.obj TO DS18B20 RAMSIZE (256)


MEMORY MODEL: SMALL WITH FLOATING POINT ARITHMETIC


INPUT MODULES INCLUDED:
  STARTUP.obj (?C_STARTUP)
  main.obj (MAIN)
  ds18b20.obj (DS18B20)
  E:\KEIL\C51\LIB\C51FPS.LIB (?C?FPDIV)
  E:\KEIL\C51\LIB\C51FPS.LIB (?C?FCAST)
  E:\KEIL\C51\LIB\C51FPS.LIB (PRINTF)
  E:\KEIL\C51\LIB\C51FPS.LIB (?C?FPGETOPN)
  E:\KEIL\C51\LIB\C51FPS.LIB (?C?FPROUND)
  E:\KEIL\C51\LIB\C51FPS.LIB (?C?FPCONVERT)
  E:\KEIL\C51\LIB\C51FPS.LIB (?C?FPADD)
  E:\KEIL\C51\LIB\C51FPS.LIB (?C?FPMUL)
  E:\KEIL\C51\LIB\C51FPS.LIB (?C?FTNPWR)
  E:\KEIL\C51\LIB\C51S.LIB (?C_INIT)
  E:\KEIL\C51\LIB\C51S.LIB (?C?CLDPTR)
  E:\KEIL\C51\LIB\C51S.LIB (?C?CLDOPTR)
  E:\KEIL\C51\LIB\C51S.LIB (?C?CSTPTR)
  E:\KEIL\C51\LIB\C51S.LIB (?C?SLDIV)
  E:\KEIL\C51\LIB\C51S.LIB (?C?LNEG)
  E:\KEIL\C51\LIB\C51S.LIB (?C?SLSHR)
  E:\KEIL\C51\LIB\C51S.LIB (?C?PLDIIDATA)
  E:\KEIL\C51\LIB\C51S.LIB (?C?CCASE)
  E:\KEIL\C51\LIB\C51S.LIB (PUTCHAR)
  E:\KEIL\C51\LIB\C51S.LIB (?C?ULDIV)


LINK MAP OF MODULE:  DS18B20 (?C_STARTUP)


            TYPE    BASE      LENGTH    RELOCATION   SEGMENT NAME
            -----------------------------------------------------

            * * * * * * *   D A T A   M E M O R Y   * * * * * * *
            REG     0000H     0008H     ABSOLUTE     "REG BANK 0"
            DATA    0008H     0001H     UNIT         ?DT?MAIN
                    0009H     0017H                  *** GAP ***
            BIT     0020H.0   0001H.1   UNIT         _BIT_GROUP_
                    0021H.1   0000H.7                *** GAP ***
            DATA    0022H     0048H     UNIT         _DATA_GROUP_
            IDATA   006AH     0001H     UNIT         ?STACK

            * * * * * * *   C O D E   M E M O R Y   * * * * * * *
            CODE    0000H     0003H     ABSOLUTE     
            CODE    0003H     0646H     UNIT         ?C?LIB_CODE
            CODE    0649H     046FH     UNIT         ?PR?PRINTF?PRINTF
            CODE    0AB8H     008CH     UNIT         ?C_C51STARTUP
            CODE    0B44H     0064H     UNIT         ?PR?MAIN?MAIN
            CODE    0BA8H     005AH     UNIT         ?PR?_UARTINIT?MAIN
            CODE    0C02H     0047H     UNIT         ?PR?RD_TEMPERATURE?DS18B20
            CODE    0C49H     0044H     UNIT         ?C?LDIV
            CODE    0C8DH     0036H     UNIT         ?PR?_UARTSENDSTRING?MAIN
BL51 BANKED LINKER/LOCATER V6.22                                                      04/10/2014  10:28:44  PAGE 2


            CODE    0CC3H     0031H     UNIT         ?CO?MAIN
            CODE    0CF4H     0027H     UNIT         ?PR?INIT_DS18B20?DS18B20
            CODE    0D1BH     0027H     UNIT         ?PR?PUTCHAR?PUTCHAR
            CODE    0D42H     001EH     UNIT         ?PR?_WRITE_DS18B20?DS18B20
            CODE    0D60H     001AH     UNIT         ?PR?_DELAY_ONEWIRE?DS18B20
            CODE    0D7AH     001AH     UNIT         ?PR?READ_DS18B20?DS18B20
            CODE    0D94H     000FH     UNIT         ?PR?DELAY?MAIN
            CODE    0DA3H     0004H     UNIT         ?C_INITSEG



OVERLAY MAP OF MODULE:   DS18B20 (?C_STARTUP)


SEGMENT                               BIT_GROUP          DATA_GROUP 
  +--> CALLED SEGMENT              START    LENGTH     START    LENGTH
----------------------------------------------------------------------
?C_C51STARTUP                      -----    -----      -----    -----
  +--> ?PR?MAIN?MAIN
  +--> ?C_INITSEG

?PR?MAIN?MAIN                      -----    -----      0022H    002CH
  +--> ?PR?_UARTINIT?MAIN
  +--> ?CO?MAIN
  +--> ?PR?_UARTSENDSTRING?MAIN
  +--> ?PR?DELAY?MAIN
  +--> ?PR?RD_TEMPERATURE?DS18B20
  +--> ?PR?PRINTF?PRINTF

?PR?_UARTINIT?MAIN                 -----    -----      004EH    0002H

?PR?_UARTSENDSTRING?MAIN           -----    -----      004EH    0003H

?PR?RD_TEMPERATURE?DS18B20         -----    -----      004EH    0002H
  +--> ?PR?INIT_DS18B20?DS18B20
  +--> ?PR?_WRITE_DS18B20?DS18B20
  +--> ?PR?_DELAY_ONEWIRE?DS18B20
  +--> ?PR?READ_DS18B20?DS18B20

?PR?INIT_DS18B20?DS18B20           0020H.0  0000H.1    -----    -----
  +--> ?PR?_DELAY_ONEWIRE?DS18B20

?PR?_WRITE_DS18B20?DS18B20         -----    -----      -----    -----
  +--> ?PR?_DELAY_ONEWIRE?DS18B20

?PR?READ_DS18B20?DS18B20           -----    -----      -----    -----
  +--> ?PR?_DELAY_ONEWIRE?DS18B20

?PR?PRINTF?PRINTF                  0020H.0  0001H.1    004EH    001CH
  +--> ?PR?PUTCHAR?PUTCHAR



SYMBOL TABLE OF MODULE:  DS18B20 (?C_STARTUP)

  VALUE           TYPE          NAME
  ----------------------------------
BL51 BANKED LINKER/LOCATER V6.22                                                      04/10/2014  10:28:44  PAGE 3



  -------         MODULE        ?C_STARTUP
  C:0AB8H         SEGMENT       ?C_C51STARTUP
  I:006AH         SEGMENT       ?STACK
  C:0000H         PUBLIC        ?C_STARTUP
  D:00E0H         SYMBOL        ACC
  D:00F0H         SYMBOL        B
  D:0083H         SYMBOL        DPH
  D:0082H         SYMBOL        DPL
  N:0000H         SYMBOL        IBPSTACK
  N:0100H         SYMBOL        IBPSTACKTOP
  N:0080H         SYMBOL        IDATALEN
  C:0ABBH         SYMBOL        IDATALOOP
  N:0000H         SYMBOL        PBPSTACK
  N:0100H         SYMBOL        PBPSTACKTOP
  N:0000H         SYMBOL        PDATALEN
  N:0000H         SYMBOL        PDATASTART
  N:0000H         SYMBOL        PPAGE
  N:0000H         SYMBOL        PPAGEENABLE
  D:00A0H         SYMBOL        PPAGE_SFR
  D:0081H         SYMBOL        SP
  C:0AB8H         SYMBOL        STARTUP1
  N:0000H         SYMBOL        XBPSTACK
  N:0000H         SYMBOL        XBPSTACKTOP
  N:0000H         SYMBOL        XDATALEN
  N:0000H         SYMBOL        XDATASTART
  C:0000H         LINE#         126
  C:0AB8H         LINE#         133
  C:0ABAH         LINE#         134
  C:0ABBH         LINE#         135
  C:0ABCH         LINE#         136
  C:0ABEH         LINE#         185
  C:0AC1H         LINE#         196
  -------         ENDMOD        ?C_STARTUP

  -------         MODULE        MAIN
  C:0000H         SYMBOL        _ICE_DUMMY_
  D:0090H         PUBLIC        P1
  D:00B0H         PUBLIC        P3
  D:00C0H         PUBLIC        P4
  B:00A8H.7       PUBLIC        EA
  D:0008H         PUBLIC        RxC
  D:00A8H         PUBLIC        IE
  B:00A8H.4       PUBLIC        ES
  D:00B8H         PUBLIC        IP
  B:0098H.0       PUBLIC        RI
  B:0098H.1       PUBLIC        TI
  C:0B44H         PUBLIC        main
  D:0099H         PUBLIC        SBUF
  D:0098H         PUBLIC        SCON
  D:0088H         PUBLIC        TCON
  D:008EH         PUBLIC        AUXR
  C:0C8DH         PUBLIC        _UARTSendString
  D:00D6H         PUBLIC        T2H
  D:00D7H         PUBLIC        T2L
  C:0BA8H         PUBLIC        _UARTInit
  D:00C8H         PUBLIC        T2CON
BL51 BANKED LINKER/LOCATER V6.22                                                      04/10/2014  10:28:44  PAGE 4


  C:0D94H         PUBLIC        Delay
  D:00D0H         PUBLIC        PSW
  -------         PROC          DELAY
  -------         DO            
  D:0007H         SYMBOL        i
  D:0006H         SYMBOL        j
  D:0005H         SYMBOL        k
  -------         ENDDO         
  C:0D94H         LINE#         15
  C:0D94H         LINE#         18
  C:0D96H         LINE#         19
  C:0D98H         LINE#         20
  C:0D9CH         LINE#         21
  C:0D9EH         LINE#         22
  C:0DA2H         LINE#         23
  -------         ENDPROC       DELAY
  -------         PROC          _UARTINIT
  D:004EH         SYMBOL        baud
  C:0BA8H         LINE#         26
  C:0BACH         LINE#         27
  C:0BACH         LINE#         28
  C:0BAFH         LINE#         30
  C:0BC9H         LINE#         31
  C:0BF3H         LINE#         33
  C:0BF6H         LINE#         34
  C:0BF9H         LINE#         36
  C:0BFBH         LINE#         37
  C:0BFDH         LINE#         39
  C:0BFFH         LINE#         40
  C:0C01H         LINE#         41
  -------         ENDPROC       _UARTINIT
  -------         PROC          _UARTSENDSTRING
  D:0001H         SYMBOL        str
  -------         DO            
  D:004EH         SYMBOL        temp
  -------         ENDDO         
  C:0C8DH         LINE#         44
  C:0C8DH         LINE#         45
  C:0C8DH         LINE#         48
  C:0C93H         LINE#         49
  C:0C98H         LINE#         50
  C:0C98H         LINE#         51
  C:0C9AH         LINE#         52
  C:0CADH         LINE#         53
  C:0CB0H         LINE#         54
  C:0CB2H         LINE#         55
  C:0CBDH         LINE#         56
  C:0CBFH         LINE#         57
  C:0CBFH         LINE#         58
  C:0CC1H         LINE#         59
  C:0CC1H         LINE#         60
  C:0CC2H         LINE#         61
  -------         ENDPROC       _UARTSENDSTRING
  -------         PROC          MAIN
  -------         DO            
  D:0022H         SYMBOL        x
  D:0026H         SYMBOL        tempstr
BL51 BANKED LINKER/LOCATER V6.22                                                      04/10/2014  10:28:44  PAGE 5


  -------         ENDDO         
  C:0B44H         LINE#         65
  C:0B44H         LINE#         66
  C:0B44H         LINE#         67
  C:0B4DH         LINE#         70
  C:0B54H         LINE#         72
  C:0B5DH         LINE#         74
  C:0B5DH         LINE#         75
  C:0B60H         LINE#         76
  C:0B63H         LINE#         77
  C:0B6EH         LINE#         78
  C:0B97H         LINE#         80
  C:0BA0H         LINE#         81
  C:0BA3H         LINE#         82
  C:0BA6H         LINE#         83
  -------         ENDPROC       MAIN
  -------         ENDMOD        MAIN

  -------         MODULE        DS18B20
  C:0000H         SYMBOL        _ICE_DUMMY_
  D:0090H         PUBLIC        P1
  D:00A0H         PUBLIC        P2
  D:00B0H         PUBLIC        P3
  C:0D7AH         PUBLIC        Read_DS18B20
  D:00A8H         PUBLIC        IE
  C:0D64H         PUBLIC        _Delay_OneWire
  C:0D42H         PUBLIC        _Write_DS18B20
  B:00A0H.2       PUBLIC        DQ
  D:00B8H         PUBLIC        IP
  C:0CF4H         PUBLIC        init_ds18b20
  D:0098H         PUBLIC        SCON
  D:0088H         PUBLIC        TCON
  D:00C8H         PUBLIC        T2CON
  C:0C02H         PUBLIC        rd_temperature
  D:00D0H         PUBLIC        PSW
  C:0D60H         SYMBOL        L?0020
  -------         PROC          L?0019
  -------         ENDPROC       L?0019
  C:0D60H         SYMBOL        L?0020
  -------         PROC          _DELAY_ONEWIRE
  D:0006H         SYMBOL        t
  -------         DO            
  D:0005H         SYMBOL        i
  -------         ENDDO         
  C:0D64H         LINE#         13
  C:0D64H         LINE#         14
  C:0D64H         LINE#         16
  C:0D6EH         LINE#         17
  C:0D79H         LINE#         18
  C:0D79H         LINE#         19
  -------         ENDPROC       _DELAY_ONEWIRE
  -------         PROC          _WRITE_DS18B20
  D:0001H         SYMBOL        dat
  -------         DO            
  D:0003H         SYMBOL        i
  -------         ENDDO         
  C:0D42H         LINE#         22
BL51 BANKED LINKER/LOCATER V6.22                                                      04/10/2014  10:28:44  PAGE 6


  C:0D44H         LINE#         23
  C:0D44H         LINE#         25
  C:0D46H         LINE#         26
  C:0D46H         LINE#         27
  C:0D48H         LINE#         28
  C:0D4CH         LINE#         29
  C:0D4FH         LINE#         30
  C:0D51H         LINE#         31
  C:0D55H         LINE#         32
  C:0D59H         LINE#         33
  -------         ENDPROC       _WRITE_DS18B20
  -------         PROC          READ_DS18B20
  -------         DO            
  D:0003H         SYMBOL        i
  D:0004H         SYMBOL        dat
  -------         ENDDO         
  C:0D7AH         LINE#         37
  C:0D7AH         LINE#         38
  C:0D7AH         LINE#         42
  C:0D7CH         LINE#         43
  C:0D7CH         LINE#         44
  C:0D7EH         LINE#         45
  C:0D82H         LINE#         46
  C:0D84H         LINE#         47
  C:0D87H         LINE#         48
  C:0D87H         LINE#         49
  C:0D8AH         LINE#         50
  C:0D8AH         LINE#         51
  C:0D8DH         LINE#         52
  C:0D91H         LINE#         53
  C:0D93H         LINE#         54
  -------         ENDPROC       READ_DS18B20
  -------         PROC          INIT_DS18B20
  -------         DO            
  B:0020H.0       SYMBOL        initflag
  -------         ENDDO         
  C:0CF4H         LINE#         57
  C:0CF4H         LINE#         58
  C:0CF4H         LINE#         59
  C:0CF6H         LINE#         61
  C:0CF8H         LINE#         62
  C:0CFFH         LINE#         63
  C:0D01H         LINE#         64
  C:0D08H         LINE#         65
  C:0D0AH         LINE#         66
  C:0D11H         LINE#         67
  C:0D15H         LINE#         68
  C:0D18H         LINE#         70
  C:0D1AH         LINE#         71
  -------         ENDPROC       INIT_DS18B20
  -------         PROC          RD_TEMPERATURE
  -------         DO            
  D:004EH         SYMBOL        low
  D:0006H         SYMBOL        high
  D:0006H         SYMBOL        temp
  -------         ENDDO         
  C:0C02H         LINE#         73
BL51 BANKED LINKER/LOCATER V6.22                                                      04/10/2014  10:28:44  PAGE 7


  C:0C02H         LINE#         74
  C:0C02H         LINE#         78
  C:0C05H         LINE#         79
  C:0C0AH         LINE#         80
  C:0C0FH         LINE#         81
  C:0C16H         LINE#         83
  C:0C19H         LINE#         84
  C:0C1EH         LINE#         85
  C:0C23H         LINE#         87
  C:0C2BH         LINE#         88
  C:0C2EH         LINE#         90
  C:0C30H         LINE#         91
  C:0C37H         LINE#         93
  C:0C48H         LINE#         94
  -------         ENDPROC       RD_TEMPERATURE
  -------         ENDMOD        DS18B20

  -------         MODULE        ?C?FPDIV
  C:0006H         PUBLIC        ?C?FPDIV
  -------         ENDMOD        ?C?FPDIV

  -------         MODULE        ?C?FCAST
  C:00ADH         PUBLIC        ?C?FCASTC
  C:00A8H         PUBLIC        ?C?FCASTI
  C:00A3H         PUBLIC        ?C?FCASTL
  -------         ENDMOD        ?C?FCAST

  -------         MODULE        PRINTF
  D:004EH         PUBLIC        ?_PRINTF?BYTE
  D:004EH         PUBLIC        ?_SPRINTF?BYTE
  C:06ABH         PUBLIC        _PRINTF
  C:06A5H         PUBLIC        _SPRINTF
  -------         ENDMOD        PRINTF

  -------         MODULE        ?C?FPROUND
  C:012BH         PUBLIC        ?C?FPROUND
  -------         ENDMOD        ?C?FPROUND

  -------         MODULE        ?C?FPCONVERT
  C:015AH         PUBLIC        ?C?FPCONVERT
  -------         ENDMOD        ?C?FPCONVERT

  -------         MODULE        ?C?FPADD
  C:0264H         PUBLIC        ?C?FPADD
  C:0260H         PUBLIC        ?C?FPSUB
  -------         ENDMOD        ?C?FPADD

  -------         MODULE        ?C?FPMUL
  C:0355H         PUBLIC        ?C?FPMUL
  -------         ENDMOD        ?C?FPMUL

  -------         MODULE        ?C?FTNPWR
  C:048BH         PUBLIC        ?C?FTNPWR
  -------         ENDMOD        ?C?FTNPWR

  -------         MODULE        ?C?CLDPTR
  C:04CBH         PUBLIC        ?C?CLDPTR
BL51 BANKED LINKER/LOCATER V6.22                                                      04/10/2014  10:28:44  PAGE 8


  -------         ENDMOD        ?C?CLDPTR

  -------         MODULE        ?C?CLDOPTR
  C:04E4H         PUBLIC        ?C?CLDOPTR
  -------         ENDMOD        ?C?CLDOPTR

  -------         MODULE        ?C?CSTPTR
  C:0511H         PUBLIC        ?C?CSTPTR
  -------         ENDMOD        ?C?CSTPTR

  -------         MODULE        ?C?SLDIV
  C:0C49H         PUBLIC        ?C?SLDIV
  -------         ENDMOD        ?C?SLDIV

  -------         MODULE        ?C?LNEG
  C:0523H         PUBLIC        ?C?LNEG
  -------         ENDMOD        ?C?LNEG

  -------         MODULE        ?C?SLSHR
  C:0531H         PUBLIC        ?C?SLSHR
  -------         ENDMOD        ?C?SLSHR

  -------         MODULE        ?C?PLDIIDATA
  C:0545H         PUBLIC        ?C?PLDIIDATA
  -------         ENDMOD        ?C?PLDIIDATA

  -------         MODULE        ?C?CCASE
  C:0555H         PUBLIC        ?C?CCASE
  -------         ENDMOD        ?C?CCASE

  -------         MODULE        PUTCHAR
  C:0D1BH         PUBLIC        _PUTCHAR
  -------         ENDMOD        PUTCHAR

  -------         MODULE        ?C?ULDIV
  C:05B7H         PUBLIC        ?C?ULDIV
  -------         ENDMOD        ?C?ULDIV

Program Size: data=83.1 xdata=0 code=3495
LINK/LOCATE RUN COMPLETE.  0 WARNING(S),  0 ERROR(S)
