BL51 BANKED LINKER/LOCATER V6.22                                                        11/21/2013  13:15:38  PAGE 1


BL51 BANKED LINKER/LOCATER V6.22, INVOKED BY:
D:\PROGRAM FILES\KEIL\C51\BIN\BL51.EXE .\output\STARTUP.obj, .\output\main.obj TO .\output\key PRINT (.\list\key.m51) RA
>> MSIZE (256)


MEMORY MODEL: SMALL


INPUT MODULES INCLUDED:
  .\output\STARTUP.obj (?C_STARTUP)
  .\output\main.obj (MAIN)


LINK MAP OF MODULE:  .\output\key (?C_STARTUP)


            TYPE    BASE      LENGTH    RELOCATION   SEGMENT NAME
            -----------------------------------------------------

            * * * * * * *   D A T A   M E M O R Y   * * * * * * *
            REG     0000H     0008H     ABSOLUTE     "REG BANK 0"
            IDATA   0008H     0001H     UNIT         ?STACK

            * * * * * * *   C O D E   M E M O R Y   * * * * * * *
            CODE    0000H     0003H     ABSOLUTE     
                    0003H     07FDH                  *** GAP ***
            CODE    0800H     0032H     UNIT         ?PR?MAIN?MAIN
            CODE    0832H     000CH     UNIT         ?C_C51STARTUP



OVERLAY MAP OF MODULE:   .\output\key (?C_STARTUP)


SEGMENT
  +--> CALLED SEGMENT
---------------------
?C_C51STARTUP
  +--> ?PR?MAIN?MAIN



SYMBOL TABLE OF MODULE:  .\output\key (?C_STARTUP)

  VALUE           TYPE          NAME
  ----------------------------------

  -------         MODULE        ?C_STARTUP
  C:0832H         SEGMENT       ?C_C51STARTUP
  I:0008H         SEGMENT       ?STACK
  C:0000H         PUBLIC        ?C_STARTUP
  D:00E0H         SYMBOL        ACC
  D:00F0H         SYMBOL        B
  D:0083H         SYMBOL        DPH
  D:0082H         SYMBOL        DPL
  N:0000H         SYMBOL        IBPSTACK
  N:0100H         SYMBOL        IBPSTACKTOP
  N:0080H         SYMBOL        IDATALEN
BL51 BANKED LINKER/LOCATER V6.22                                                      11/21/2013  13:15:38  PAGE 2


  C:0835H         SYMBOL        IDATALOOP
  N:0000H         SYMBOL        PBPSTACK
  N:0100H         SYMBOL        PBPSTACKTOP
  N:0000H         SYMBOL        PDATALEN
  N:0000H         SYMBOL        PDATASTART
  N:0000H         SYMBOL        PPAGE
  N:0000H         SYMBOL        PPAGEENABLE
  D:00A0H         SYMBOL        PPAGE_SFR
  D:0081H         SYMBOL        SP
  C:0832H         SYMBOL        STARTUP1
  N:0000H         SYMBOL        XBPSTACK
  N:0000H         SYMBOL        XBPSTACKTOP
  N:0000H         SYMBOL        XDATALEN
  N:0000H         SYMBOL        XDATASTART
  C:0000H         LINE#         126
  C:0832H         LINE#         133
  C:0834H         LINE#         134
  C:0835H         LINE#         135
  C:0836H         LINE#         136
  C:0838H         LINE#         185
  C:083BH         LINE#         196
  -------         ENDMOD        ?C_STARTUP

  -------         MODULE        MAIN
  C:0000H         SYMBOL        _ICE_DUMMY_
  D:0080H         PUBLIC        P0
  D:0090H         PUBLIC        P1
  D:00A0H         PUBLIC        P2
  D:00B0H         PUBLIC        P3
  D:00A8H         PUBLIC        IE
  D:00B8H         PUBLIC        IP
  C:0800H         PUBLIC        main
  D:0098H         PUBLIC        SCON
  D:0088H         PUBLIC        TCON
  D:00C8H         PUBLIC        T2CON
  D:00D0H         PUBLIC        PSW
  -------         PROC          MAIN
  C:0800H         LINE#         3
  C:0800H         LINE#         4
  C:0800H         LINE#         5
  C:0800H         LINE#         6
  C:0800H         LINE#         7
  C:0812H         LINE#         8
  C:0812H         LINE#         9
  C:0812H         LINE#         10
  C:0812H         LINE#         11
  C:0815H         LINE#         12
  C:0815H         LINE#         13
  C:0815H         LINE#         14
  C:0817H         LINE#         15
  C:0817H         LINE#         16
  C:0817H         LINE#         17
  C:0817H         LINE#         18
  C:081AH         LINE#         19
  C:081AH         LINE#         20
  C:081AH         LINE#         21
  C:081CH         LINE#         22
BL51 BANKED LINKER/LOCATER V6.22                                                      11/21/2013  13:15:38  PAGE 3


  C:081CH         LINE#         23
  C:081CH         LINE#         24
  C:081CH         LINE#         25
  C:081FH         LINE#         26
  C:0822H         LINE#         27
  C:0825H         LINE#         28
  C:0827H         LINE#         29
  C:0827H         LINE#         30
  C:0827H         LINE#         31
  C:0827H         LINE#         32
  C:082AH         LINE#         33
  C:082DH         LINE#         34
  C:0830H         LINE#         35
  -------         ENDPROC       MAIN
  -------         ENDMOD        MAIN

******************************************************************************
* RESTRICTED VERSION WITH 0800H BYTE CODE SIZE LIMIT; USED: 0041H BYTE ( 3%) *
******************************************************************************

Program Size: data=9.0 xdata=0 code=65
LINK/LOCATE RUN COMPLETE.  0 WARNING(S),  0 ERROR(S)
