BL51 BANKED LINKER/LOCATER V6.22                                                        04/10/2014  09:43:16  PAGE 1


BL51 BANKED LINKER/LOCATER V6.22, INVOKED BY:
E:\KEIL\C51\BIN\BL51.EXE STARTUP.obj, main.obj TO LED RAMSIZE (256)


MEMORY MODEL: SMALL


INPUT MODULES INCLUDED:
  STARTUP.obj (?C_STARTUP)
  main.obj (MAIN)
  E:\KEIL\C51\LIB\C51S.LIB (?C_INIT)


LINK MAP OF MODULE:  LED (?C_STARTUP)


            TYPE    BASE      LENGTH    RELOCATION   SEGMENT NAME
            -----------------------------------------------------

            * * * * * * *   D A T A   M E M O R Y   * * * * * * *
            REG     0000H     0008H     ABSOLUTE     "REG BANK 0"
            DATA    0008H     0004H     UNIT         ?DT?MAIN
            DATA    000CH     0001H     UNIT         _DATA_GROUP_
            IDATA   000DH     0001H     UNIT         ?STACK

            * * * * * * *   C O D E   M E M O R Y   * * * * * * *
            CODE    0000H     0003H     ABSOLUTE     
            CODE    0003H     008CH     UNIT         ?C_C51STARTUP
            CODE    008FH     001AH     UNIT         ?PR?MAIN?MAIN
            CODE    00A9H     000FH     UNIT         ?PR?DELAY?MAIN
            CODE    00B8H     0007H     UNIT         ?C_INITSEG



OVERLAY MAP OF MODULE:   LED (?C_STARTUP)


SEGMENT                          DATA_GROUP 
  +--> CALLED SEGMENT          START    LENGTH
----------------------------------------------
?C_C51STARTUP                  -----    -----
  +--> ?PR?MAIN?MAIN
  +--> ?C_INITSEG

?PR?MAIN?MAIN                  000CH    0001H
  +--> ?PR?DELAY?MAIN



SYMBOL TABLE OF MODULE:  LED (?C_STARTUP)

  VALUE           TYPE          NAME
  ----------------------------------

  -------         MODULE        ?C_STARTUP
  C:0003H         SEGMENT       ?C_C51STARTUP
  I:000DH         SEGMENT       ?STACK
  C:0000H         PUBLIC        ?C_STARTUP
BL51 BANKED LINKER/LOCATER V6.22                                                      04/10/2014  09:43:16  PAGE 2


  D:00E0H         SYMBOL        ACC
  D:00F0H         SYMBOL        B
  D:0083H         SYMBOL        DPH
  D:0082H         SYMBOL        DPL
  N:0000H         SYMBOL        IBPSTACK
  N:0100H         SYMBOL        IBPSTACKTOP
  N:0080H         SYMBOL        IDATALEN
  C:0006H         SYMBOL        IDATALOOP
  N:0000H         SYMBOL        PBPSTACK
  N:0100H         SYMBOL        PBPSTACKTOP
  N:0000H         SYMBOL        PDATALEN
  N:0000H         SYMBOL        PDATASTART
  N:0000H         SYMBOL        PPAGE
  N:0000H         SYMBOL        PPAGEENABLE
  D:00A0H         SYMBOL        PPAGE_SFR
  D:0081H         SYMBOL        SP
  C:0003H         SYMBOL        STARTUP1
  N:0000H         SYMBOL        XBPSTACK
  N:0000H         SYMBOL        XBPSTACKTOP
  N:0000H         SYMBOL        XDATALEN
  N:0000H         SYMBOL        XDATASTART
  C:0000H         LINE#         126
  C:0003H         LINE#         133
  C:0005H         LINE#         134
  C:0006H         LINE#         135
  C:0007H         LINE#         136
  C:0009H         LINE#         185
  C:000CH         LINE#         196
  -------         ENDMOD        ?C_STARTUP

  -------         MODULE        MAIN
  C:0000H         SYMBOL        _ICE_DUMMY_
  D:0090H         PUBLIC        P1
  D:00B0H         PUBLIC        P3
  D:00C0H         PUBLIC        P4
  D:0008H         PUBLIC        table
  D:00A8H         PUBLIC        IE
  D:00B8H         PUBLIC        IP
  C:008FH         PUBLIC        main
  D:0098H         PUBLIC        SCON
  D:0088H         PUBLIC        TCON
  D:00C8H         PUBLIC        T2CON
  C:00A9H         PUBLIC        Delay
  D:00D0H         PUBLIC        PSW
  -------         PROC          DELAY
  -------         DO            
  D:0007H         SYMBOL        i
  D:0006H         SYMBOL        j
  D:0005H         SYMBOL        k
  -------         ENDDO         
  C:00A9H         LINE#         19
  C:00A9H         LINE#         22
  C:00ABH         LINE#         23
  C:00ADH         LINE#         24
  C:00B1H         LINE#         25
  C:00B3H         LINE#         26
  C:00B7H         LINE#         27
BL51 BANKED LINKER/LOCATER V6.22                                                      04/10/2014  09:43:16  PAGE 3


  -------         ENDPROC       DELAY
  -------         PROC          MAIN
  -------         DO            
  D:000CH         SYMBOL        i
  -------         ENDDO         
  C:008FH         LINE#         30
  C:008FH         LINE#         31
  C:008FH         LINE#         34
  C:0092H         LINE#         36
  C:0092H         LINE#         37
  C:009AH         LINE#         38
  C:009DH         LINE#         39
  C:00A4H         LINE#         40
  C:00A7H         LINE#         41
  C:00A7H         LINE#         42
  -------         ENDPROC       MAIN
  -------         ENDMOD        MAIN

Program Size: data=14.0 xdata=0 code=191
LINK/LOCATE RUN COMPLETE.  0 WARNING(S),  0 ERROR(S)
