BL51 BANKED LINKER/LOCATER V6.22                                                        04/10/2014  12:29:09  PAGE 1


BL51 BANKED LINKER/LOCATER V6.22, INVOKED BY:
E:\KEIL\C51\BIN\BL51.EXE STARTUP.obj, main.obj, ds1302.obj TO DS1302 RAMSIZE (256)


MEMORY MODEL: SMALL


INPUT MODULES INCLUDED:
  STARTUP.obj (?C_STARTUP)
  main.obj (MAIN)
  ds1302.obj (DS1302)
  E:\KEIL\C51\LIB\C51S.LIB (?C_INIT)


LINK MAP OF MODULE:  DS1302 (?C_STARTUP)


            TYPE    BASE      LENGTH    RELOCATION   SEGMENT NAME
            -----------------------------------------------------

            * * * * * * *   D A T A   M E M O R Y   * * * * * * *
            REG     0000H     0008H     ABSOLUTE     "REG BANK 0"
            DATA    0008H     0007H     UNIT         ?DT?DS1302
            DATA    000FH     0006H     UNIT         _DATA_GROUP_
            DATA    0015H     0001H     UNIT         ?DT?MAIN
                    0016H     000AH                  *** GAP ***
            BIT     0020H.0   0000H.1   UNIT         ?BI?MAIN
                    0020H.1   0000H.7                *** GAP ***
            IDATA   0021H     0001H     UNIT         ?STACK

            * * * * * * *   C O D E   M E M O R Y   * * * * * * *
            CODE    0000H     0003H     ABSOLUTE     
            CODE    0003H     0036H     UNIT         ?PR?_READ_DS1302?DS1302
            CODE    0039H     0023H     UNIT         ?PR?ISR_T2?MAIN
            CODE    005CH     0007H     UNIT         ?CO?DS1302
            CODE    0063H     0003H     ABSOLUTE     
            CODE    0066H     009DH     UNIT         ?PR?MAIN?MAIN
            CODE    0103H     008CH     UNIT         ?C_C51STARTUP
            CODE    018FH     001DH     UNIT         ?PR?DS1302_INIT?DS1302
            CODE    01ACH     001AH     UNIT         ?PR?GET_TIME?DS1302
            CODE    01C6H     0014H     UNIT         ?PR?_WRITE_DS1302?DS1302
            CODE    01DAH     0013H     UNIT         ?PR?_WRITE_DS1302_BYTE?DS1302
            CODE    01EDH     0006H     UNIT         ?C_INITSEG



OVERLAY MAP OF MODULE:   DS1302 (?C_STARTUP)


SEGMENT                                 DATA_GROUP 
  +--> CALLED SEGMENT                 START    LENGTH
-----------------------------------------------------
?C_C51STARTUP                         -----    -----
  +--> ?PR?MAIN?MAIN
  +--> ?C_INITSEG

?PR?MAIN?MAIN                         000FH    0006H
  +--> ?PR?DS1302_INIT?DS1302
BL51 BANKED LINKER/LOCATER V6.22                                                      04/10/2014  12:29:09  PAGE 2


  +--> ?PR?GET_TIME?DS1302

?PR?DS1302_INIT?DS1302                -----    -----
  +--> ?PR?_WRITE_DS1302?DS1302

?PR?_WRITE_DS1302?DS1302              -----    -----
  +--> ?PR?_WRITE_DS1302_BYTE?DS1302

?PR?GET_TIME?DS1302                   -----    -----
  +--> ?CO?DS1302
  +--> ?PR?_READ_DS1302?DS1302

?PR?_READ_DS1302?DS1302               -----    -----
  +--> ?PR?_WRITE_DS1302_BYTE?DS1302



SYMBOL TABLE OF MODULE:  DS1302 (?C_STARTUP)

  VALUE           TYPE          NAME
  ----------------------------------

  -------         MODULE        ?C_STARTUP
  C:0103H         SEGMENT       ?C_C51STARTUP
  I:0021H         SEGMENT       ?STACK
  C:0000H         PUBLIC        ?C_STARTUP
  D:00E0H         SYMBOL        ACC
  D:00F0H         SYMBOL        B
  D:0083H         SYMBOL        DPH
  D:0082H         SYMBOL        DPL
  N:0000H         SYMBOL        IBPSTACK
  N:0100H         SYMBOL        IBPSTACKTOP
  N:0080H         SYMBOL        IDATALEN
  C:0106H         SYMBOL        IDATALOOP
  N:0000H         SYMBOL        PBPSTACK
  N:0100H         SYMBOL        PBPSTACKTOP
  N:0000H         SYMBOL        PDATALEN
  N:0000H         SYMBOL        PDATASTART
  N:0000H         SYMBOL        PPAGE
  N:0000H         SYMBOL        PPAGEENABLE
  D:00A0H         SYMBOL        PPAGE_SFR
  D:0081H         SYMBOL        SP
  C:0103H         SYMBOL        STARTUP1
  N:0000H         SYMBOL        XBPSTACK
  N:0000H         SYMBOL        XBPSTACKTOP
  N:0000H         SYMBOL        XDATALEN
  N:0000H         SYMBOL        XDATASTART
  C:0000H         LINE#         126
  C:0103H         LINE#         133
  C:0105H         LINE#         134
  C:0106H         LINE#         135
  C:0107H         LINE#         136
  C:0109H         LINE#         185
  C:010CH         LINE#         196
  -------         ENDMOD        ?C_STARTUP

  -------         MODULE        MAIN
BL51 BANKED LINKER/LOCATER V6.22                                                      04/10/2014  12:29:09  PAGE 3


  C:0000H         SYMBOL        _ICE_DUMMY_
  D:0090H         PUBLIC        P1
  D:00B0H         PUBLIC        P3
  D:00C0H         PUBLIC        P4
  B:00A8H.7       PUBLIC        EA
  B:00C0H.1       PUBLIC        LED1
  B:00C0H.2       PUBLIC        LED2
  B:00C0H.3       PUBLIC        LED3
  D:00A8H         PUBLIC        IE
  D:00B8H         PUBLIC        IP
  B:0020H.0       PUBLIC        flag
  C:0066H         PUBLIC        main
  D:0098H         PUBLIC        SCON
  D:0088H         PUBLIC        TCON
  D:00AFH         PUBLIC        IE2
  D:008EH         PUBLIC        AUXR
  D:00D6H         PUBLIC        T2H
  D:00D7H         PUBLIC        T2L
  C:0039H         PUBLIC        ISR_T2
  D:00C8H         PUBLIC        T2CON
  D:0015H         PUBLIC        x
  D:00D0H         PUBLIC        PSW
  -------         PROC          ISR_T2
  C:0039H         LINE#         21
  C:0042H         LINE#         23
  C:004AH         LINE#         24
  C:004DH         LINE#         25
  C:004FH         LINE#         26
  C:004FH         LINE#         27
  C:0052H         LINE#         28
  C:0055H         LINE#         29
  -------         ENDPROC       ISR_T2
  -------         PROC          MAIN
  -------         DO            
  D:000FH         SYMBOL        ss
  D:0011H         SYMBOL        mm
  D:0013H         SYMBOL        hh
  -------         ENDDO         
  C:0066H         LINE#         32
  C:0066H         LINE#         33
  C:0066H         LINE#         35
  C:0073H         LINE#         38
  C:0076H         LINE#         39
  C:0079H         LINE#         41
  C:007CH         LINE#         42
  C:007FH         LINE#         44
  C:0082H         LINE#         45
  C:0084H         LINE#         47
  C:0087H         LINE#         49
  C:0087H         LINE#         50
  C:008AH         LINE#         51
  C:008CH         LINE#         52
  C:008FH         LINE#         54
  C:00AFH         LINE#         55
  C:00B1H         LINE#         56
  C:00B5H         LINE#         57
  C:00B5H         LINE#         58
BL51 BANKED LINKER/LOCATER V6.22                                                      04/10/2014  12:29:09  PAGE 4


  C:00D5H         LINE#         59
  C:00D7H         LINE#         60
  C:00DBH         LINE#         61
  C:00DBH         LINE#         62
  C:00FBH         LINE#         63
  C:00FDH         LINE#         64
  C:0101H         LINE#         65
  C:0101H         LINE#         67
  C:0101H         LINE#         68
  -------         ENDPROC       MAIN
  -------         ENDMOD        MAIN

  -------         MODULE        DS1302
  C:0000H         SYMBOL        _ICE_DUMMY_
  D:0090H         PUBLIC        P1
  D:00A0H         PUBLIC        P2
  D:00B0H         PUBLIC        P3
  B:00A8H.7       PUBLIC        EA
  D:00A8H         PUBLIC        IE
  C:01ACH         PUBLIC        Get_Time
  D:00B8H         PUBLIC        IP
  D:0098H         PUBLIC        SCON
  D:0088H         PUBLIC        TCON
  C:018FH         PUBLIC        DS1302_Init
  B:00A0H.6       PUBLIC        SDA
  C:0003H         PUBLIC        _Read_Ds1302
  B:00A0H.7       PUBLIC        SCK
  C:01DAH         PUBLIC        _Write_Ds1302_Byte
  D:0008H         PUBLIC        nowTime
  D:00C8H         PUBLIC        T2CON
  C:01C6H         PUBLIC        _Write_Ds1302
  B:00A0H.5       PUBLIC        RST
  D:00D0H         PUBLIC        PSW
  C:005CH         PUBLIC        r_add
  -------         PROC          _WRITE_DS1302_BYTE
  D:0007H         SYMBOL        temp
  -------         DO            
  D:0006H         SYMBOL        i
  -------         ENDDO         
  C:01DAH         LINE#         17
  C:01DAH         LINE#         18
  C:01DAH         LINE#         20
  C:01DCH         LINE#         21
  C:01DCH         LINE#         22
  C:01DEH         LINE#         23
  C:01E2H         LINE#         24
  C:01E6H         LINE#         25
  C:01E8H         LINE#         26
  C:01ECH         LINE#         27
  -------         ENDPROC       _WRITE_DS1302_BYTE
  -------         PROC          _WRITE_DS1302
  D:0007H         SYMBOL        address
  D:0005H         SYMBOL        dat
  C:01C6H         LINE#         35
  C:01C6H         LINE#         36
  C:01C6H         LINE#         37
  C:01C8H         LINE#         38
BL51 BANKED LINKER/LOCATER V6.22                                                      04/10/2014  12:29:09  PAGE 5


  C:01C9H         LINE#         39
  C:01CBH         LINE#         40
  C:01CCH         LINE#         41
  C:01CEH         LINE#         42
  C:01CFH         LINE#         43
  C:01D2H         LINE#         44
  C:01D7H         LINE#         45
  C:01D9H         LINE#         46
  -------         ENDPROC       _WRITE_DS1302
  -------         PROC          _READ_DS1302
  D:0007H         SYMBOL        address
  -------         DO            
  D:0007H         SYMBOL        i
  D:0005H         SYMBOL        temp
  -------         ENDDO         
  C:0003H         LINE#         53
  C:0003H         LINE#         54
  C:0003H         LINE#         55
  C:0005H         LINE#         56
  C:0007H         LINE#         57
  C:0008H         LINE#         58
  C:000AH         LINE#         59
  C:000BH         LINE#         60
  C:000DH         LINE#         61
  C:000EH         LINE#         62
  C:0011H         LINE#         63
  C:0013H         LINE#         64
  C:0013H         LINE#         65
  C:0015H         LINE#         66
  C:0019H         LINE#         67
  C:001CH         LINE#         68
  C:001FH         LINE#         69
  C:0021H         LINE#         70
  C:0025H         LINE#         71
  C:0027H         LINE#         72
  C:0028H         LINE#         73
  C:002AH         LINE#         74
  C:002CH         LINE#         75
  C:002DH         LINE#         76
  C:002FH         LINE#         77
  C:0030H         LINE#         78
  C:0032H         LINE#         79
  C:0033H         LINE#         80
  C:0035H         LINE#         81
  C:0036H         LINE#         82
  C:0038H         LINE#         83
  -------         ENDPROC       _READ_DS1302
  -------         PROC          DS1302_INIT
  C:018FH         LINE#         85
  C:018FH         LINE#         86
  C:018FH         LINE#         87
  C:0196H         LINE#         88
  C:019BH         LINE#         89
  C:01A0H         LINE#         90
  C:01A5H         LINE#         91
  -------         ENDPROC       DS1302_INIT
  -------         PROC          GET_TIME
BL51 BANKED LINKER/LOCATER V6.22                                                      04/10/2014  12:29:09  PAGE 6


  -------         DO            
  D:0004H         SYMBOL        i
  -------         ENDDO         
  C:01ACH         LINE#         94
  C:01ACH         LINE#         95
  C:01ACH         LINE#         97
  C:01AEH         LINE#         98
  C:01B0H         LINE#         99
  C:01BFH         LINE#         100
  C:01C3H         LINE#         101
  C:01C5H         LINE#         102
  -------         ENDPROC       GET_TIME
  -------         ENDMOD        DS1302

Program Size: data=23.1 xdata=0 code=499
LINK/LOCATE RUN COMPLETE.  0 WARNING(S),  0 ERROR(S)
