BL51 BANKED LINKER/LOCATER V6.22                                                        04/10/2014  10:20:15  PAGE 1


BL51 BANKED LINKER/LOCATER V6.22, INVOKED BY:
E:\KEIL\C51\BIN\BL51.EXE STARTUP.obj, main.obj TO UART RAMSIZE (256)


MEMORY MODEL: SMALL


INPUT MODULES INCLUDED:
  STARTUP.obj (?C_STARTUP)
  main.obj (MAIN)
  E:\KEIL\C51\LIB\C51S.LIB (?C_INIT)
  E:\KEIL\C51\LIB\C51S.LIB (?C?CLDPTR)
  E:\KEIL\C51\LIB\C51S.LIB (?C?SLDIV)
  E:\KEIL\C51\LIB\C51S.LIB (?C?SLSHR)
  E:\KEIL\C51\LIB\C51S.LIB (?C?ULDIV)


LINK MAP OF MODULE:  UART (?C_STARTUP)


            TYPE    BASE      LENGTH    RELOCATION   SEGMENT NAME
            -----------------------------------------------------

            * * * * * * *   D A T A   M E M O R Y   * * * * * * *
            REG     0000H     0008H     ABSOLUTE     "REG BANK 0"
            DATA    0008H     0003H     UNIT         _DATA_GROUP_
            DATA    000BH     0001H     UNIT         ?DT?MAIN
            IDATA   000CH     0001H     UNIT         ?STACK

            * * * * * * *   C O D E   M E M O R Y   * * * * * * *
            CODE    0000H     0003H     ABSOLUTE     
            CODE    0003H     0009H     UNIT         ?PR?ISR_UART?MAIN
            CODE    000CH     0004H     UNIT         ?C_INITSEG
                    0010H     0013H                  *** GAP ***
            CODE    0023H     0003H     ABSOLUTE     
            CODE    0026H     00FBH     UNIT         ?C?LIB_CODE
            CODE    0121H     008CH     UNIT         ?C_C51STARTUP
            CODE    01ADH     005FH     UNIT         ?PR?MAIN?MAIN
            CODE    020CH     005AH     UNIT         ?PR?_UARTINIT?MAIN
            CODE    0266H     0045H     UNIT         ?CO?MAIN
            CODE    02ABH     0044H     UNIT         ?C?LDIV
            CODE    02EFH     0036H     UNIT         ?PR?_UARTSENDSTRING?MAIN



OVERLAY MAP OF MODULE:   UART (?C_STARTUP)


SEGMENT                            DATA_GROUP 
  +--> CALLED SEGMENT            START    LENGTH
------------------------------------------------
?C_C51STARTUP                    -----    -----
  +--> ?PR?MAIN?MAIN
  +--> ?C_INITSEG

?PR?MAIN?MAIN                    -----    -----
  +--> ?PR?_UARTINIT?MAIN
  +--> ?CO?MAIN
BL51 BANKED LINKER/LOCATER V6.22                                                      04/10/2014  10:20:15  PAGE 2


  +--> ?PR?_UARTSENDSTRING?MAIN

?PR?_UARTINIT?MAIN               0008H    0002H

?PR?_UARTSENDSTRING?MAIN         0008H    0003H



SYMBOL TABLE OF MODULE:  UART (?C_STARTUP)

  VALUE           TYPE          NAME
  ----------------------------------

  -------         MODULE        ?C_STARTUP
  C:0121H         SEGMENT       ?C_C51STARTUP
  I:000CH         SEGMENT       ?STACK
  C:0000H         PUBLIC        ?C_STARTUP
  D:00E0H         SYMBOL        ACC
  D:00F0H         SYMBOL        B
  D:0083H         SYMBOL        DPH
  D:0082H         SYMBOL        DPL
  N:0000H         SYMBOL        IBPSTACK
  N:0100H         SYMBOL        IBPSTACKTOP
  N:0080H         SYMBOL        IDATALEN
  C:0124H         SYMBOL        IDATALOOP
  N:0000H         SYMBOL        PBPSTACK
  N:0100H         SYMBOL        PBPSTACKTOP
  N:0000H         SYMBOL        PDATALEN
  N:0000H         SYMBOL        PDATASTART
  N:0000H         SYMBOL        PPAGE
  N:0000H         SYMBOL        PPAGEENABLE
  D:00A0H         SYMBOL        PPAGE_SFR
  D:0081H         SYMBOL        SP
  C:0121H         SYMBOL        STARTUP1
  N:0000H         SYMBOL        XBPSTACK
  N:0000H         SYMBOL        XBPSTACKTOP
  N:0000H         SYMBOL        XDATALEN
  N:0000H         SYMBOL        XDATASTART
  C:0000H         LINE#         126
  C:0121H         LINE#         133
  C:0123H         LINE#         134
  C:0124H         LINE#         135
  C:0125H         LINE#         136
  C:0127H         LINE#         185
  C:012AH         LINE#         196
  -------         ENDMOD        ?C_STARTUP

  -------         MODULE        MAIN
  C:0000H         SYMBOL        _ICE_DUMMY_
  D:0090H         PUBLIC        P1
  D:00B0H         PUBLIC        P3
  D:00C0H         PUBLIC        P4
  B:00A8H.7       PUBLIC        EA
  C:0003H         PUBLIC        ISR_UART
  D:000BH         PUBLIC        RxC
  D:00A8H         PUBLIC        IE
  B:00A8H.4       PUBLIC        ES
BL51 BANKED LINKER/LOCATER V6.22                                                      04/10/2014  10:20:15  PAGE 3


  D:00B8H         PUBLIC        IP
  B:0098H.0       PUBLIC        RI
  B:0098H.1       PUBLIC        TI
  C:01ADH         PUBLIC        main
  D:0099H         PUBLIC        SBUF
  D:0098H         PUBLIC        SCON
  D:0088H         PUBLIC        TCON
  D:008EH         PUBLIC        AUXR
  C:02EFH         PUBLIC        _UARTSendString
  D:00D6H         PUBLIC        T2H
  D:00D7H         PUBLIC        T2L
  C:020CH         PUBLIC        _UARTInit
  D:00C8H         PUBLIC        T2CON
  D:00D0H         PUBLIC        PSW
  -------         PROC          _UARTINIT
  D:0008H         SYMBOL        baud
  C:020CH         LINE#         13
  C:0210H         LINE#         14
  C:0210H         LINE#         15
  C:0213H         LINE#         17
  C:022DH         LINE#         18
  C:0257H         LINE#         20
  C:025AH         LINE#         21
  C:025DH         LINE#         23
  C:025FH         LINE#         24
  C:0261H         LINE#         26
  C:0263H         LINE#         27
  C:0265H         LINE#         28
  -------         ENDPROC       _UARTINIT
  -------         PROC          _UARTSENDSTRING
  D:0001H         SYMBOL        str
  -------         DO            
  D:0008H         SYMBOL        temp
  -------         ENDDO         
  C:02EFH         LINE#         31
  C:02EFH         LINE#         32
  C:02EFH         LINE#         35
  C:02F5H         LINE#         36
  C:02FAH         LINE#         37
  C:02FAH         LINE#         38
  C:02FCH         LINE#         39
  C:030FH         LINE#         40
  C:0312H         LINE#         41
  C:0314H         LINE#         42
  C:031FH         LINE#         43
  C:0321H         LINE#         44
  C:0321H         LINE#         45
  C:0323H         LINE#         46
  C:0323H         LINE#         47
  C:0324H         LINE#         48
  -------         ENDPROC       _UARTSENDSTRING
  -------         PROC          MAIN
  C:01ADH         LINE#         52
  C:01ADH         LINE#         53
  C:01ADH         LINE#         54
  C:01B4H         LINE#         56
  C:01BDH         LINE#         57
BL51 BANKED LINKER/LOCATER V6.22                                                      04/10/2014  10:20:15  PAGE 4


  C:01C6H         LINE#         58
  C:01CFH         LINE#         59
  C:01D8H         LINE#         60
  C:01E1H         LINE#         62
  C:01E1H         LINE#         63
  C:01E5H         LINE#         64
  C:01F5H         LINE#         65
  C:01F5H         LINE#         66
  C:01F8H         LINE#         67
  C:01FAH         LINE#         68
  C:01FAH         LINE#         69
  C:01FDH         LINE#         70
  C:01FFH         LINE#         71
  C:01FFH         LINE#         72
  C:0202H         LINE#         73
  C:0204H         LINE#         74
  C:0204H         LINE#         75
  C:0207H         LINE#         76
  C:0207H         LINE#         77
  C:0207H         LINE#         78
  C:0207H         LINE#         79
  C:0207H         LINE#         80
  C:020AH         LINE#         81
  C:020AH         LINE#         82
  -------         ENDPROC       MAIN
  -------         PROC          ISR_UART
  C:0003H         LINE#         86
  C:0003H         LINE#         88
  C:0006H         LINE#         89
  C:0008H         LINE#         90
  C:000BH         LINE#         91
  C:000BH         LINE#         92
  -------         ENDPROC       ISR_UART
  -------         ENDMOD        MAIN

  -------         MODULE        ?C?CLDPTR
  C:0026H         PUBLIC        ?C?CLDPTR
  -------         ENDMOD        ?C?CLDPTR

  -------         MODULE        ?C?SLDIV
  C:02ABH         PUBLIC        ?C?SLDIV
  -------         ENDMOD        ?C?SLDIV

  -------         MODULE        ?C?SLSHR
  C:003FH         PUBLIC        ?C?SLSHR
  -------         ENDMOD        ?C?SLSHR

  -------         MODULE        ?C?ULDIV
  C:008FH         PUBLIC        ?C?ULDIV
  -------         ENDMOD        ?C?ULDIV

Program Size: data=13.0 xdata=0 code=786
LINK/LOCATE RUN COMPLETE.  0 WARNING(S),  0 ERROR(S)
