BL51 BANKED LINKER/LOCATER V6.22                                                        06/24/2019  14:44:49  PAGE 1


BL51 BANKED LINKER/LOCATER V6.22, INVOKED BY:
C:\KEIL\C51\BIN\BL51.EXE ex7.obj TO DISPLAY_2 RAMSIZE (256)


MEMORY MODEL: SMALL


INPUT MODULES INCLUDED:
  ex7.obj (EX7)
  C:\KEIL\C51\LIB\C51S.LIB (?C_STARTUP)
  C:\KEIL\C51\LIB\C51S.LIB (?C_INIT)


LINK MAP OF MODULE:  DISPLAY_2 (EX7)


            TYPE    BASE      LENGTH    RELOCATION   SEGMENT NAME
            -----------------------------------------------------

            * * * * * * *   D A T A   M E M O R Y   * * * * * * *
            REG     0000H     0008H     ABSOLUTE     "REG BANK 0"
            DATA    0008H     000BH     UNIT         ?DT?EX7
            IDATA   0013H     0001H     UNIT         ?STACK

            * * * * * * *   C O D E   M E M O R Y   * * * * * * *
            CODE    0000H     0003H     ABSOLUTE     
            CODE    0003H     0007H     UNIT         ?PR?CLS_LED?EX7
                    000AH     0001H                  *** GAP ***
            CODE    000BH     0003H     ABSOLUTE     
            CODE    000EH     008CH     UNIT         ?C_C51STARTUP
            CODE    009AH     0053H     UNIT         ?PR?MAIN?EX7
            CODE    00EDH     0047H     UNIT         ?PR?ISR_TIMER_0?EX7
            CODE    0134H     0030H     UNIT         ?PR?DISPLAY?EX7
            CODE    0164H     0014H     UNIT         ?C_INITSEG
            CODE    0178H     000BH     UNIT         ?CO?EX7
            CODE    0183H     0006H     UNIT         ?PR?CLS_BUZZ?EX7



OVERLAY MAP OF MODULE:   DISPLAY_2 (EX7)


SEGMENT
  +--> CALLED SEGMENT
---------------------
?PR?ISR_TIMER_0?EX7
  +--> ?PR?DISPLAY?EX7

?PR?DISPLAY?EX7
  +--> ?CO?EX7

*** NEW ROOT ***************************************************

?C_C51STARTUP
  +--> ?PR?MAIN?EX7
  +--> ?C_INITSEG

?PR?MAIN?EX7
BL51 BANKED LINKER/LOCATER V6.22                                                      06/24/2019  14:44:49  PAGE 2


  +--> ?PR?CLS_BUZZ?EX7
  +--> ?PR?CLS_LED?EX7



SYMBOL TABLE OF MODULE:  DISPLAY_2 (EX7)

  VALUE           TYPE          NAME
  ----------------------------------

  -------         MODULE        EX7
  C:0000H         SYMBOL        _ICE_DUMMY_
  D:0090H         PUBLIC        P1
  D:00B0H         PUBLIC        P3
  D:0008H         PUBLIC        counter
  B:00A8H.7       PUBLIC        EA
  D:0009H         PUBLIC        dspbuf
  D:0011H         PUBLIC        dspcom
  D:00A8H         PUBLIC        IE
  D:00B8H         PUBLIC        IP
  C:009AH         PUBLIC        main
  D:0098H         PUBLIC        SCON
  D:0089H         PUBLIC        TMOD
  D:0088H         PUBLIC        TCON
  C:0178H         PUBLIC        tab
  D:008EH         PUBLIC        AUXR
  B:00A8H.1       PUBLIC        ET0
  B:0088H.5       PUBLIC        TF0
  D:008CH         PUBLIC        TH0
  D:008AH         PUBLIC        TL0
  B:0088H.4       PUBLIC        TR0
  C:0003H         PUBLIC        cls_led
  D:0012H         PUBLIC        ms
  C:00EDH         PUBLIC        isr_timer_0
  D:00C8H         PUBLIC        T2CON
  C:0183H         PUBLIC        cls_buzz
  C:0134H         PUBLIC        display
  D:00D0H         PUBLIC        PSW
  -------         PROC          CLS_BUZZ
  C:0183H         LINE#         27
  C:0183H         LINE#         28
  C:0183H         LINE#         29
  C:0188H         LINE#         30
  -------         ENDPROC       CLS_BUZZ
  -------         PROC          CLS_LED
  C:0003H         LINE#         32
  C:0003H         LINE#         33
  C:0003H         LINE#         34
  C:0009H         LINE#         35
  -------         ENDPROC       CLS_LED
  -------         PROC          MAIN
  C:009AH         LINE#         38
  C:009AH         LINE#         39
  C:009AH         LINE#         40
  C:009DH         LINE#         41
  C:00A0H         LINE#         43
  C:00A3H         LINE#         45
BL51 BANKED LINKER/LOCATER V6.22                                                      06/24/2019  14:44:49  PAGE 3


  C:00A6H         LINE#         46
  C:00A9H         LINE#         47
  C:00ACH         LINE#         48
  C:00AEH         LINE#         49
  C:00B0H         LINE#         50
  C:00B2H         LINE#         51
  C:00B4H         LINE#         53
  C:00B4H         LINE#         54
  C:00B4H         LINE#         55
  C:00BBH         LINE#         56
  C:00C3H         LINE#         57
  C:00C5H         LINE#         58
  C:00C5H         LINE#         59
  C:00C8H         LINE#         60
  C:00C8H         LINE#         61
  C:00CFH         LINE#         62
  C:00CFH         LINE#         63
  C:00DDH         LINE#         64
  C:00DFH         LINE#         65
  C:00DFH         LINE#         66
  C:00E2H         LINE#         67
  C:00E2H         LINE#         68
  C:00EBH         LINE#         69
  -------         ENDPROC       MAIN
  -------         PROC          ISR_TIMER_0
  C:00EDH         LINE#         73
  C:010AH         LINE#         75
  C:0111H         LINE#         76
  C:0111H         LINE#         77
  C:0114H         LINE#         78
  C:0116H         LINE#         79
  C:0116H         LINE#         80
  C:0119H         LINE#         81
  -------         ENDPROC       ISR_TIMER_0
  -------         PROC          DISPLAY
  C:0134H         LINE#         84
  C:0134H         LINE#         85
  C:0134H         LINE#         86
  C:013AH         LINE#         88
  C:014BH         LINE#         89
  C:0159H         LINE#         91
  C:0160H         LINE#         92
  C:0160H         LINE#         93
  C:0163H         LINE#         94
  C:0163H         LINE#         95
  -------         ENDPROC       DISPLAY
  -------         ENDMOD        EX7

Program Size: data=20.0 xdata=0 code=392
LINK/LOCATE RUN COMPLETE.  0 WARNING(S),  0 ERROR(S)
