BL51 BANKED LINKER/LOCATER V6.22                                                        01/01/2006  04:35:29  PAGE 1


BL51 BANKED LINKER/LOCATER V6.22, INVOKED BY:
D:\KEIL\C51\BIN\BL51.EXE .\output\STARTUP.obj, .\output\main.obj TO .\output\1602 PRINT (.\list\1602.m51) RAMSIZE (256)


MEMORY MODEL: SMALL


INPUT MODULES INCLUDED:
  .\output\STARTUP.obj (?C_STARTUP)
  .\output\main.obj (MAIN)
  D:\KEIL\C51\LIB\C51S.LIB (?C_INIT)
  D:\KEIL\C51\LIB\C51S.LIB (?C?CLDOPTR)


LINK MAP OF MODULE:  .\output\1602 (?C_STARTUP)


            TYPE    BASE      LENGTH    RELOCATION   SEGMENT NAME
            -----------------------------------------------------

            * * * * * * *   D A T A   M E M O R Y   * * * * * * *
            REG     0000H     0008H     ABSOLUTE     "REG BANK 0"
            DATA    0008H     001BH     UNIT         ?DT?MAIN
            DATA    0023H     0007H     UNIT         _DATA_GROUP_
            IDATA   002AH     0001H     UNIT         ?STACK

            * * * * * * *   C O D E   M E M O R Y   * * * * * * *
            CODE    0000H     0003H     ABSOLUTE     
            CODE    0003H     008CH     UNIT         ?C_C51STARTUP
            CODE    008FH     0032H     UNIT         ?PR?_DSP_STRING?MAIN
            CODE    00C1H     002DH     UNIT         ?C?LIB_CODE
            CODE    00EEH     0026H     UNIT         ?PR?MAIN?MAIN
            CODE    0114H     0023H     UNIT         ?PR?INIT_1602?MAIN
            CODE    0137H     0020H     UNIT         ?C_INITSEG
            CODE    0157H     001DH     UNIT         ?PR?_DSP_ONECHAR?MAIN
            CODE    0174H     0017H     UNIT         ?PR?_WRITE_DATA?MAIN
            CODE    018BH     0015H     UNIT         ?PR?_WRITE_COMMAND?MAIN
            CODE    01A0H     0012H     UNIT         ?PR?_DELAY_MS?MAIN



OVERLAY MAP OF MODULE:   .\output\1602 (?C_STARTUP)


SEGMENT                           DATA_GROUP 
  +--> CALLED SEGMENT           START    LENGTH
-----------------------------------------------
?C_C51STARTUP                   -----    -----
  +--> ?PR?MAIN?MAIN
  +--> ?C_INITSEG

?PR?MAIN?MAIN                   -----    -----
  +--> ?PR?INIT_1602?MAIN
  +--> ?PR?_DELAY_MS?MAIN
  +--> ?PR?_DSP_STRING?MAIN

?PR?INIT_1602?MAIN              -----    -----
  +--> ?PR?_DELAY_MS?MAIN
BL51 BANKED LINKER/LOCATER V6.22                                                      01/01/2006  04:35:29  PAGE 2


  +--> ?PR?_WRITE_COMMAND?MAIN

?PR?_WRITE_COMMAND?MAIN         -----    -----
  +--> ?PR?_DELAY_MS?MAIN

?PR?_DSP_STRING?MAIN            0023H    0007H
  +--> ?PR?_DSP_ONECHAR?MAIN

?PR?_DSP_ONECHAR?MAIN           -----    -----
  +--> ?PR?_WRITE_COMMAND?MAIN
  +--> ?PR?_WRITE_DATA?MAIN

?PR?_WRITE_DATA?MAIN            -----    -----
  +--> ?PR?_DELAY_MS?MAIN



SYMBOL TABLE OF MODULE:  .\output\1602 (?C_STARTUP)

  VALUE           TYPE          NAME
  ----------------------------------

  -------         MODULE        ?C_STARTUP
  C:0003H         SEGMENT       ?C_C51STARTUP
  I:002AH         SEGMENT       ?STACK
  C:0000H         PUBLIC        ?C_STARTUP
  D:00E0H         SYMBOL        ACC
  D:00F0H         SYMBOL        B
  D:0083H         SYMBOL        DPH
  D:0082H         SYMBOL        DPL
  N:0000H         SYMBOL        IBPSTACK
  N:0100H         SYMBOL        IBPSTACKTOP
  N:0080H         SYMBOL        IDATALEN
  C:0006H         SYMBOL        IDATALOOP
  N:0000H         SYMBOL        PBPSTACK
  N:0100H         SYMBOL        PBPSTACKTOP
  N:0000H         SYMBOL        PDATALEN
  N:0000H         SYMBOL        PDATASTART
  N:0000H         SYMBOL        PPAGE
  N:0000H         SYMBOL        PPAGEENABLE
  D:00A0H         SYMBOL        PPAGE_SFR
  D:0081H         SYMBOL        SP
  C:0003H         SYMBOL        STARTUP1
  N:0000H         SYMBOL        XBPSTACK
  N:0000H         SYMBOL        XBPSTACKTOP
  N:0000H         SYMBOL        XDATALEN
  N:0000H         SYMBOL        XDATASTART
  C:0000H         LINE#         126
  C:0003H         LINE#         133
  C:0005H         LINE#         134
  C:0006H         LINE#         135
  C:0007H         LINE#         136
  C:0009H         LINE#         185
  C:000CH         LINE#         196
  -------         ENDMOD        ?C_STARTUP

  -------         MODULE        MAIN
BL51 BANKED LINKER/LOCATER V6.22                                                      01/01/2006  04:35:29  PAGE 3


  C:0000H         SYMBOL        _ICE_DUMMY_
  D:0080H         PUBLIC        P0
  D:0090H         PUBLIC        P1
  D:00A0H         PUBLIC        P2
  D:00B0H         PUBLIC        P3
  C:0157H         PUBLIC        _dsp_onechar
  D:00A8H         PUBLIC        IE
  B:0090H.2       PUBLIC        EN
  D:00B8H         PUBLIC        IP
  B:00A0H.0       PUBLIC        RS
  C:00EEH         PUBLIC        main
  B:00A0H.1       PUBLIC        RW
  C:0174H         PUBLIC        _write_data
  D:0098H         PUBLIC        SCON
  D:0088H         PUBLIC        TCON
  C:008FH         PUBLIC        _dsp_string
  C:01A0H         PUBLIC        _delay_ms
  C:0114H         PUBLIC        init_1602
  D:00C8H         PUBLIC        T2CON
  C:018BH         PUBLIC        _write_command
  D:0008H         PUBLIC        text1
  D:0016H         PUBLIC        text2
  D:00D0H         PUBLIC        PSW
  -------         PROC          MAIN
  C:00EEH         LINE#         18
  C:00EEH         LINE#         19
  C:00EEH         LINE#         20
  C:00F1H         LINE#         21
  C:00F6H         LINE#         23
  C:0104H         LINE#         24
  C:0112H         LINE#         26
  -------         ENDPROC       MAIN
  -------         PROC          _DELAY_MS
  D:0007H         SYMBOL        t
  -------         DO            
  D:0006H         SYMBOL        i
  -------         ENDDO         
  C:01A0H         LINE#         29
  C:01A0H         LINE#         30
  C:01A0H         LINE#         32
  C:01A6H         LINE#         33
  C:01A6H         LINE#         34
  C:01B1H         LINE#         35
  C:01B1H         LINE#         36
  -------         ENDPROC       _DELAY_MS
  -------         PROC          _WRITE_COMMAND
  D:0004H         SYMBOL        cmd
  C:018BH         LINE#         38
  C:018DH         LINE#         39
  C:018DH         LINE#         40
  C:0192H         LINE#         41
  C:0194H         LINE#         42
  C:0196H         LINE#         43
  C:0198H         LINE#         44
  C:0199H         LINE#         45
  C:019BH         LINE#         46
  C:019DH         LINE#         47
BL51 BANKED LINKER/LOCATER V6.22                                                      01/01/2006  04:35:29  PAGE 4


  C:019FH         LINE#         48
  -------         ENDPROC       _WRITE_COMMAND
  -------         PROC          _WRITE_DATA
  D:0004H         SYMBOL        dat
  C:0174H         LINE#         50
  C:0176H         LINE#         51
  C:0176H         LINE#         52
  C:017BH         LINE#         53
  C:017DH         LINE#         54
  C:017FH         LINE#         55
  C:0181H         LINE#         56
  C:0182H         LINE#         57
  C:0184H         LINE#         58
  C:0186H         LINE#         59
  C:0188H         LINE#         60
  C:018AH         LINE#         61
  -------         ENDPROC       _WRITE_DATA
  -------         PROC          _DSP_ONECHAR
  D:0006H         SYMBOL        pos
  D:0002H         SYMBOL        c
  -------         DO            
  D:0003H         SYMBOL        p
  -------         ENDDO         
  C:0157H         LINE#         63
  C:015BH         LINE#         64
  C:015BH         LINE#         66
  C:0162H         LINE#         67
  C:0167H         LINE#         69
  C:016AH         LINE#         70
  C:016FH         LINE#         71
  -------         ENDPROC       _DSP_ONECHAR
  -------         PROC          _DSP_STRING
  D:0007H         SYMBOL        line
  D:0024H         SYMBOL        p
  D:0027H         SYMBOL        length
  -------         DO            
  D:0028H         SYMBOL        l
  D:0029H         SYMBOL        i
  -------         ENDDO         
  C:008FH         LINE#         74
  C:0095H         LINE#         75
  C:0095H         LINE#         77
  C:009BH         LINE#         78
  C:00A5H         LINE#         79
  C:00C0H         LINE#         80
  -------         ENDPROC       _DSP_STRING
  -------         PROC          INIT_1602
  C:0114H         LINE#         82
  C:0114H         LINE#         83
  C:0114H         LINE#         84
  C:0119H         LINE#         85
  C:011EH         LINE#         86
  C:0123H         LINE#         87
  C:0128H         LINE#         88
  C:012DH         LINE#         89
  C:0132H         LINE#         90
  -------         ENDPROC       INIT_1602
BL51 BANKED LINKER/LOCATER V6.22                                                      01/01/2006  04:35:29  PAGE 5


  -------         ENDMOD        MAIN

  -------         MODULE        ?C?CLDOPTR
  C:00C1H         PUBLIC        ?C?CLDOPTR
  -------         ENDMOD        ?C?CLDOPTR

Program Size: data=43.0 xdata=0 code=434
LINK/LOCATE RUN COMPLETE.  0 WARNING(S),  0 ERROR(S)
