BL51 BANKED LINKER/LOCATER V6.22                                                        04/10/2014  10:36:20  PAGE 1


BL51 BANKED LINKER/LOCATER V6.22, INVOKED BY:
E:\KEIL\C51\BIN\BL51.EXE STARTUP.obj, main.obj, at24c02.obj TO EEPROM RAMSIZE (256)


MEMORY MODEL: SMALL


INPUT MODULES INCLUDED:
  STARTUP.obj (?C_STARTUP)
  main.obj (MAIN)
  at24c02.obj (AT24C02)
  E:\KEIL\C51\LIB\C51S.LIB (?C_INIT)
  E:\KEIL\C51\LIB\C51S.LIB (?C?CLDPTR)
  E:\KEIL\C51\LIB\C51S.LIB (?C?SLDIV)
  E:\KEIL\C51\LIB\C51S.LIB (?C?SLSHR)
  E:\KEIL\C51\LIB\C51S.LIB (?C?ULDIV)


LINK MAP OF MODULE:  EEPROM (?C_STARTUP)


            TYPE    BASE      LENGTH    RELOCATION   SEGMENT NAME
            -----------------------------------------------------

            * * * * * * *   D A T A   M E M O R Y   * * * * * * *
            REG     0000H     0008H     ABSOLUTE     "REG BANK 0"
            DATA    0008H     002BH     UNIT         _DATA_GROUP_
            DATA    0033H     0002H     UNIT         ?DT?AT24C02
            DATA    0035H     0001H     UNIT         ?DT?MAIN
            IDATA   0036H     0001H     UNIT         ?STACK

            * * * * * * *   C O D E   M E M O R Y   * * * * * * *
            CODE    0000H     0003H     ABSOLUTE     
            CODE    0003H     00FBH     UNIT         ?C?LIB_CODE
            CODE    00FEH     008CH     UNIT         ?C_C51STARTUP
            CODE    018AH     005AH     UNIT         ?PR?_UARTINIT?MAIN
            CODE    01E4H     0058H     UNIT         ?PR?MAIN?MAIN
            CODE    023CH     0044H     UNIT         ?C?LDIV
            CODE    0280H     0036H     UNIT         ?PR?_UARTSENDSTRING?MAIN
            CODE    02B6H     002AH     UNIT         ?PR?_X24C02_READ?AT24C02
            CODE    02E0H     0027H     UNIT         ?CO?MAIN
            CODE    0307H     0027H     UNIT         ?PR?READX?AT24C02
            CODE    032EH     0023H     UNIT         ?PR?CLOCK?AT24C02
            CODE    0351H     0020H     UNIT         ?PR?_X24C02_WRITE?AT24C02
            CODE    0371H     001EH     UNIT         ?PR?_WRITEX?AT24C02
            CODE    038FH     0012H     UNIT         ?PR?_DELAY1?AT24C02
            CODE    03A1H     000FH     UNIT         ?PR?DELAY?MAIN
            CODE    03B0H     000FH     UNIT         ?PR?START?AT24C02
            CODE    03BFH     000AH     UNIT         ?PR?X24C02_INIT?AT24C02
            CODE    03C9H     000AH     UNIT         ?PR?STOP?AT24C02
            CODE    03D3H     0006H     UNIT         ?PR?FLASH?AT24C02
            CODE    03D9H     0004H     UNIT         ?C_INITSEG



OVERLAY MAP OF MODULE:   EEPROM (?C_STARTUP)


BL51 BANKED LINKER/LOCATER V6.22                                                      04/10/2014  10:36:20  PAGE 2


SEGMENT                             DATA_GROUP 
  +--> CALLED SEGMENT             START    LENGTH
-------------------------------------------------
?C_C51STARTUP                     -----    -----
  +--> ?PR?MAIN?MAIN
  +--> ?C_INITSEG

?PR?MAIN?MAIN                     0008H    0028H
  +--> ?PR?_UARTINIT?MAIN
  +--> ?CO?MAIN
  +--> ?PR?_UARTSENDSTRING?MAIN
  +--> ?PR?X24C02_INIT?AT24C02
  +--> ?PR?DELAY?MAIN
  +--> ?PR?_X24C02_READ?AT24C02
  +--> ?PR?_X24C02_WRITE?AT24C02

?PR?_UARTINIT?MAIN                0030H    0002H

?PR?_UARTSENDSTRING?MAIN          0030H    0003H

?PR?X24C02_INIT?AT24C02           -----    -----
  +--> ?PR?FLASH?AT24C02

?PR?_X24C02_READ?AT24C02          -----    -----
  +--> ?PR?START?AT24C02
  +--> ?PR?CLOCK?AT24C02
  +--> ?PR?_WRITEX?AT24C02
  +--> ?PR?READX?AT24C02
  +--> ?PR?STOP?AT24C02
  +--> ?PR?_DELAY1?AT24C02

?PR?START?AT24C02                 -----    -----
  +--> ?PR?FLASH?AT24C02

?PR?CLOCK?AT24C02                 -----    -----
  +--> ?PR?_WRITEX?AT24C02
  +--> ?PR?FLASH?AT24C02

?PR?_WRITEX?AT24C02               -----    -----
  +--> ?PR?FLASH?AT24C02

?PR?READX?AT24C02                 -----    -----
  +--> ?PR?FLASH?AT24C02

?PR?STOP?AT24C02                  -----    -----
  +--> ?PR?FLASH?AT24C02

?PR?_X24C02_WRITE?AT24C02         -----    -----
  +--> ?PR?START?AT24C02
  +--> ?PR?_WRITEX?AT24C02
  +--> ?PR?CLOCK?AT24C02
  +--> ?PR?STOP?AT24C02
  +--> ?PR?_DELAY1?AT24C02



SYMBOL TABLE OF MODULE:  EEPROM (?C_STARTUP)
BL51 BANKED LINKER/LOCATER V6.22                                                      04/10/2014  10:36:20  PAGE 3



  VALUE           TYPE          NAME
  ----------------------------------

  -------         MODULE        ?C_STARTUP
  C:00FEH         SEGMENT       ?C_C51STARTUP
  I:0036H         SEGMENT       ?STACK
  C:0000H         PUBLIC        ?C_STARTUP
  D:00E0H         SYMBOL        ACC
  D:00F0H         SYMBOL        B
  D:0083H         SYMBOL        DPH
  D:0082H         SYMBOL        DPL
  N:0000H         SYMBOL        IBPSTACK
  N:0100H         SYMBOL        IBPSTACKTOP
  N:0080H         SYMBOL        IDATALEN
  C:0101H         SYMBOL        IDATALOOP
  N:0000H         SYMBOL        PBPSTACK
  N:0100H         SYMBOL        PBPSTACKTOP
  N:0000H         SYMBOL        PDATALEN
  N:0000H         SYMBOL        PDATASTART
  N:0000H         SYMBOL        PPAGE
  N:0000H         SYMBOL        PPAGEENABLE
  D:00A0H         SYMBOL        PPAGE_SFR
  D:0081H         SYMBOL        SP
  C:00FEH         SYMBOL        STARTUP1
  N:0000H         SYMBOL        XBPSTACK
  N:0000H         SYMBOL        XBPSTACKTOP
  N:0000H         SYMBOL        XDATALEN
  N:0000H         SYMBOL        XDATASTART
  C:0000H         LINE#         126
  C:00FEH         LINE#         133
  C:0100H         LINE#         134
  C:0101H         LINE#         135
  C:0102H         LINE#         136
  C:0104H         LINE#         185
  C:0107H         LINE#         196
  -------         ENDMOD        ?C_STARTUP

  -------         MODULE        MAIN
  C:0000H         SYMBOL        _ICE_DUMMY_
  D:0090H         PUBLIC        P1
  D:00B0H         PUBLIC        P3
  B:00A8H.7       PUBLIC        EA
  D:0035H         PUBLIC        RxC
  D:00A8H         PUBLIC        IE
  B:00A8H.4       PUBLIC        ES
  D:00B8H         PUBLIC        IP
  B:0098H.0       PUBLIC        RI
  B:0098H.1       PUBLIC        TI
  C:01E4H         PUBLIC        main
  D:0099H         PUBLIC        SBUF
  D:0098H         PUBLIC        SCON
  D:0088H         PUBLIC        TCON
  D:008EH         PUBLIC        AUXR
  C:0280H         PUBLIC        _UARTSendString
  D:00D6H         PUBLIC        T2H
  D:00D7H         PUBLIC        T2L
BL51 BANKED LINKER/LOCATER V6.22                                                      04/10/2014  10:36:20  PAGE 4


  C:018AH         PUBLIC        _UARTInit
  D:00C8H         PUBLIC        T2CON
  C:03A1H         PUBLIC        Delay
  D:00D0H         PUBLIC        PSW
  -------         PROC          DELAY
  -------         DO            
  D:0007H         SYMBOL        i
  D:0006H         SYMBOL        j
  D:0005H         SYMBOL        k
  -------         ENDDO         
  C:03A1H         LINE#         15
  C:03A1H         LINE#         18
  C:03A3H         LINE#         19
  C:03A5H         LINE#         20
  C:03A9H         LINE#         21
  C:03ABH         LINE#         22
  C:03AFH         LINE#         23
  -------         ENDPROC       DELAY
  -------         PROC          _UARTINIT
  D:0030H         SYMBOL        baud
  C:018AH         LINE#         26
  C:018EH         LINE#         27
  C:018EH         LINE#         28
  C:0191H         LINE#         30
  C:01ABH         LINE#         31
  C:01D5H         LINE#         33
  C:01D8H         LINE#         34
  C:01DBH         LINE#         36
  C:01DDH         LINE#         37
  C:01DFH         LINE#         39
  C:01E1H         LINE#         40
  C:01E3H         LINE#         41
  -------         ENDPROC       _UARTINIT
  -------         PROC          _UARTSENDSTRING
  D:0001H         SYMBOL        str
  -------         DO            
  D:0030H         SYMBOL        temp
  -------         ENDDO         
  C:0280H         LINE#         44
  C:0280H         LINE#         45
  C:0280H         LINE#         48
  C:0286H         LINE#         49
  C:028BH         LINE#         50
  C:028BH         LINE#         51
  C:028DH         LINE#         52
  C:02A0H         LINE#         53
  C:02A3H         LINE#         54
  C:02A5H         LINE#         55
  C:02B0H         LINE#         56
  C:02B2H         LINE#         57
  C:02B2H         LINE#         58
  C:02B4H         LINE#         59
  C:02B4H         LINE#         60
  C:02B5H         LINE#         61
  -------         ENDPROC       _UARTSENDSTRING
  -------         PROC          MAIN
  -------         DO            
BL51 BANKED LINKER/LOCATER V6.22                                                      04/10/2014  10:36:20  PAGE 5


  D:0005H         SYMBOL        occount
  D:0008H         SYMBOL        tempstr
  -------         ENDDO         
  C:01E4H         LINE#         65
  C:01E4H         LINE#         66
  C:01E4H         LINE#         67
  C:01E6H         LINE#         70
  C:01EDH         LINE#         72
  C:01F6H         LINE#         73
  C:01F9H         LINE#         74
  C:01FCH         LINE#         76
  C:0203H         LINE#         77
  C:020CH         LINE#         79
  C:0215H         LINE#         80
  C:0220H         LINE#         81
  C:0223H         LINE#         82
  C:0226H         LINE#         83
  C:0229H         LINE#         84
  C:0231H         LINE#         86
  C:0232H         LINE#         87
  C:0237H         LINE#         88
  C:023AH         LINE#         90
  C:023AH         LINE#         92
  -------         ENDPROC       MAIN
  -------         ENDMOD        MAIN

  -------         MODULE        AT24C02
  C:0000H         SYMBOL        _ICE_DUMMY_
  D:00A0H         PUBLIC        P2
  B:00A8H.7       PUBLIC        EA
  C:0339H         PUBLIC        clock
  C:03D8H         PUBLIC        flash
  C:0307H         PUBLIC        readx
  B:00D0H.7       PUBLIC        CY
  C:02B6H         PUBLIC        _x24c02_read
  C:0371H         PUBLIC        _writex
  C:03B0H         PUBLIC        start
  C:0351H         PUBLIC        _x24c02_write
  B:00A0H.1       PUBLIC        sda
  C:03BFH         PUBLIC        x24c02_init
  C:038FH         PUBLIC        _delay1
  B:00A0H.0       PUBLIC        scl
  C:03C9H         PUBLIC        stop
  D:0033H         PUBLIC        j
  D:0034H         PUBLIC        k
  -------         PROC          _DELAY1
  D:0006H         SYMBOL        x
  -------         DO            
  D:0004H         SYMBOL        i
  -------         ENDDO         
  C:038FH         LINE#         14
  C:038FH         LINE#         15
  C:038FH         LINE#         16
  C:03A0H         LINE#         17
  -------         ENDPROC       _DELAY1
  C:03D3H         SYMBOL        L?0027
  -------         PROC          L?0026
BL51 BANKED LINKER/LOCATER V6.22                                                      04/10/2014  10:36:20  PAGE 6


  -------         ENDPROC       L?0026
  C:03D3H         SYMBOL        L?0027
  -------         PROC          FLASH
  C:03D8H         LINE#         19
  C:03D8H         LINE#         20
  -------         ENDPROC       FLASH
  -------         PROC          X24C02_INIT
  C:03BFH         LINE#         23
  C:03BFH         LINE#         24
  -------         ENDPROC       X24C02_INIT
  -------         PROC          START
  C:03B0H         LINE#         26
  C:03B0H         LINE#         27
  C:03B0H         LINE#         28
  C:03B2H         LINE#         29
  C:03B5H         LINE#         30
  C:03BAH         LINE#         31
  -------         ENDPROC       START
  -------         PROC          STOP
  C:03C9H         LINE#         34
  C:03C9H         LINE#         35
  C:03C9H         LINE#         36
  C:03CBH         LINE#         37
  C:03CEH         LINE#         38
  -------         ENDPROC       STOP
  -------         PROC          _WRITEX
  D:0007H         SYMBOL        j
  -------         DO            
  D:0006H         SYMBOL        i
  D:0007H         SYMBOL        temp
  -------         ENDDO         
  C:0371H         LINE#         41
  C:0371H         LINE#         42
  C:0371H         LINE#         43
  C:0371H         LINE#         44
  C:0373H         LINE#         45
  C:0385H         LINE#         46
  -------         ENDPROC       _WRITEX
  -------         PROC          READX
  -------         DO            
  D:0005H         SYMBOL        i
  D:0007H         SYMBOL        j
  D:0006H         SYMBOL        k
  -------         ENDDO         
  C:0307H         LINE#         48
  C:0307H         LINE#         49
  C:0307H         LINE#         50
  C:0309H         LINE#         51
  C:0310H         LINE#         52
  C:0311H         LINE#         53
  C:0314H         LINE#         54
  C:031BH         LINE#         55
  C:031DH         LINE#         56
  C:0322H         LINE#         57
  C:0328H         LINE#         58
  C:032DH         LINE#         59
  -------         ENDPROC       READX
BL51 BANKED LINKER/LOCATER V6.22                                                      04/10/2014  10:36:20  PAGE 7


  -------         PROC          L?0025
  -------         ENDPROC       L?0025
  -------         PROC          CLOCK
  -------         DO            
  D:0007H         SYMBOL        i
  -------         ENDDO         
  C:0339H         LINE#         60
  C:0339H         LINE#         61
  C:0339H         LINE#         62
  C:033BH         LINE#         63
  C:0340H         LINE#         64
  C:034CH         LINE#         65
  -------         ENDPROC       CLOCK
  -------         PROC          _X24C02_READ
  D:0005H         SYMBOL        address
  -------         DO            
  D:0003H         SYMBOL        i
  -------         ENDDO         
  C:02B6H         LINE#         68
  C:02B8H         LINE#         69
  C:02B8H         LINE#         71
  C:02BDH         LINE#         72
  C:02BDH         LINE#         73
  C:02C3H         LINE#         74
  C:02CBH         LINE#         75
  C:02D6H         LINE#         76
  C:02DDH         LINE#         77
  C:02DFH         LINE#         78
  -------         ENDPROC       _X24C02_READ
  -------         PROC          _X24C02_WRITE
  D:0004H         SYMBOL        address
  D:0005H         SYMBOL        info
  C:0351H         LINE#         80
  C:0353H         LINE#         81
  C:0353H         LINE#         82
  C:0355H         LINE#         83
  C:035DH         LINE#         84
  C:0362H         LINE#         85
  C:0362H         LINE#         86
  C:0368H         LINE#         87
  C:036AH         LINE#         88
  -------         ENDPROC       _X24C02_WRITE
  -------         ENDMOD        AT24C02

  -------         MODULE        ?C?CLDPTR
  C:0003H         PUBLIC        ?C?CLDPTR
  -------         ENDMOD        ?C?CLDPTR

  -------         MODULE        ?C?SLDIV
  C:023CH         PUBLIC        ?C?SLDIV
  -------         ENDMOD        ?C?SLDIV

  -------         MODULE        ?C?SLSHR
  C:001CH         PUBLIC        ?C?SLSHR
  -------         ENDMOD        ?C?SLSHR

  -------         MODULE        ?C?ULDIV
BL51 BANKED LINKER/LOCATER V6.22                                                      04/10/2014  10:36:20  PAGE 8


  C:006CH         PUBLIC        ?C?ULDIV
  -------         ENDMOD        ?C?ULDIV

Program Size: data=55.0 xdata=0 code=989
LINK/LOCATE RUN COMPLETE.  0 WARNING(S),  0 ERROR(S)
