BL51 BANKED LINKER/LOCATER V6.22                                                        11/16/2013  16:58:24  PAGE 1


BL51 BANKED LINKER/LOCATER V6.22, INVOKED BY:
D:\PROGRAM FILES\KEIL\C51\BIN\BL51.EXE .\output\main.obj, .\output\pcf8591.obj TO .\output\pcf8591 PRINT (.\list\pcf8591
>> .m51) RAMSIZE (256)


MEMORY MODEL: SMALL


INPUT MODULES INCLUDED:
  .\output\main.obj (MAIN)
  .\output\pcf8591.obj (PCF8591)
  D:\PROGRAM FILES\KEIL\C51\LIB\C51S.LIB (?C_STARTUP)
  D:\PROGRAM FILES\KEIL\C51\LIB\C51S.LIB (?C_INIT)


LINK MAP OF MODULE:  .\output\pcf8591 (MAIN)


            TYPE    BASE      LENGTH    RELOCATION   SEGMENT NAME
            -----------------------------------------------------

            * * * * * * *   D A T A   M E M O R Y   * * * * * * *
            REG     0000H     0008H     ABSOLUTE     "REG BANK 0"
            DATA    0008H     0003H     UNIT         ?DT?MAIN
            DATA    000BH     0001H     UNIT         _DATA_GROUP_
                    000CH     0014H                  *** GAP ***
            BIT     0020H.0   0000H.1   UNIT         ?BI?MAIN
            BIT     0020H.1   0000H.1   UNIT         _BIT_GROUP_
                    0020H.2   0000H.6                *** GAP ***
            IDATA   0021H     0001H     UNIT         ?STACK

            * * * * * * *   C O D E   M E M O R Y   * * * * * * *
            CODE    0000H     0003H     ABSOLUTE     
                    0003H     0008H                  *** GAP ***
            CODE    000BH     0003H     ABSOLUTE     
                    000EH     07F2H                  *** GAP ***
            CODE    0800H     0094H     UNIT         ?PR?_DISPLAY?MAIN
            CODE    0894H     008CH     UNIT         ?C_C51STARTUP
            CODE    0920H     0029H     UNIT         ?PR?ISR_T0?MAIN
            CODE    0949H     0023H     UNIT         ?PR?_IIC_SENDBYTE?PCF8591
            CODE    096CH     001FH     UNIT         ?PR?IIC_ACK?PCF8591
            CODE    098BH     001FH     UNIT         ?PR?IIC_RECBYTE?PCF8591
            CODE    09AAH     001CH     UNIT         ?PR?IIC_WAITACK?PCF8591
            CODE    09C6H     001BH     UNIT         ?PR?INIT_PCF8591?MAIN
            CODE    09E1H     0017H     UNIT         ?PR?MAIN?MAIN
            CODE    09F8H     0017H     UNIT         ?PR?ADC_PCF8591?PCF8591
            CODE    0A0FH     0014H     UNIT         ?PR?IIC_START?PCF8591
            CODE    0A23H     0012H     UNIT         ?PR?_DELAY?PCF8591
            CODE    0A35H     0010H     UNIT         ?PR?INIT_T0?MAIN
            CODE    0A45H     000DH     UNIT         ?PR?IIC_STOP?PCF8591
            CODE    0A52H     000AH     UNIT         ?CO?MAIN
            CODE    0A5CH     0003H     UNIT         ?C_INITSEG



OVERLAY MAP OF MODULE:   .\output\pcf8591 (MAIN)


BL51 BANKED LINKER/LOCATER V6.22                                                      11/16/2013  16:58:24  PAGE 2


SEGMENT                              BIT_GROUP          DATA_GROUP 
  +--> CALLED SEGMENT             START    LENGTH     START    LENGTH
---------------------------------------------------------------------
?C_C51STARTUP                     -----    -----      -----    -----
  +--> ?PR?MAIN?MAIN
  +--> ?C_INITSEG

?PR?MAIN?MAIN                     -----    -----      000BH    0001H
  +--> ?PR?INIT_PCF8591?MAIN
  +--> ?PR?INIT_T0?MAIN
  +--> ?PR?_DISPLAY?MAIN
  +--> ?PR?ADC_PCF8591?PCF8591

?PR?INIT_PCF8591?MAIN             -----    -----      -----    -----
  +--> ?PR?IIC_START?PCF8591
  +--> ?PR?_IIC_SENDBYTE?PCF8591
  +--> ?PR?IIC_WAITACK?PCF8591
  +--> ?PR?IIC_STOP?PCF8591
  +--> ?PR?_DELAY?PCF8591

?PR?IIC_WAITACK?PCF8591           -----    -----      -----    -----
  +--> ?PR?IIC_STOP?PCF8591

?PR?_DISPLAY?MAIN                 -----    -----      -----    -----
  +--> ?CO?MAIN

?PR?ADC_PCF8591?PCF8591           -----    -----      -----    -----
  +--> ?PR?IIC_START?PCF8591
  +--> ?PR?_IIC_SENDBYTE?PCF8591
  +--> ?PR?IIC_WAITACK?PCF8591
  +--> ?PR?IIC_RECBYTE?PCF8591
  +--> ?PR?IIC_ACK?PCF8591
  +--> ?PR?IIC_STOP?PCF8591

?PR?IIC_ACK?PCF8591               0020H.1  0000H.1    -----    -----



SYMBOL TABLE OF MODULE:  .\output\pcf8591 (MAIN)

  VALUE           TYPE          NAME
  ----------------------------------

  -------         MODULE        MAIN
  C:0000H         SYMBOL        _ICE_DUMMY_
  D:0080H         PUBLIC        P0
  D:0090H         PUBLIC        P1
  D:00A0H         PUBLIC        P2
  D:00B0H         PUBLIC        P3
  B:00A8H.7       PUBLIC        EA
  D:00A8H         PUBLIC        IE
  D:00B8H         PUBLIC        IP
  C:09E1H         PUBLIC        main
  C:09C6H         PUBLIC        init_pcf8591
  D:0098H         PUBLIC        SCON
  D:0089H         PUBLIC        TMOD
  D:0088H         PUBLIC        TCON
BL51 BANKED LINKER/LOCATER V6.22                                                      11/16/2013  16:58:24  PAGE 3


  C:0A35H         PUBLIC        init_t0
  D:0008H         PUBLIC        tflag1
  D:0009H         PUBLIC        tflag2
  B:0020H.0       PUBLIC        adcflag
  B:00A8H.1       PUBLIC        ET0
  D:008CH         PUBLIC        TH0
  D:008AH         PUBLIC        TL0
  C:0920H         PUBLIC        isr_t0
  B:0088H.4       PUBLIC        TR0
  D:000AH         PUBLIC        dspflag
  D:00C8H         PUBLIC        T2CON
  C:0A52H         PUBLIC        dsp_code_ca
  C:0800H         PUBLIC        _display
  D:00D0H         PUBLIC        PSW
  -------         PROC          MAIN
  -------         DO            
  D:000BH         SYMBOL        adcvalue
  -------         ENDDO         
  C:09E1H         LINE#         14
  C:09E1H         LINE#         15
  C:09E1H         LINE#         18
  C:09E4H         LINE#         19
  C:09E7H         LINE#         20
  C:09E7H         LINE#         21
  C:09E7H         LINE#         22
  C:09ECH         LINE#         23
  C:09EFH         LINE#         24
  C:09EFH         LINE#         25
  C:09F4H         LINE#         26
  C:09F6H         LINE#         27
  C:09F6H         LINE#         28
  -------         ENDPROC       MAIN
  -------         PROC          ISR_T0
  C:0920H         LINE#         31
  C:0924H         LINE#         33
  C:0926H         LINE#         34
  C:0928H         LINE#         35
  C:092DH         LINE#         36
  C:092DH         LINE#         37
  C:0930H         LINE#         38
  C:0932H         LINE#         39
  C:0937H         LINE#         40
  C:093AH         LINE#         41
  C:093AH         LINE#         42
  C:093FH         LINE#         43
  C:093FH         LINE#         44
  C:0942H         LINE#         45
  C:0944H         LINE#         46
  C:0944H         LINE#         47
  -------         ENDPROC       ISR_T0
  -------         PROC          INIT_T0
  C:0A35H         LINE#         49
  C:0A35H         LINE#         50
  C:0A35H         LINE#         51
  C:0A38H         LINE#         52
  C:0A3BH         LINE#         53
  C:0A3EH         LINE#         54
BL51 BANKED LINKER/LOCATER V6.22                                                      11/16/2013  16:58:24  PAGE 4


  C:0A40H         LINE#         55
  C:0A42H         LINE#         56
  C:0A44H         LINE#         57
  -------         ENDPROC       INIT_T0
  -------         PROC          INIT_PCF8591
  C:09C6H         LINE#         59
  C:09C6H         LINE#         60
  C:09C6H         LINE#         61
  C:09C9H         LINE#         62
  C:09CEH         LINE#         63
  C:09D1H         LINE#         64
  C:09D6H         LINE#         65
  C:09D9H         LINE#         66
  C:09DCH         LINE#         67
  -------         ENDPROC       INIT_PCF8591
  -------         PROC          _DISPLAY
  D:0007H         SYMBOL        d
  C:0800H         LINE#         70
  C:0800H         LINE#         71
  C:0800H         LINE#         72
  C:080AH         LINE#         73
  C:080AH         LINE#         74
  C:080DH         LINE#         75
  C:0810H         LINE#         76
  C:0813H         LINE#         78
  C:081EH         LINE#         79
  C:0821H         LINE#         80
  C:0824H         LINE#         81
  C:0827H         LINE#         82
  C:082AH         LINE#         83
  C:082DH         LINE#         84
  C:082DH         LINE#         85
  C:0839H         LINE#         86
  C:0839H         LINE#         87
  C:083CH         LINE#         88
  C:083FH         LINE#         89
  C:0842H         LINE#         91
  C:0853H         LINE#         92
  C:0856H         LINE#         93
  C:0859H         LINE#         94
  C:085CH         LINE#         95
  C:085FH         LINE#         96
  C:0862H         LINE#         97
  C:0862H         LINE#         98
  C:0868H         LINE#         99
  C:0868H         LINE#         100
  C:086BH         LINE#         101
  C:086EH         LINE#         102
  C:0871H         LINE#         104
  C:0884H         LINE#         105
  C:0887H         LINE#         106
  C:088AH         LINE#         107
  C:088DH         LINE#         108
  C:0890H         LINE#         109
  C:0893H         LINE#         110
  C:0893H         LINE#         111
  -------         ENDPROC       _DISPLAY
BL51 BANKED LINKER/LOCATER V6.22                                                      11/16/2013  16:58:24  PAGE 5


  -------         ENDMOD        MAIN

  -------         MODULE        PCF8591
  C:0000H         SYMBOL        _ICE_DUMMY_
  C:09AAH         PUBLIC        iic_waitack
  D:0090H         PUBLIC        P1
  D:00A0H         PUBLIC        P2
  D:00B0H         PUBLIC        P3
  C:098BH         PUBLIC        iic_recbyte
  D:00A8H         PUBLIC        IE
  C:0A23H         PUBLIC        _delay
  D:00B8H         PUBLIC        IP
  C:09F8H         PUBLIC        adc_pcf8591
  D:0098H         PUBLIC        SCON
  D:0088H         PUBLIC        TCON
  C:096CH         PUBLIC        iic_ack
  C:0A0FH         PUBLIC        iic_start
  B:00A0H.1       PUBLIC        SDA
  C:0A45H         PUBLIC        iic_stop
  B:00A0H.0       PUBLIC        SCL
  D:00C8H         PUBLIC        T2CON
  C:0949H         PUBLIC        _iic_sendbyte
  D:00D0H         PUBLIC        PSW
  -------         PROC          IIC_START
  C:0A0FH         LINE#         3
  C:0A0FH         LINE#         4
  C:0A0FH         LINE#         5
  C:0A11H         LINE#         6
  C:0A12H         LINE#         7
  C:0A14H         LINE#         8
  C:0A19H         LINE#         9
  C:0A1BH         LINE#         10
  C:0A20H         LINE#         11
  C:0A22H         LINE#         12
  -------         ENDPROC       IIC_START
  -------         PROC          IIC_STOP
  C:0A45H         LINE#         14
  C:0A45H         LINE#         15
  C:0A45H         LINE#         16
  C:0A47H         LINE#         17
  C:0A48H         LINE#         18
  C:0A4AH         LINE#         19
  C:0A4FH         LINE#         20
  C:0A51H         LINE#         21
  -------         ENDPROC       IIC_STOP
  -------         PROC          IIC_ACK
  B:0020H.1       SYMBOL        ackbit
  C:096CH         LINE#         23
  C:096CH         LINE#         24
  C:096CH         LINE#         25
  C:096FH         LINE#         26
  C:0973H         LINE#         28
  C:0975H         LINE#         29
  C:097AH         LINE#         30
  C:097CH         LINE#         31
  C:0981H         LINE#         32
  C:0983H         LINE#         33
BL51 BANKED LINKER/LOCATER V6.22                                                      11/16/2013  16:58:24  PAGE 6


  C:0985H         LINE#         34
  C:098AH         LINE#         35
  -------         ENDPROC       IIC_ACK
  -------         PROC          IIC_WAITACK
  C:09AAH         LINE#         37
  C:09AAH         LINE#         38
  C:09AAH         LINE#         39
  C:09ACH         LINE#         40
  C:09B1H         LINE#         41
  C:09B3H         LINE#         42
  C:09B8H         LINE#         43
  C:09BBH         LINE#         44
  C:09BBH         LINE#         45
  C:09BDH         LINE#         46
  C:09C0H         LINE#         47
  C:09C2H         LINE#         48
  C:09C2H         LINE#         50
  C:09C2H         LINE#         51
  C:09C4H         LINE#         52
  C:09C5H         LINE#         53
  C:09C5H         LINE#         54
  -------         ENDPROC       IIC_WAITACK
  -------         PROC          _IIC_SENDBYTE
  D:0007H         SYMBOL        byt
  -------         DO            
  D:0006H         SYMBOL        i
  -------         ENDDO         
  C:0949H         LINE#         56
  C:0949H         LINE#         57
  C:0949H         LINE#         59
  C:094BH         LINE#         60
  C:094BH         LINE#         61
  C:094FH         LINE#         62
  C:0953H         LINE#         64
  C:0955H         LINE#         65
  C:095AH         LINE#         66
  C:095CH         LINE#         67
  C:0960H         LINE#         68
  C:0965H         LINE#         69
  C:0967H         LINE#         70
  C:096BH         LINE#         71
  -------         ENDPROC       _IIC_SENDBYTE
  -------         PROC          IIC_RECBYTE
  -------         DO            
  D:0007H         SYMBOL        da
  D:0006H         SYMBOL        i
  -------         ENDDO         
  C:098BH         LINE#         73
  C:098BH         LINE#         74
  C:098BH         LINE#         77
  C:098DH         LINE#         78
  C:098DH         LINE#         79
  C:098FH         LINE#         80
  C:0994H         LINE#         81
  C:0998H         LINE#         82
  C:099BH         LINE#         83
  C:099EH         LINE#         84
BL51 BANKED LINKER/LOCATER V6.22                                                      11/16/2013  16:58:24  PAGE 7


  C:09A0H         LINE#         85
  C:09A5H         LINE#         86
  C:09A9H         LINE#         87
  C:09A9H         LINE#         88
  -------         ENDPROC       IIC_RECBYTE
  -------         PROC          _DELAY
  D:0007H         SYMBOL        t
  -------         DO            
  D:0006H         SYMBOL        i
  -------         ENDDO         
  C:0A23H         LINE#         90
  C:0A23H         LINE#         91
  C:0A23H         LINE#         93
  C:0A29H         LINE#         94
  C:0A29H         LINE#         95
  C:0A34H         LINE#         96
  C:0A34H         LINE#         97
  -------         ENDPROC       _DELAY
  -------         PROC          ADC_PCF8591
  -------         DO            
  D:0007H         SYMBOL        temp
  -------         ENDDO         
  C:09F8H         LINE#         99
  C:09F8H         LINE#         100
  C:09F8H         LINE#         103
  C:09FBH         LINE#         104
  C:0A00H         LINE#         105
  C:0A03H         LINE#         106
  C:0A06H         LINE#         107
  C:0A0BH         LINE#         108
  C:0A0EH         LINE#         110
  C:0A0EH         LINE#         111
  -------         ENDPROC       ADC_PCF8591
  -------         ENDMOD        PCF8591

******************************************************************************
* RESTRICTED VERSION WITH 0800H BYTE CODE SIZE LIMIT; USED: 01D5H BYTE (22%) *
******************************************************************************

Program Size: data=13.2 xdata=0 code=613
LINK/LOCATE RUN COMPLETE.  0 WARNING(S),  0 ERROR(S)
